Archive member included to satisfy reference by file (symbol)

c:/st/stm32cubeide_1.8.0/stm32cubeide/plugins/com.st.stm32cube.ide.mcu.externaltools.gnu-tools-for-stm32.10.3-2021.10.win32_1.0.0.202111181127/tools/bin/../lib/gcc/arm-none-eabi/10.3.1/../../../../arm-none-eabi/lib/thumb/v7e-m+dp/hard\libc_nano.a(lib_a-errno.o)
                              ./Core/Src/syscalls.o (__errno)
c:/st/stm32cubeide_1.8.0/stm32cubeide/plugins/com.st.stm32cube.ide.mcu.externaltools.gnu-tools-for-stm32.10.3-2021.10.win32_1.0.0.202111181127/tools/bin/../lib/gcc/arm-none-eabi/10.3.1/../../../../arm-none-eabi/lib/thumb/v7e-m+dp/hard\libc_nano.a(lib_a-exit.o)
                              c:/st/stm32cubeide_1.8.0/stm32cubeide/plugins/com.st.stm32cube.ide.mcu.externaltools.gnu-tools-for-stm32.10.3-2021.10.win32_1.0.0.202111181127/tools/bin/../lib/gcc/arm-none-eabi/10.3.1/../../../../arm-none-eabi/lib/thumb/v7e-m+dp/hard/crt0.o (exit)
c:/st/stm32cubeide_1.8.0/stm32cubeide/plugins/com.st.stm32cube.ide.mcu.externaltools.gnu-tools-for-stm32.10.3-2021.10.win32_1.0.0.202111181127/tools/bin/../lib/gcc/arm-none-eabi/10.3.1/../../../../arm-none-eabi/lib/thumb/v7e-m+dp/hard\libc_nano.a(lib_a-impure.o)
                              c:/st/stm32cubeide_1.8.0/stm32cubeide/plugins/com.st.stm32cube.ide.mcu.externaltools.gnu-tools-for-stm32.10.3-2021.10.win32_1.0.0.202111181127/tools/bin/../lib/gcc/arm-none-eabi/10.3.1/../../../../arm-none-eabi/lib/thumb/v7e-m+dp/hard\libc_nano.a(lib_a-exit.o) (_global_impure_ptr)
c:/st/stm32cubeide_1.8.0/stm32cubeide/plugins/com.st.stm32cube.ide.mcu.externaltools.gnu-tools-for-stm32.10.3-2021.10.win32_1.0.0.202111181127/tools/bin/../lib/gcc/arm-none-eabi/10.3.1/../../../../arm-none-eabi/lib/thumb/v7e-m+dp/hard\libc_nano.a(lib_a-init.o)
                              c:/st/stm32cubeide_1.8.0/stm32cubeide/plugins/com.st.stm32cube.ide.mcu.externaltools.gnu-tools-for-stm32.10.3-2021.10.win32_1.0.0.202111181127/tools/bin/../lib/gcc/arm-none-eabi/10.3.1/../../../../arm-none-eabi/lib/thumb/v7e-m+dp/hard/crt0.o (__libc_init_array)
c:/st/stm32cubeide_1.8.0/stm32cubeide/plugins/com.st.stm32cube.ide.mcu.externaltools.gnu-tools-for-stm32.10.3-2021.10.win32_1.0.0.202111181127/tools/bin/../lib/gcc/arm-none-eabi/10.3.1/../../../../arm-none-eabi/lib/thumb/v7e-m+dp/hard\libc_nano.a(lib_a-memcpy-stub.o)
                              ./Drivers/STM32H7xx_HAL_Driver/Src/stm32h7xx_hal_fdcan.o (memcpy)
c:/st/stm32cubeide_1.8.0/stm32cubeide/plugins/com.st.stm32cube.ide.mcu.externaltools.gnu-tools-for-stm32.10.3-2021.10.win32_1.0.0.202111181127/tools/bin/../lib/gcc/arm-none-eabi/10.3.1/../../../../arm-none-eabi/lib/thumb/v7e-m+dp/hard\libc_nano.a(lib_a-memset.o)
                              c:/st/stm32cubeide_1.8.0/stm32cubeide/plugins/com.st.stm32cube.ide.mcu.externaltools.gnu-tools-for-stm32.10.3-2021.10.win32_1.0.0.202111181127/tools/bin/../lib/gcc/arm-none-eabi/10.3.1/../../../../arm-none-eabi/lib/thumb/v7e-m+dp/hard/crt0.o (memset)

Discarded input sections

 .text          0x0000000000000000        0x0 c:/st/stm32cubeide_1.8.0/stm32cubeide/plugins/com.st.stm32cube.ide.mcu.externaltools.gnu-tools-for-stm32.10.3-2021.10.win32_1.0.0.202111181127/tools/bin/../lib/gcc/arm-none-eabi/10.3.1/thumb/v7e-m+dp/hard/crti.o
 .data          0x0000000000000000        0x0 c:/st/stm32cubeide_1.8.0/stm32cubeide/plugins/com.st.stm32cube.ide.mcu.externaltools.gnu-tools-for-stm32.10.3-2021.10.win32_1.0.0.202111181127/tools/bin/../lib/gcc/arm-none-eabi/10.3.1/thumb/v7e-m+dp/hard/crti.o
 .bss           0x0000000000000000        0x0 c:/st/stm32cubeide_1.8.0/stm32cubeide/plugins/com.st.stm32cube.ide.mcu.externaltools.gnu-tools-for-stm32.10.3-2021.10.win32_1.0.0.202111181127/tools/bin/../lib/gcc/arm-none-eabi/10.3.1/thumb/v7e-m+dp/hard/crti.o
 .data          0x0000000000000000        0x4 c:/st/stm32cubeide_1.8.0/stm32cubeide/plugins/com.st.stm32cube.ide.mcu.externaltools.gnu-tools-for-stm32.10.3-2021.10.win32_1.0.0.202111181127/tools/bin/../lib/gcc/arm-none-eabi/10.3.1/thumb/v7e-m+dp/hard/crtbegin.o
 .rodata        0x0000000000000000       0x24 c:/st/stm32cubeide_1.8.0/stm32cubeide/plugins/com.st.stm32cube.ide.mcu.externaltools.gnu-tools-for-stm32.10.3-2021.10.win32_1.0.0.202111181127/tools/bin/../lib/gcc/arm-none-eabi/10.3.1/thumb/v7e-m+dp/hard/crtbegin.o
 .text          0x0000000000000000       0x7c c:/st/stm32cubeide_1.8.0/stm32cubeide/plugins/com.st.stm32cube.ide.mcu.externaltools.gnu-tools-for-stm32.10.3-2021.10.win32_1.0.0.202111181127/tools/bin/../lib/gcc/arm-none-eabi/10.3.1/../../../../arm-none-eabi/lib/thumb/v7e-m+dp/hard/crt0.o
 .data          0x0000000000000000        0x0 c:/st/stm32cubeide_1.8.0/stm32cubeide/plugins/com.st.stm32cube.ide.mcu.externaltools.gnu-tools-for-stm32.10.3-2021.10.win32_1.0.0.202111181127/tools/bin/../lib/gcc/arm-none-eabi/10.3.1/../../../../arm-none-eabi/lib/thumb/v7e-m+dp/hard/crt0.o
[...]
Memory Configuration

Name             Origin             Length             Attributes
ITCMRAM          0x0000000000000000 0x0000000000010000 xrw
DTCMRAM          0x0000000020000000 0x0000000000020000 xrw
FLASH            0x0000000008000000 0x0000000000020000 xr
RAM_D1           0x0000000024000000 0x0000000000050000 xrw
RAM_D2           0x0000000030000000 0x0000000000008000 xrw
RAM_D3           0x0000000038000000 0x0000000000004000 xrw
*default*        0x0000000000000000 0xffffffffffffffff

Linker script and memory map

LOAD c:/st/stm32cubeide_1.8.0/stm32cubeide/plugins/com.st.stm32cube.ide.mcu.externaltools.gnu-tools-for-stm32.10.3-2021.10.win32_1.0.0.202111181127/tools/bin/../lib/gcc/arm-none-eabi/10.3.1/thumb/v7e-m+dp/hard/crti.o
LOAD c:/st/stm32cubeide_1.8.0/stm32cubeide/plugins/com.st.stm32cube.ide.mcu.externaltools.gnu-tools-for-stm32.10.3-2021.10.win32_1.0.0.202111181127/tools/bin/../lib/gcc/arm-none-eabi/10.3.1/thumb/v7e-m+dp/hard/crtbegin.o
LOAD c:/st/stm32cubeide_1.8.0/stm32cubeide/plugins/com.st.stm32cube.ide.mcu.externaltools.gnu-tools-for-stm32.10.3-2021.10.win32_1.0.0.202111181127/tools/bin/../lib/gcc/arm-none-eabi/10.3.1/../../../../arm-none-eabi/lib/thumb/v7e-m+dp/hard/crt0.o
LOAD ./Core/App/Bootloader.o
LOAD ./Core/App/FDCAN.o
LOAD ./Core/App/Flash.o
LOAD ./Core/Src/main.o
LOAD ./Core/Src/stm32h7xx_hal_msp.o
LOAD ./Core/Src/stm32h7xx_it.o
LOAD ./Core/Src/syscalls.o
LOAD ./Core/Src/sysmem.o
LOAD ./Core/Src/system_stm32h7xx.o
LOAD ./Core/Startup/startup_stm32h723zgtx.o
LOAD ./Drivers/STM32H7xx_HAL_Driver/Src/stm32h7xx_hal.o
LOAD ./Drivers/STM32H7xx_HAL_Driver/Src/stm32h7xx_hal_cortex.o
LOAD ./Drivers/STM32H7xx_HAL_Driver/Src/stm32h7xx_hal_dma.o
LOAD ./Drivers/STM32H7xx_HAL_Driver/Src/stm32h7xx_hal_dma_ex.o
LOAD ./Drivers/STM32H7xx_HAL_Driver/Src/stm32h7xx_hal_exti.o
LOAD ./Drivers/STM32H7xx_HAL_Driver/Src/stm32h7xx_hal_fdcan.o
LOAD ./Drivers/STM32H7xx_HAL_Driver/Src/stm32h7xx_hal_flash.o
LOAD ./Drivers/STM32H7xx_HAL_Driver/Src/stm32h7xx_hal_flash_ex.o
LOAD ./Drivers/STM32H7xx_HAL_Driver/Src/stm32h7xx_hal_gpio.o
LOAD ./Drivers/STM32H7xx_HAL_Driver/Src/stm32h7xx_hal_hsem.o
LOAD ./Drivers/STM32H7xx_HAL_Driver/Src/stm32h7xx_hal_i2c.o
LOAD ./Drivers/STM32H7xx_HAL_Driver/Src/stm32h7xx_hal_i2c_ex.o
LOAD ./Drivers/STM32H7xx_HAL_Driver/Src/stm32h7xx_hal_mdma.o
LOAD ./Drivers/STM32H7xx_HAL_Driver/Src/stm32h7xx_hal_pwr.o
LOAD ./Drivers/STM32H7xx_HAL_Driver/Src/stm32h7xx_hal_pwr_ex.o
LOAD ./Drivers/STM32H7xx_HAL_Driver/Src/stm32h7xx_hal_rcc.o
LOAD ./Drivers/STM32H7xx_HAL_Driver/Src/stm32h7xx_hal_rcc_ex.o
LOAD ./Drivers/STM32H7xx_HAL_Driver/Src/stm32h7xx_hal_tim.o
LOAD ./Drivers/STM32H7xx_HAL_Driver/Src/stm32h7xx_hal_tim_ex.o
START GROUP
LOAD c:/st/stm32cubeide_1.8.0/stm32cubeide/plugins/com.st.stm32cube.ide.mcu.externaltools.gnu-tools-for-stm32.10.3-2021.10.win32_1.0.0.202111181127/tools/bin/../lib/gcc/arm-none-eabi/10.3.1/../../../../arm-none-eabi/lib/thumb/v7e-m+dp/hard\libstdc++_nano.a
LOAD c:/st/stm32cubeide_1.8.0/stm32cubeide/plugins/com.st.stm32cube.ide.mcu.externaltools.gnu-tools-for-stm32.10.3-2021.10.win32_1.0.0.202111181127/tools/bin/../lib/gcc/arm-none-eabi/10.3.1/../../../../arm-none-eabi/lib/thumb/v7e-m+dp/hard\libsupc++_nano.a
END GROUP
LOAD c:/st/stm32cubeide_1.8.0/stm32cubeide/plugins/com.st.stm32cube.ide.mcu.externaltools.gnu-tools-for-stm32.10.3-2021.10.win32_1.0.0.202111181127/tools/bin/../lib/gcc/arm-none-eabi/10.3.1/../../../../arm-none-eabi/lib/thumb/v7e-m+dp/hard\libstdc++_nano.a
LOAD c:/st/stm32cubeide_1.8.0/stm32cubeide/plugins/com.st.stm32cube.ide.mcu.externaltools.gnu-tools-for-stm32.10.3-2021.10.win32_1.0.0.202111181127/tools/bin/../lib/gcc/arm-none-eabi/10.3.1/../../../../arm-none-eabi/lib/thumb/v7e-m+dp/hard\libm.a
LOAD c:/st/stm32cubeide_1.8.0/stm32cubeide/plugins/com.st.stm32cube.ide.mcu.externaltools.gnu-tools-for-stm32.10.3-2021.10.win32_1.0.0.202111181127/tools/bin/../lib/gcc/arm-none-eabi/10.3.1/../../../../arm-none-eabi/lib/thumb/v7e-m+dp/hard\libc_nano.a
START GROUP
LOAD c:/st/stm32cubeide_1.8.0/stm32cubeide/plugins/com.st.stm32cube.ide.mcu.externaltools.gnu-tools-for-stm32.10.3-2021.10.win32_1.0.0.202111181127/tools/bin/../lib/gcc/arm-none-eabi/10.3.1/thumb/v7e-m+dp/hard\libgcc.a
LOAD c:/st/stm32cubeide_1.8.0/stm32cubeide/plugins/com.st.stm32cube.ide.mcu.externaltools.gnu-tools-for-stm32.10.3-2021.10.win32_1.0.0.202111181127/tools/bin/../lib/gcc/arm-none-eabi/10.3.1/../../../../arm-none-eabi/lib/thumb/v7e-m+dp/hard\libc_nano.a
END GROUP
START GROUP
LOAD c:/st/stm32cubeide_1.8.0/stm32cubeide/plugins/com.st.stm32cube.ide.mcu.externaltools.gnu-tools-for-stm32.10.3-2021.10.win32_1.0.0.202111181127/tools/bin/../lib/gcc/arm-none-eabi/10.3.1/thumb/v7e-m+dp/hard\libgcc.a
LOAD c:/st/stm32cubeide_1.8.0/stm32cubeide/plugins/com.st.stm32cube.ide.mcu.externaltools.gnu-tools-for-stm32.10.3-2021.10.win32_1.0.0.202111181127/tools/bin/../lib/gcc/arm-none-eabi/10.3.1/../../../../arm-none-eabi/lib/thumb/v7e-m+dp/hard\libc_nano.a
LOAD c:/st/stm32cubeide_1.8.0/stm32cubeide/plugins/com.st.stm32cube.ide.mcu.externaltools.gnu-tools-for-stm32.10.3-2021.10.win32_1.0.0.202111181127/tools/bin/../lib/gcc/arm-none-eabi/10.3.1/../../../../arm-none-eabi/lib/thumb/v7e-m+dp/hard\libnosys.a
END GROUP
START GROUP
LOAD c:/st/stm32cubeide_1.8.0/stm32cubeide/plugins/com.st.stm32cube.ide.mcu.externaltools.gnu-tools-for-stm32.10.3-2021.10.win32_1.0.0.202111181127/tools/bin/../lib/gcc/arm-none-eabi/10.3.1/thumb/v7e-m+dp/hard\libgcc.a
LOAD c:/st/stm32cubeide_1.8.0/stm32cubeide/plugins/com.st.stm32cube.ide.mcu.externaltools.gnu-tools-for-stm32.10.3-2021.10.win32_1.0.0.202111181127/tools/bin/../lib/gcc/arm-none-eabi/10.3.1/../../../../arm-none-eabi/lib/thumb/v7e-m+dp/hard\libc_nano.a
LOAD c:/st/stm32cubeide_1.8.0/stm32cubeide/plugins/com.st.stm32cube.ide.mcu.externaltools.gnu-tools-for-stm32.10.3-2021.10.win32_1.0.0.202111181127/tools/bin/../lib/gcc/arm-none-eabi/10.3.1/../../../../arm-none-eabi/lib/thumb/v7e-m+dp/hard\libnosys.a
END GROUP
LOAD c:/st/stm32cubeide_1.8.0/stm32cubeide/plugins/com.st.stm32cube.ide.mcu.externaltools.gnu-tools-for-stm32.10.3-2021.10.win32_1.0.0.202111181127/tools/bin/../lib/gcc/arm-none-eabi/10.3.1/thumb/v7e-m+dp/hard/crtend.o
LOAD c:/st/stm32cubeide_1.8.0/stm32cubeide/plugins/com.st.stm32cube.ide.mcu.externaltools.gnu-tools-for-stm32.10.3-2021.10.win32_1.0.0.202111181127/tools/bin/../lib/gcc/arm-none-eabi/10.3.1/thumb/v7e-m+dp/hard/crtn.o
                0x0000000024050000                _estack = (ORIGIN (RAM_D1) + LENGTH (RAM_D1))
                0x0000000000000200                _Min_Heap_Size = 0x200
                0x0000000000000400                _Min_Stack_Size = 0x400

.isr_vector     0x0000000008000000      0x2cc
                0x0000000008000000                . = ALIGN (0x4)
 *(.isr_vector)
 .isr_vector    0x0000000008000000      0x2cc ./Core/Startup/startup_stm32h723zgtx.o
                0x0000000008000000                g_pfnVectors
                0x00000000080002cc                . = ALIGN (0x4)

.text           0x00000000080002cc     0x4180
                0x00000000080002cc                . = ALIGN (0x4)
 *(.text)
 .text          0x00000000080002cc       0x40 c:/st/stm32cubeide_1.8.0/stm32cubeide/plugins/com.st.stm32cube.ide.mcu.externaltools.gnu-tools-for-stm32.10.3-2021.10.win32_1.0.0.202111181127/tools/bin/../lib/gcc/arm-none-eabi/10.3.1/thumb/v7e-m+dp/hard/crtbegin.o
 *(.text*)
 .text.bootloader_start
                0x000000000800030c       0x84 ./Core/App/Bootloader.o
                0x000000000800030c                bootloader_start
 .text.__b_get_version
                0x0000000008000390       0x3a ./Core/App/Bootloader.o
                0x0000000008000390                __b_get_version
 *fill*         0x00000000080003ca        0x2 
 .text.__b_read_memory
                0x00000000080003cc      0x11c ./Core/App/Bootloader.o
                0x00000000080003cc                __b_read_memory
 .text.__b_write_memory
                0x00000000080004e8       0x14 ./Core/App/Bootloader.o
                0x00000000080004e8                __b_write_memory
 .text.__b_erase_memory
                0x00000000080004fc       0x4e ./Core/App/Bootloader.o
                0x00000000080004fc                __b_erase_memory
 .text.__b_go   0x000000000800054a       0x14 ./Core/App/Bootloader.o
                0x000000000800054a                __b_go
 .text.__b_data_copy_to_packet
                0x000000000800055e       0x3c ./Core/App/Bootloader.o
                0x000000000800055e                __b_data_copy_to_packet
 .text.__b_send_ack
                0x000000000800059a       0x22 ./Core/App/Bootloader.o
                0x000000000800059a                __b_send_ack
 .text.__b_send_nack
                0x00000000080005bc       0x22 ./Core/App/Bootloader.o
                0x00000000080005bc                __b_send_nack
 .text.__b_clean_fdcan_packet_data
                0x00000000080005de       0x32 ./Core/App/Bootloader.o
                0x00000000080005de                __b_clean_fdcan_packet_data
 .text.__b_clean_fdcan_packet_all
                0x0000000008000610       0x36 ./Core/App/Bootloader.o
                0x0000000008000610                __b_clean_fdcan_packet_all
 .text.__b_wait_until_fdcan_message_received
                0x0000000008000646       0x16 ./Core/App/Bootloader.o
                0x0000000008000646                __b_wait_until_fdcan_message_received
 .text.fdcan_transmit
                0x000000000800065c       0x74 ./Core/App/FDCAN.o
                0x000000000800065c                fdcan_transmit
 .text.fdcan_read
                0x00000000080006d0       0x34 ./Core/App/FDCAN.o
                0x00000000080006d0                fdcan_read
 .text.fdcan_test
                0x0000000008000704       0x28 ./Core/App/FDCAN.o
                0x0000000008000704                fdcan_test
 .text.flash_read
                0x000000000800072c       0x60 ./Core/App/Flash.o
                0x000000000800072c                flash_read
 .text.flash_erase
                0x000000000800078c       0x70 ./Core/App/Flash.o
                0x000000000800078c                flash_erase
 .text.flash_get_sector_starting_address
                0x00000000080007fc       0x98 ./Core/App/Flash.o
                0x00000000080007fc                flash_get_sector_starting_address
 .text.main     0x0000000008000894       0x30 ./Core/Src/main.o
                0x0000000008000894                main
 .text.SystemClock_Config
                0x00000000080008c4       0xf0 ./Core/Src/main.o
                0x00000000080008c4                SystemClock_Config
 .text.MX_FDCAN1_Init
                0x00000000080009b4       0xcc ./Core/Src/main.o
 .text.MX_GPIO_Init
                0x0000000008000a80      0x104 ./Core/Src/main.o
 .text.Error_Handler
                0x0000000008000b84       0x34 ./Core/Src/main.o
                0x0000000008000b84                Error_Handler
 .text.HAL_MspInit
                0x0000000008000bb8       0x34 ./Core/Src/stm32h7xx_hal_msp.o
                0x0000000008000bb8                HAL_MspInit
 .text.HAL_FDCAN_MspInit
                0x0000000008000bec       0xec ./Core/Src/stm32h7xx_hal_msp.o
                0x0000000008000bec                HAL_FDCAN_MspInit
 .text.NMI_Handler
                0x0000000008000cd8        0x6 ./Core/Src/stm32h7xx_it.o
                0x0000000008000cd8                NMI_Handler
 *fill*         0x0000000008000cde        0x2 
 .text.HardFault_Handler
                0x0000000008000ce0       0x14 ./Core/Src/stm32h7xx_it.o
                0x0000000008000ce0                HardFault_Handler
 .text.MemManage_Handler
                0x0000000008000cf4        0x6 ./Core/Src/stm32h7xx_it.o
                0x0000000008000cf4                MemManage_Handler
 .text.BusFault_Handler
                0x0000000008000cfa        0x6 ./Core/Src/stm32h7xx_it.o
                0x0000000008000cfa                BusFault_Handler
 .text.UsageFault_Handler
                0x0000000008000d00        0x6 ./Core/Src/stm32h7xx_it.o
                0x0000000008000d00                UsageFault_Handler
 .text.SVC_Handler
                0x0000000008000d06        0xe ./Core/Src/stm32h7xx_it.o
                0x0000000008000d06                SVC_Handler
 .text.DebugMon_Handler
                0x0000000008000d14        0xe ./Core/Src/stm32h7xx_it.o
                0x0000000008000d14                DebugMon_Handler
 .text.PendSV_Handler
                0x0000000008000d22        0xe ./Core/Src/stm32h7xx_it.o
                0x0000000008000d22                PendSV_Handler
 .text.SysTick_Handler
                0x0000000008000d30        0xc ./Core/Src/stm32h7xx_it.o
                0x0000000008000d30                SysTick_Handler
 .text.SystemInit
                0x0000000008000d3c       0xf0 ./Core/Src/system_stm32h7xx.o
                0x0000000008000d3c                SystemInit
 .text.Reset_Handler
                0x0000000008000e2c       0x50 ./Core/Startup/startup_stm32h723zgtx.o
                0x0000000008000e2c                Reset_Handler
 .text.Default_Handler
                0x0000000008000e7c        0x2 ./Core/Startup/startup_stm32h723zgtx.o
                0x0000000008000e7c                RTC_Alarm_IRQHandler
                0x0000000008000e7c                EXTI2_IRQHandler
                0x0000000008000e7c                TIM8_CC_IRQHandler
                0x0000000008000e7c                UART8_IRQHandler
                0x0000000008000e7c                SPI4_IRQHandler
                0x0000000008000e7c                FDCAN3_IT0_IRQHandler
                0x0000000008000e7c                TIM1_CC_IRQHandler
                0x0000000008000e7c                BDMA_Channel6_IRQHandler
                0x0000000008000e7c                DMA2_Stream5_IRQHandler
                0x0000000008000e7c                DMA1_Stream5_IRQHandler
                0x0000000008000e7c                CORDIC_IRQHandler
                0x0000000008000e7c                BDMA_Channel1_IRQHandler
                0x0000000008000e7c                TAMP_STAMP_IRQHandler
                0x0000000008000e7c                EXTI3_IRQHandler
                0x0000000008000e7c                LPTIM4_IRQHandler
                0x0000000008000e7c                TIM8_TRG_COM_TIM14_IRQHandler
                0x0000000008000e7c                LPTIM2_IRQHandler
                0x0000000008000e7c                DFSDM1_FLT1_IRQHandler
                0x0000000008000e7c                DMAMUX2_OVR_IRQHandler
                0x0000000008000e7c                TIM8_UP_TIM13_IRQHandler
                0x0000000008000e7c                I2C3_ER_IRQHandler
                0x0000000008000e7c                DFSDM1_FLT2_IRQHandler
                0x0000000008000e7c                I2C5_EV_IRQHandler
                0x0000000008000e7c                USART10_IRQHandler
                0x0000000008000e7c                MDMA_IRQHandler
                0x0000000008000e7c                LPTIM3_IRQHandler
                0x0000000008000e7c                HSEM1_IRQHandler
                0x0000000008000e7c                EXTI0_IRQHandler
                0x0000000008000e7c                I2C2_EV_IRQHandler
                0x0000000008000e7c                DMA1_Stream2_IRQHandler
                0x0000000008000e7c                FPU_IRQHandler
                0x0000000008000e7c                OTG_HS_WKUP_IRQHandler
                0x0000000008000e7c                FDCAN1_IT1_IRQHandler
                0x0000000008000e7c                LTDC_ER_IRQHandler
                0x0000000008000e7c                DMA2_Stream2_IRQHandler
                0x0000000008000e7c                SPI1_IRQHandler
                0x0000000008000e7c                OCTOSPI1_IRQHandler
                0x0000000008000e7c                TIM6_DAC_IRQHandler
                0x0000000008000e7c                DMA2_Stream3_IRQHandler
                0x0000000008000e7c                OCTOSPI2_IRQHandler
                0x0000000008000e7c                DFSDM1_FLT3_IRQHandler
                0x0000000008000e7c                TIM23_IRQHandler
                0x0000000008000e7c                USART6_IRQHandler
                0x0000000008000e7c                TIM17_IRQHandler
                0x0000000008000e7c                USART3_IRQHandler
                0x0000000008000e7c                BDMA_Channel7_IRQHandler
                0x0000000008000e7c                LPTIM5_IRQHandler
                0x0000000008000e7c                UART5_IRQHandler
                0x0000000008000e7c                ADC3_IRQHandler
                0x0000000008000e7c                DMA2_Stream0_IRQHandler
                0x0000000008000e7c                TIM4_IRQHandler
                0x0000000008000e7c                BDMA_Channel2_IRQHandler
                0x0000000008000e7c                I2C1_EV_IRQHandler
                0x0000000008000e7c                DMA1_Stream6_IRQHandler
                0x0000000008000e7c                DMAMUX1_OVR_IRQHandler
                0x0000000008000e7c                DMA1_Stream1_IRQHandler
                0x0000000008000e7c                TIM16_IRQHandler
                0x0000000008000e7c                UART4_IRQHandler
                0x0000000008000e7c                BDMA_Channel5_IRQHandler
                0x0000000008000e7c                TIM3_IRQHandler
                0x0000000008000e7c                RCC_IRQHandler
                0x0000000008000e7c                UART9_IRQHandler
                0x0000000008000e7c                TIM8_BRK_TIM12_IRQHandler
                0x0000000008000e7c                TIM1_TRG_COM_IRQHandler
                0x0000000008000e7c                Default_Handler
                0x0000000008000e7c                ECC_IRQHandler
                0x0000000008000e7c                FMAC_IRQHandler
                0x0000000008000e7c                CEC_IRQHandler
                0x0000000008000e7c                EXTI15_10_IRQHandler
                0x0000000008000e7c                BDMA_Channel0_IRQHandler
                0x0000000008000e7c                ADC_IRQHandler
                0x0000000008000e7c                I2C5_ER_IRQHandler
                0x0000000008000e7c                DMA1_Stream7_IRQHandler
                0x0000000008000e7c                SPI5_IRQHandler
                0x0000000008000e7c                TIM7_IRQHandler
                0x0000000008000e7c                FDCAN3_IT1_IRQHandler
                0x0000000008000e7c                SDMMC1_IRQHandler
                0x0000000008000e7c                TIM5_IRQHandler
                0x0000000008000e7c                DMA2_Stream7_IRQHandler
                0x0000000008000e7c                TIM15_IRQHandler
                0x0000000008000e7c                PVD_AVD_IRQHandler
                0x0000000008000e7c                I2C3_EV_IRQHandler
                0x0000000008000e7c                EXTI9_5_IRQHandler
                0x0000000008000e7c                RTC_WKUP_IRQHandler
                0x0000000008000e7c                LTDC_IRQHandler
                0x0000000008000e7c                ETH_WKUP_IRQHandler
                0x0000000008000e7c                SPDIF_RX_IRQHandler
                0x0000000008000e7c                SPI2_IRQHandler
                0x0000000008000e7c                OTG_HS_EP1_IN_IRQHandler
                0x0000000008000e7c                DMA1_Stream0_IRQHandler
                0x0000000008000e7c                TIM24_IRQHandler
                0x0000000008000e7c                CRS_IRQHandler
                0x0000000008000e7c                EXTI4_IRQHandler
                0x0000000008000e7c                RNG_IRQHandler
                0x0000000008000e7c                FDCAN2_IT1_IRQHandler
                0x0000000008000e7c                ETH_IRQHandler
                0x0000000008000e7c                TIM1_UP_IRQHandler
                0x0000000008000e7c                BDMA_Channel4_IRQHandler
                0x0000000008000e7c                OTG_HS_EP1_OUT_IRQHandler
                0x0000000008000e7c                WWDG_IRQHandler
                0x0000000008000e7c                SPI6_IRQHandler
                0x0000000008000e7c                MDIOS_IRQHandler
                0x0000000008000e7c                I2C4_EV_IRQHandler
                0x0000000008000e7c                FDCAN2_IT0_IRQHandler
                0x0000000008000e7c                LPUART1_IRQHandler
                0x0000000008000e7c                FDCAN1_IT0_IRQHandler
                0x0000000008000e7c                TIM2_IRQHandler
                0x0000000008000e7c                OTG_HS_IRQHandler
                0x0000000008000e7c                DMA2D_IRQHandler
                0x0000000008000e7c                TIM1_BRK_IRQHandler
                0x0000000008000e7c                EXTI1_IRQHandler
                0x0000000008000e7c                SDMMC2_IRQHandler
                0x0000000008000e7c                BDMA_Channel3_IRQHandler
                0x0000000008000e7c                DTS_IRQHandler
                0x0000000008000e7c                UART7_IRQHandler
                0x0000000008000e7c                MDIOS_WKUP_IRQHandler
                0x0000000008000e7c                USART2_IRQHandler
                0x0000000008000e7c                DFSDM1_FLT0_IRQHandler
                0x0000000008000e7c                SAI4_IRQHandler
                0x0000000008000e7c                I2C2_ER_IRQHandler
                0x0000000008000e7c                DMA2_Stream1_IRQHandler
                0x0000000008000e7c                FLASH_IRQHandler
                0x0000000008000e7c                DMA2_Stream4_IRQHandler
                0x0000000008000e7c                USART1_IRQHandler
                0x0000000008000e7c                SPI3_IRQHandler
                0x0000000008000e7c                WAKEUP_PIN_IRQHandler
                0x0000000008000e7c                DMA1_Stream4_IRQHandler
                0x0000000008000e7c                I2C1_ER_IRQHandler
                0x0000000008000e7c                FMC_IRQHandler
                0x0000000008000e7c                FDCAN_CAL_IRQHandler
                0x0000000008000e7c                SWPMI1_IRQHandler
                0x0000000008000e7c                COMP1_IRQHandler
                0x0000000008000e7c                LPTIM1_IRQHandler
                0x0000000008000e7c                DCMI_PSSI_IRQHandler
                0x0000000008000e7c                I2C4_ER_IRQHandler
                0x0000000008000e7c                DMA2_Stream6_IRQHandler
                0x0000000008000e7c                SAI1_IRQHandler
                0x0000000008000e7c                DMA1_Stream3_IRQHandler
 *fill*         0x0000000008000e7e        0x2 
 .text.HAL_Init
                0x0000000008000e80       0x78 ./Drivers/STM32H7xx_HAL_Driver/Src/stm32h7xx_hal.o
                0x0000000008000e80                HAL_Init
 .text.HAL_InitTick
                0x0000000008000ef8       0x6c ./Drivers/STM32H7xx_HAL_Driver/Src/stm32h7xx_hal.o
                0x0000000008000ef8                HAL_InitTick
 .text.HAL_IncTick
                0x0000000008000f64       0x28 ./Drivers/STM32H7xx_HAL_Driver/Src/stm32h7xx_hal.o
                0x0000000008000f64                HAL_IncTick
 .text.HAL_GetTick
                0x0000000008000f8c       0x18 ./Drivers/STM32H7xx_HAL_Driver/Src/stm32h7xx_hal.o
                0x0000000008000f8c                HAL_GetTick
 .text.HAL_Delay
                0x0000000008000fa4       0x48 ./Drivers/STM32H7xx_HAL_Driver/Src/stm32h7xx_hal.o
                0x0000000008000fa4                HAL_Delay
 .text.__NVIC_SetPriorityGrouping
                0x0000000008000fec       0x48 ./Drivers/STM32H7xx_HAL_Driver/Src/stm32h7xx_hal_cortex.o
 .text.__NVIC_GetPriorityGrouping
                0x0000000008001034       0x1c ./Drivers/STM32H7xx_HAL_Driver/Src/stm32h7xx_hal_cortex.o
 .text.__NVIC_SetPriority
                0x0000000008001050       0x54 ./Drivers/STM32H7xx_HAL_Driver/Src/stm32h7xx_hal_cortex.o
 .text.NVIC_EncodePriority
                0x00000000080010a4       0x66 ./Drivers/STM32H7xx_HAL_Driver/Src/stm32h7xx_hal_cortex.o
 *fill*         0x000000000800110a        0x2 
 .text.SysTick_Config
                0x000000000800110c       0x44 ./Drivers/STM32H7xx_HAL_Driver/Src/stm32h7xx_hal_cortex.o
 .text.HAL_NVIC_SetPriorityGrouping
                0x0000000008001150       0x16 ./Drivers/STM32H7xx_HAL_Driver/Src/stm32h7xx_hal_cortex.o
                0x0000000008001150                HAL_NVIC_SetPriorityGrouping
 .text.HAL_NVIC_SetPriority
                0x0000000008001166       0x34 ./Drivers/STM32H7xx_HAL_Driver/Src/stm32h7xx_hal_cortex.o
                0x0000000008001166                HAL_NVIC_SetPriority
 .text.HAL_SYSTICK_Config
                0x000000000800119a       0x18 ./Drivers/STM32H7xx_HAL_Driver/Src/stm32h7xx_hal_cortex.o
                0x000000000800119a                HAL_SYSTICK_Config
 *fill*         0x00000000080011b2        0x2 
 .text.HAL_FDCAN_Init
                0x00000000080011b4      0x3bc ./Drivers/STM32H7xx_HAL_Driver/Src/stm32h7xx_hal_fdcan.o
                0x00000000080011b4                HAL_FDCAN_Init
 .text.HAL_FDCAN_Start
                0x0000000008001570       0x56 ./Drivers/STM32H7xx_HAL_Driver/Src/stm32h7xx_hal_fdcan.o
                0x0000000008001570                HAL_FDCAN_Start
 .text.HAL_FDCAN_AddMessageToTxFifoQ
                0x00000000080015c6       0xb6 ./Drivers/STM32H7xx_HAL_Driver/Src/stm32h7xx_hal_fdcan.o
                0x00000000080015c6                HAL_FDCAN_AddMessageToTxFifoQ
 .text.HAL_FDCAN_GetRxMessage
                0x000000000800167c      0x2dc ./Drivers/STM32H7xx_HAL_Driver/Src/stm32h7xx_hal_fdcan.o
                0x000000000800167c                HAL_FDCAN_GetRxMessage
 .text.HAL_FDCAN_ActivateNotification
                0x0000000008001958       0xf4 ./Drivers/STM32H7xx_HAL_Driver/Src/stm32h7xx_hal_fdcan.o
                0x0000000008001958                HAL_FDCAN_ActivateNotification
 .text.FDCAN_CalcultateRamBlockAddresses
                0x0000000008001a4c      0x30c ./Drivers/STM32H7xx_HAL_Driver/Src/stm32h7xx_hal_fdcan.o
 .text.FDCAN_CopyMessageToRAM
                0x0000000008001d58       0xfc ./Drivers/STM32H7xx_HAL_Driver/Src/stm32h7xx_hal_fdcan.o
 .text.HAL_FLASH_Unlock
                0x0000000008001e54       0x44 ./Drivers/STM32H7xx_HAL_Driver/Src/stm32h7xx_hal_flash.o
                0x0000000008001e54                HAL_FLASH_Unlock
 .text.HAL_FLASH_Lock
                0x0000000008001e98       0x30 ./Drivers/STM32H7xx_HAL_Driver/Src/stm32h7xx_hal_flash.o
                0x0000000008001e98                HAL_FLASH_Lock
 .text.FLASH_WaitForLastOperation
                0x0000000008001ec8       0xac ./Drivers/STM32H7xx_HAL_Driver/Src/stm32h7xx_hal_flash.o
                0x0000000008001ec8                FLASH_WaitForLastOperation
 .text.HAL_FLASHEx_Erase
                0x0000000008001f74      0x118 ./Drivers/STM32H7xx_HAL_Driver/Src/stm32h7xx_hal_flash_ex.o
                0x0000000008001f74                HAL_FLASHEx_Erase
 .text.FLASH_MassErase
                0x000000000800208c       0x48 ./Drivers/STM32H7xx_HAL_Driver/Src/stm32h7xx_hal_flash_ex.o
 .text.FLASH_Erase_Sector
                0x00000000080020d4       0x48 ./Drivers/STM32H7xx_HAL_Driver/Src/stm32h7xx_hal_flash_ex.o
                0x00000000080020d4                FLASH_Erase_Sector
 .text.HAL_GPIO_Init
                0x000000000800211c      0x350 ./Drivers/STM32H7xx_HAL_Driver/Src/stm32h7xx_hal_gpio.o
                0x000000000800211c                HAL_GPIO_Init
 .text.HAL_GPIO_WritePin
                0x000000000800246c       0x32 ./Drivers/STM32H7xx_HAL_Driver/Src/stm32h7xx_hal_gpio.o
                0x000000000800246c                HAL_GPIO_WritePin
 .text.HAL_GPIO_TogglePin
                0x000000000800249e       0x34 ./Drivers/STM32H7xx_HAL_Driver/Src/stm32h7xx_hal_gpio.o
                0x000000000800249e                HAL_GPIO_TogglePin
 *fill*         0x00000000080024d2        0x2 
 .text.HAL_PWREx_ConfigSupply
                0x00000000080024d4       0x74 ./Drivers/STM32H7xx_HAL_Driver/Src/stm32h7xx_hal_pwr_ex.o
                0x00000000080024d4                HAL_PWREx_ConfigSupply
 .text.HAL_RCC_OscConfig
                0x0000000008002548      0x75c ./Drivers/STM32H7xx_HAL_Driver/Src/stm32h7xx_hal_rcc.o
                0x0000000008002548                HAL_RCC_OscConfig
 .text.HAL_RCC_ClockConfig
                0x0000000008002ca4      0x36c ./Drivers/STM32H7xx_HAL_Driver/Src/stm32h7xx_hal_rcc.o
                0x0000000008002ca4                HAL_RCC_ClockConfig
 .text.HAL_RCC_GetSysClockFreq
                0x0000000008003010      0x2f4 ./Drivers/STM32H7xx_HAL_Driver/Src/stm32h7xx_hal_rcc.o
                0x0000000008003010                HAL_RCC_GetSysClockFreq
 .text.HAL_RCCEx_PeriphCLKConfig
                0x0000000008003304      0xdf4 ./Drivers/STM32H7xx_HAL_Driver/Src/stm32h7xx_hal_rcc_ex.o
                0x0000000008003304                HAL_RCCEx_PeriphCLKConfig
 .text.RCCEx_PLL2_Config
                0x00000000080040f8      0x164 ./Drivers/STM32H7xx_HAL_Driver/Src/stm32h7xx_hal_rcc_ex.o
 .text.RCCEx_PLL3_Config
                0x000000000800425c      0x164 ./Drivers/STM32H7xx_HAL_Driver/Src/stm32h7xx_hal_rcc_ex.o
 .text.__libc_init_array
                0x00000000080043c0       0x48 c:/st/stm32cubeide_1.8.0/stm32cubeide/plugins/com.st.stm32cube.ide.mcu.externaltools.gnu-tools-for-stm32.10.3-2021.10.win32_1.0.0.202111181127/tools/bin/../lib/gcc/arm-none-eabi/10.3.1/../../../../arm-none-eabi/lib/thumb/v7e-m+dp/hard\libc_nano.a(lib_a-init.o)
                0x00000000080043c0                __libc_init_array
 .text.memcpy   0x0000000008004408       0x1c c:/st/stm32cubeide_1.8.0/stm32cubeide/plugins/com.st.stm32cube.ide.mcu.externaltools.gnu-tools-for-stm32.10.3-2021.10.win32_1.0.0.202111181127/tools/bin/../lib/gcc/arm-none-eabi/10.3.1/../../../../arm-none-eabi/lib/thumb/v7e-m+dp/hard\libc_nano.a(lib_a-memcpy-stub.o)
                0x0000000008004408                memcpy
 .text.memset   0x0000000008004424       0x10 c:/st/stm32cubeide_1.8.0/stm32cubeide/plugins/com.st.stm32cube.ide.mcu.externaltools.gnu-tools-for-stm32.10.3-2021.10.win32_1.0.0.202111181127/tools/bin/../lib/gcc/arm-none-eabi/10.3.1/../../../../arm-none-eabi/lib/thumb/v7e-m+dp/hard\libc_nano.a(lib_a-memset.o)
                0x0000000008004424                memset
 *(.glue_7)
 .glue_7        0x0000000008004434        0x0 linker stubs
 *(.glue_7t)
 .glue_7t       0x0000000008004434        0x0 linker stubs
 *(.eh_frame)
 .eh_frame      0x0000000008004434        0x0 c:/st/stm32cubeide_1.8.0/stm32cubeide/plugins/com.st.stm32cube.ide.mcu.externaltools.gnu-tools-for-stm32.10.3-2021.10.win32_1.0.0.202111181127/tools/bin/../lib/gcc/arm-none-eabi/10.3.1/thumb/v7e-m+dp/hard/crtbegin.o
 *(.init)
 .init          0x0000000008004434        0x4 c:/st/stm32cubeide_1.8.0/stm32cubeide/plugins/com.st.stm32cube.ide.mcu.externaltools.gnu-tools-for-stm32.10.3-2021.10.win32_1.0.0.202111181127/tools/bin/../lib/gcc/arm-none-eabi/10.3.1/thumb/v7e-m+dp/hard/crti.o
                0x0000000008004434                _init
 .init          0x0000000008004438        0x8 c:/st/stm32cubeide_1.8.0/stm32cubeide/plugins/com.st.stm32cube.ide.mcu.externaltools.gnu-tools-for-stm32.10.3-2021.10.win32_1.0.0.202111181127/tools/bin/../lib/gcc/arm-none-eabi/10.3.1/thumb/v7e-m+dp/hard/crtn.o
 *(.fini)
 .fini          0x0000000008004440        0x4 c:/st/stm32cubeide_1.8.0/stm32cubeide/plugins/com.st.stm32cube.ide.mcu.externaltools.gnu-tools-for-stm32.10.3-2021.10.win32_1.0.0.202111181127/tools/bin/../lib/gcc/arm-none-eabi/10.3.1/thumb/v7e-m+dp/hard/crti.o
                0x0000000008004440                _fini
 .fini          0x0000000008004444        0x8 c:/st/stm32cubeide_1.8.0/stm32cubeide/plugins/com.st.stm32cube.ide.mcu.externaltools.gnu-tools-for-stm32.10.3-2021.10.win32_1.0.0.202111181127/tools/bin/../lib/gcc/arm-none-eabi/10.3.1/thumb/v7e-m+dp/hard/crtn.o
                0x000000000800444c                . = ALIGN (0x4)
                0x000000000800444c                _etext = .

.vfp11_veneer   0x000000000800444c        0x0
 .vfp11_veneer  0x000000000800444c        0x0 linker stubs

.v4_bx          0x000000000800444c        0x0
 .v4_bx         0x000000000800444c        0x0 linker stubs

.iplt           0x000000000800444c        0x0
 .iplt          0x000000000800444c        0x0 c:/st/stm32cubeide_1.8.0/stm32cubeide/plugins/com.st.stm32cube.ide.mcu.externaltools.gnu-tools-for-stm32.10.3-2021.10.win32_1.0.0.202111181127/tools/bin/../lib/gcc/arm-none-eabi/10.3.1/thumb/v7e-m+dp/hard/crtbegin.o

.rodata         0x000000000800444c       0x6c
                0x000000000800444c                . = ALIGN (0x4)
 *(.rodata)
 .rodata        0x000000000800444c       0x4c ./Drivers/STM32H7xx_HAL_Driver/Src/stm32h7xx_hal_fdcan.o
 *(.rodata*)
 .rodata.D1CorePrescTable
                0x0000000008004498       0x10 ./Core/Src/system_stm32h7xx.o
                0x0000000008004498                D1CorePrescTable
 .rodata.DLCtoBytes
                0x00000000080044a8       0x10 ./Drivers/STM32H7xx_HAL_Driver/Src/stm32h7xx_hal_fdcan.o
                0x00000000080044b8                . = ALIGN (0x4)

.rel.dyn        0x00000000080044b8        0x0
 .rel.iplt      0x00000000080044b8        0x0 c:/st/stm32cubeide_1.8.0/stm32cubeide/plugins/com.st.stm32cube.ide.mcu.externaltools.gnu-tools-for-stm32.10.3-2021.10.win32_1.0.0.202111181127/tools/bin/../lib/gcc/arm-none-eabi/10.3.1/thumb/v7e-m+dp/hard/crtbegin.o

.ARM.extab
 *(.ARM.extab* .gnu.linkonce.armextab.*)

.ARM            0x00000000080044b8        0x0
                0x00000000080044b8                __exidx_start = .
 *(.ARM.exidx*)
                0x00000000080044b8                __exidx_end = .

.preinit_array  0x00000000080044b8        0x0
                0x00000000080044b8                PROVIDE (__preinit_array_start = .)
 *(.preinit_array*)
                0x00000000080044b8                PROVIDE (__preinit_array_end = .)

.init_array     0x00000000080044b8        0x4
                0x00000000080044b8                PROVIDE (__init_array_start = .)
 *(SORT_BY_NAME(.init_array.*))
 *(.init_array*)
 .init_array    0x00000000080044b8        0x4 c:/st/stm32cubeide_1.8.0/stm32cubeide/plugins/com.st.stm32cube.ide.mcu.externaltools.gnu-tools-for-stm32.10.3-2021.10.win32_1.0.0.202111181127/tools/bin/../lib/gcc/arm-none-eabi/10.3.1/thumb/v7e-m+dp/hard/crtbegin.o
                0x00000000080044bc                PROVIDE (__init_array_end = .)

.fini_array     0x00000000080044bc        0x4
                [!provide]                        PROVIDE (__fini_array_start = .)
 *(SORT_BY_NAME(.fini_array.*))
 *(.fini_array*)
 .fini_array    0x00000000080044bc        0x4 c:/st/stm32cubeide_1.8.0/stm32cubeide/plugins/com.st.stm32cube.ide.mcu.externaltools.gnu-tools-for-stm32.10.3-2021.10.win32_1.0.0.202111181127/tools/bin/../lib/gcc/arm-none-eabi/10.3.1/thumb/v7e-m+dp/hard/crtbegin.o
                [!provide]                        PROVIDE (__fini_array_end = .)
                0x00000000080044c0                _sidata = LOADADDR (.data)

.data           0x0000000024000000       0x10 load address 0x00000000080044c0
                0x0000000024000000                . = ALIGN (0x4)
                0x0000000024000000                _sdata = .
 *(.data)
 *(.data*)
 .data.SystemCoreClock
                0x0000000024000000        0x4 ./Core/Src/system_stm32h7xx.o
                0x0000000024000000                SystemCoreClock
 .data.SystemD2Clock
                0x0000000024000004        0x4 ./Core/Src/system_stm32h7xx.o
                0x0000000024000004                SystemD2Clock
 .data.uwTickPrio
                0x0000000024000008        0x4 ./Drivers/STM32H7xx_HAL_Driver/Src/stm32h7xx_hal.o
                0x0000000024000008                uwTickPrio
 .data.uwTickFreq
                0x000000002400000c        0x1 ./Drivers/STM32H7xx_HAL_Driver/Src/stm32h7xx_hal.o
                0x000000002400000c                uwTickFreq
 *(.RamFunc)
 *(.RamFunc*)
                0x0000000024000010                . = ALIGN (0x4)
 *fill*         0x000000002400000d        0x3 
                0x0000000024000010                _edata = .

.igot.plt       0x0000000024000010        0x0 load address 0x00000000080044d0
 .igot.plt      0x0000000024000010        0x0 c:/st/stm32cubeide_1.8.0/stm32cubeide/plugins/com.st.stm32cube.ide.mcu.externaltools.gnu-tools-for-stm32.10.3-2021.10.win32_1.0.0.202111181127/tools/bin/../lib/gcc/arm-none-eabi/10.3.1/thumb/v7e-m+dp/hard/crtbegin.o
                0x0000000024000010                . = ALIGN (0x4)

.bss            0x0000000024000010      0x13c load address 0x00000000080044d0
                0x0000000024000010                _sbss = .
                0x0000000024000010                __bss_start__ = _sbss
 *(.bss)
 .bss           0x0000000024000010       0x1c c:/st/stm32cubeide_1.8.0/stm32cubeide/plugins/com.st.stm32cube.ide.mcu.externaltools.gnu-tools-for-stm32.10.3-2021.10.win32_1.0.0.202111181127/tools/bin/../lib/gcc/arm-none-eabi/10.3.1/thumb/v7e-m+dp/hard/crtbegin.o
 *(.bss*)
 .bss.tx_header
                0x000000002400002c       0x24 ./Core/App/FDCAN.o
                0x000000002400002c                tx_header
 .bss.rx_header_buffer
                0x0000000024000050       0x28 ./Core/App/FDCAN.o
                0x0000000024000050                rx_header_buffer
 .bss.EraseInitStruct.0
                0x0000000024000078       0x14 ./Core/App/Flash.o
 .bss.hfdcan1   0x000000002400008c       0xa0 ./Core/Src/main.o
                0x000000002400008c                hfdcan1
 .bss.uwTick    0x000000002400012c        0x4 ./Drivers/STM32H7xx_HAL_Driver/Src/stm32h7xx_hal.o
                0x000000002400012c                uwTick
 .bss.pFlash    0x0000000024000130       0x1c ./Drivers/STM32H7xx_HAL_Driver/Src/stm32h7xx_hal_flash.o
                0x0000000024000130                pFlash
 *(COMMON)
                0x000000002400014c                . = ALIGN (0x4)
                0x000000002400014c                _ebss = .
                0x000000002400014c                __bss_end__ = _ebss

._user_heap_stack
                0x000000002400014c      0x604 load address 0x00000000080044d0
                0x0000000024000150                . = ALIGN (0x8)
 *fill*         0x000000002400014c        0x4 
                [!provide]                        PROVIDE (end = .)
                0x0000000024000150                PROVIDE (_end = .)
                0x0000000024000350                . = (. + _Min_Heap_Size)
 *fill*         0x0000000024000150      0x200 
                0x0000000024000750                . = (. + _Min_Stack_Size)
 *fill*         0x0000000024000350      0x400 
                0x0000000024000750                . = ALIGN (0x8)

/DISCARD/
 libc.a(*)
 libm.a(*)
 libgcc.a(*)

.ARM.attributes
                0x0000000000000000       0x2e
 *(.ARM.attributes)
 .ARM.attributes
                0x0000000000000000       0x1e c:/st/stm32cubeide_1.8.0/stm32cubeide/plugins/com.st.stm32cube.ide.mcu.externaltools.gnu-tools-for-stm32.10.3-2021.10.win32_1.0.0.202111181127/tools/bin/../lib/gcc/arm-none-eabi/10.3.1/thumb/v7e-m+dp/hard/crti.o
 .ARM.attributes
                0x000000000000001e       0x32 c:/st/stm32cubeide_1.8.0/stm32cubeide/plugins/com.st.stm32cube.ide.mcu.externaltools.gnu-tools-for-stm32.10.3-2021.10.win32_1.0.0.202111181127/tools/bin/../lib/gcc/arm-none-eabi/10.3.1/thumb/v7e-m+dp/hard/crtbegin.o
 .ARM.attributes
                0x0000000000000050       0x32 ./Core/App/Bootloader.o
 .ARM.attributes
                0x0000000000000082       0x32 ./Core/App/FDCAN.o
 .ARM.attributes
                0x00000000000000b4       0x32 ./Core/App/Flash.o
 .ARM.attributes
                0x00000000000000e6       0x32 ./Core/Src/main.o
 .ARM.attributes
                0x0000000000000118       0x32 ./Core/Src/stm32h7xx_hal_msp.o
 .ARM.attributes
                0x000000000000014a       0x32 ./Core/Src/stm32h7xx_it.o
 .ARM.attributes
                0x000000000000017c       0x32 ./Core/Src/system_stm32h7xx.o
 .ARM.attributes
                0x00000000000001ae       0x21 ./Core/Startup/startup_stm32h723zgtx.o
 .ARM.attributes
                0x00000000000001cf       0x32 ./Drivers/STM32H7xx_HAL_Driver/Src/stm32h7xx_hal.o
 .ARM.attributes
                0x0000000000000201       0x32 ./Drivers/STM32H7xx_HAL_Driver/Src/stm32h7xx_hal_cortex.o
 .ARM.attributes
                0x0000000000000233       0x32 ./Drivers/STM32H7xx_HAL_Driver/Src/stm32h7xx_hal_fdcan.o
 .ARM.attributes
                0x0000000000000265       0x32 ./Drivers/STM32H7xx_HAL_Driver/Src/stm32h7xx_hal_flash.o
 .ARM.attributes
                0x0000000000000297       0x32 ./Drivers/STM32H7xx_HAL_Driver/Src/stm32h7xx_hal_flash_ex.o
 .ARM.attributes
                0x00000000000002c9       0x32 ./Drivers/STM32H7xx_HAL_Driver/Src/stm32h7xx_hal_gpio.o
 .ARM.attributes
                0x00000000000002fb       0x32 ./Drivers/STM32H7xx_HAL_Driver/Src/stm32h7xx_hal_pwr_ex.o
 .ARM.attributes
                0x000000000000032d       0x32 ./Drivers/STM32H7xx_HAL_Driver/Src/stm32h7xx_hal_rcc.o
 .ARM.attributes
                0x000000000000035f       0x32 ./Drivers/STM32H7xx_HAL_Driver/Src/stm32h7xx_hal_rcc_ex.o
 .ARM.attributes
                0x0000000000000391       0x32 c:/st/stm32cubeide_1.8.0/stm32cubeide/plugins/com.st.stm32cube.ide.mcu.externaltools.gnu-tools-for-stm32.10.3-2021.10.win32_1.0.0.202111181127/tools/bin/../lib/gcc/arm-none-eabi/10.3.1/../../../../arm-none-eabi/lib/thumb/v7e-m+dp/hard\libc_nano.a(lib_a-init.o)
 .ARM.attributes
                0x00000000000003c3       0x32 c:/st/stm32cubeide_1.8.0/stm32cubeide/plugins/com.st.stm32cube.ide.mcu.externaltools.gnu-tools-for-stm32.10.3-2021.10.win32_1.0.0.202111181127/tools/bin/../lib/gcc/arm-none-eabi/10.3.1/../../../../arm-none-eabi/lib/thumb/v7e-m+dp/hard\libc_nano.a(lib_a-memcpy-stub.o)
 .ARM.attributes
                0x00000000000003f5       0x32 c:/st/stm32cubeide_1.8.0/stm32cubeide/plugins/com.st.stm32cube.ide.mcu.externaltools.gnu-tools-for-stm32.10.3-2021.10.win32_1.0.0.202111181127/tools/bin/../lib/gcc/arm-none-eabi/10.3.1/../../../../arm-none-eabi/lib/thumb/v7e-m+dp/hard\libc_nano.a(lib_a-memset.o)
 .ARM.attributes
                0x0000000000000427       0x1e c:/st/stm32cubeide_1.8.0/stm32cubeide/plugins/com.st.stm32cube.ide.mcu.externaltools.gnu-tools-for-stm32.10.3-2021.10.win32_1.0.0.202111181127/tools/bin/../lib/gcc/arm-none-eabi/10.3.1/thumb/v7e-m+dp/hard/crtn.o
OUTPUT(HUPV-Bootloader.elf elf32-littlearm)
LOAD linker stubs
LOAD c:/st/stm32cubeide_1.8.0/stm32cubeide/plugins/com.st.stm32cube.ide.mcu.externaltools.gnu-tools-for-stm32.10.3-2021.10.win32_1.0.0.202111181127/tools/bin/../lib/gcc/arm-none-eabi/10.3.1/../../../../arm-none-eabi/lib/thumb/v7e-m+dp/hard\libc.a
LOAD c:/st/stm32cubeide_1.8.0/stm32cubeide/plugins/com.st.stm32cube.ide.mcu.externaltools.gnu-tools-for-stm32.10.3-2021.10.win32_1.0.0.202111181127/tools/bin/../lib/gcc/arm-none-eabi/10.3.1/../../../../arm-none-eabi/lib/thumb/v7e-m+dp/hard\libm.a
LOAD c:/st/stm32cubeide_1.8.0/stm32cubeide/plugins/com.st.stm32cube.ide.mcu.externaltools.gnu-tools-for-stm32.10.3-2021.10.win32_1.0.0.202111181127/tools/bin/../lib/gcc/arm-none-eabi/10.3.1/thumb/v7e-m+dp/hard\libgcc.a

.debug_info     0x0000000000000000     0xee28
 .debug_info    0x0000000000000000      0x4e7 ./Core/App/Bootloader.o
 .debug_info    0x00000000000004e7      0xb4f ./Core/App/FDCAN.o
 .debug_info    0x0000000000001036      0x3b4 ./Core/App/Flash.o
 .debug_info    0x00000000000013ea     0x1385 ./Core/Src/main.o
 .debug_info    0x000000000000276f     0x1152 ./Core/Src/stm32h7xx_hal_msp.o
 .debug_info    0x00000000000038c1      0x261 ./Core/Src/stm32h7xx_it.o
 .debug_info    0x0000000000003b22      0xb45 ./Core/Src/system_stm32h7xx.o
 .debug_info    0x0000000000004667       0x22 ./Core/Startup/startup_stm32h723zgtx.o
 .debug_info    0x0000000000004689     0x1746 ./Drivers/STM32H7xx_HAL_Driver/Src/stm32h7xx_hal.o
 .debug_info    0x0000000000005dcf     0x1161 ./Drivers/STM32H7xx_HAL_Driver/Src/stm32h7xx_hal_cortex.o
 .debug_info    0x0000000000006f30     0x2dae ./Drivers/STM32H7xx_HAL_Driver/Src/stm32h7xx_hal_fdcan.o
 .debug_info    0x0000000000009cde      0x7f6 ./Drivers/STM32H7xx_HAL_Driver/Src/stm32h7xx_hal_flash.o
 .debug_info    0x000000000000a4d4      0xcc9 ./Drivers/STM32H7xx_HAL_Driver/Src/stm32h7xx_hal_flash_ex.o
 .debug_info    0x000000000000b19d      0xd37 ./Drivers/STM32H7xx_HAL_Driver/Src/stm32h7xx_hal_gpio.o
 .debug_info    0x000000000000bed4      0xe71 ./Drivers/STM32H7xx_HAL_Driver/Src/stm32h7xx_hal_pwr_ex.o
 .debug_info    0x000000000000cd45      0xe4a ./Drivers/STM32H7xx_HAL_Driver/Src/stm32h7xx_hal_rcc.o
 .debug_info    0x000000000000db8f     0x1299 ./Drivers/STM32H7xx_HAL_Driver/Src/stm32h7xx_hal_rcc_ex.o

.debug_abbrev   0x0000000000000000     0x2192
 .debug_abbrev  0x0000000000000000      0x1a8 ./Core/App/Bootloader.o
 .debug_abbrev  0x00000000000001a8      0x1a5 ./Core/App/FDCAN.o
 .debug_abbrev  0x000000000000034d      0x146 ./Core/App/Flash.o
 .debug_abbrev  0x0000000000000493      0x2be ./Core/Src/main.o
 .debug_abbrev  0x0000000000000751      0x1d2 ./Core/Src/stm32h7xx_hal_msp.o
 .debug_abbrev  0x0000000000000923      0x11d ./Core/Src/stm32h7xx_it.o
 .debug_abbrev  0x0000000000000a40      0x136 ./Core/Src/system_stm32h7xx.o
 .debug_abbrev  0x0000000000000b76       0x12 ./Core/Startup/startup_stm32h723zgtx.o
 .debug_abbrev  0x0000000000000b88      0x292 ./Drivers/STM32H7xx_HAL_Driver/Src/stm32h7xx_hal.o
 .debug_abbrev  0x0000000000000e1a      0x329 ./Drivers/STM32H7xx_HAL_Driver/Src/stm32h7xx_hal_cortex.o
 .debug_abbrev  0x0000000000001143      0x278 ./Drivers/STM32H7xx_HAL_Driver/Src/stm32h7xx_hal_fdcan.o
 .debug_abbrev  0x00000000000013bb      0x23d ./Drivers/STM32H7xx_HAL_Driver/Src/stm32h7xx_hal_flash.o
 .debug_abbrev  0x00000000000015f8      0x22d ./Drivers/STM32H7xx_HAL_Driver/Src/stm32h7xx_hal_flash_ex.o
 .debug_abbrev  0x0000000000001825      0x1ec ./Drivers/STM32H7xx_HAL_Driver/Src/stm32h7xx_hal_gpio.o
 .debug_abbrev  0x0000000000001a11      0x27e ./Drivers/STM32H7xx_HAL_Driver/Src/stm32h7xx_hal_pwr_ex.o
 .debug_abbrev  0x0000000000001c8f      0x2a7 ./Drivers/STM32H7xx_HAL_Driver/Src/stm32h7xx_hal_rcc.o
 .debug_abbrev  0x0000000000001f36      0x25c ./Drivers/STM32H7xx_HAL_Driver/Src/stm32h7xx_hal_rcc_ex.o

.debug_aranges  0x0000000000000000      0xce8
 .debug_aranges
                0x0000000000000000       0x80 ./Core/App/Bootloader.o
 .debug_aranges
                0x0000000000000080       0x30 ./Core/App/FDCAN.o
 .debug_aranges
                0x00000000000000b0       0x40 ./Core/App/Flash.o
 .debug_aranges
                0x00000000000000f0       0x48 ./Core/Src/main.o
 .debug_aranges
                0x0000000000000138       0x30 ./Core/Src/stm32h7xx_hal_msp.o
 .debug_aranges
                0x0000000000000168       0x60 ./Core/Src/stm32h7xx_it.o
 .debug_aranges
                0x00000000000001c8       0x28 ./Core/Src/system_stm32h7xx.o
 .debug_aranges
                0x00000000000001f0       0x28 ./Core/Startup/startup_stm32h723zgtx.o
 .debug_aranges
                0x0000000000000218      0x1c8 ./Drivers/STM32H7xx_HAL_Driver/Src/stm32h7xx_hal.o
 .debug_aranges
                0x00000000000003e0      0x120 ./Drivers/STM32H7xx_HAL_Driver/Src/stm32h7xx_hal_cortex.o
 .debug_aranges
                0x0000000000000500      0x338 ./Drivers/STM32H7xx_HAL_Driver/Src/stm32h7xx_hal_fdcan.o
 .debug_aranges
                0x0000000000000838       0x88 ./Drivers/STM32H7xx_HAL_Driver/Src/stm32h7xx_hal_flash.o
 .debug_aranges
                0x00000000000008c0      0x108 ./Drivers/STM32H7xx_HAL_Driver/Src/stm32h7xx_hal_flash_ex.o
 .debug_aranges
                0x00000000000009c8       0x58 ./Drivers/STM32H7xx_HAL_Driver/Src/stm32h7xx_hal_gpio.o
 .debug_aranges
                0x0000000000000a20      0x148 ./Drivers/STM32H7xx_HAL_Driver/Src/stm32h7xx_hal_pwr_ex.o
 .debug_aranges
                0x0000000000000b68       0x88 ./Drivers/STM32H7xx_HAL_Driver/Src/stm32h7xx_hal_rcc.o
 .debug_aranges
                0x0000000000000bf0       0xf8 ./Drivers/STM32H7xx_HAL_Driver/Src/stm32h7xx_hal_rcc_ex.o

.debug_ranges   0x0000000000000000      0xbe0
 .debug_ranges  0x0000000000000000       0x70 ./Core/App/Bootloader.o
 .debug_ranges  0x0000000000000070       0x20 ./Core/App/FDCAN.o
 .debug_ranges  0x0000000000000090       0x30 ./Core/App/Flash.o
 .debug_ranges  0x00000000000000c0       0x38 ./Core/Src/main.o
 .debug_ranges  0x00000000000000f8       0x20 ./Core/Src/stm32h7xx_hal_msp.o
 .debug_ranges  0x0000000000000118       0x50 ./Core/Src/stm32h7xx_it.o
 .debug_ranges  0x0000000000000168       0x18 ./Core/Src/system_stm32h7xx.o
 .debug_ranges  0x0000000000000180       0x20 ./Core/Startup/startup_stm32h723zgtx.o
 .debug_ranges  0x00000000000001a0      0x1b8 ./Drivers/STM32H7xx_HAL_Driver/Src/stm32h7xx_hal.o
 .debug_ranges  0x0000000000000358      0x110 ./Drivers/STM32H7xx_HAL_Driver/Src/stm32h7xx_hal_cortex.o
 .debug_ranges  0x0000000000000468      0x328 ./Drivers/STM32H7xx_HAL_Driver/Src/stm32h7xx_hal_fdcan.o
 .debug_ranges  0x0000000000000790       0x78 ./Drivers/STM32H7xx_HAL_Driver/Src/stm32h7xx_hal_flash.o
 .debug_ranges  0x0000000000000808       0xf8 ./Drivers/STM32H7xx_HAL_Driver/Src/stm32h7xx_hal_flash_ex.o
 .debug_ranges  0x0000000000000900       0x48 ./Drivers/STM32H7xx_HAL_Driver/Src/stm32h7xx_hal_gpio.o
 .debug_ranges  0x0000000000000948      0x138 ./Drivers/STM32H7xx_HAL_Driver/Src/stm32h7xx_hal_pwr_ex.o
 .debug_ranges  0x0000000000000a80       0x78 ./Drivers/STM32H7xx_HAL_Driver/Src/stm32h7xx_hal_rcc.o
 .debug_ranges  0x0000000000000af8       0xe8 ./Drivers/STM32H7xx_HAL_Driver/Src/stm32h7xx_hal_rcc_ex.o

.debug_macro    0x0000000000000000    0x3216e
 .debug_macro   0x0000000000000000      0x2c2 ./Core/App/Bootloader.o
 .debug_macro   0x00000000000002c2      0xa90 ./Core/App/Bootloader.o
 .debug_macro   0x0000000000000d52       0x22 ./Core/App/Bootloader.o
 .debug_macro   0x0000000000000d74       0x8e ./Core/App/Bootloader.o
 .debug_macro   0x0000000000000e02       0x51 ./Core/App/Bootloader.o
 .debug_macro   0x0000000000000e53      0x103 ./Core/App/Bootloader.o
 .debug_macro   0x0000000000000f56       0x6a ./Core/App/Bootloader.o
 .debug_macro   0x0000000000000fc0      0x1df ./Core/App/Bootloader.o
 .debug_macro   0x000000000000119f      0x232 ./Core/App/Bootloader.o
 .debug_macro   0x00000000000013d1       0x2e ./Core/App/Bootloader.o
 .debug_macro   0x00000000000013ff       0x3b ./Core/App/Bootloader.o
 .debug_macro   0x000000000000143a       0x1c ./Core/App/Bootloader.o
 .debug_macro   0x0000000000001456       0x22 ./Core/App/Bootloader.o
 .debug_macro   0x0000000000001478       0xfb ./Core/App/Bootloader.o
 .debug_macro   0x0000000000001573     0x1305 ./Core/App/Bootloader.o
 .debug_macro   0x0000000000002878      0x11f ./Core/App/Bootloader.o
 .debug_macro   0x0000000000002997       0x27 ./Core/App/Bootloader.o
 .debug_macro   0x00000000000029be    0x211d1 ./Core/App/Bootloader.o
 .debug_macro   0x0000000000023b8f       0x6d ./Core/App/Bootloader.o
 .debug_macro   0x0000000000023bfc     0x3d0d ./Core/App/Bootloader.o
 .debug_macro   0x0000000000027909      0x174 ./Core/App/Bootloader.o
 .debug_macro   0x0000000000027a7d       0x52 ./Core/App/Bootloader.o
 .debug_macro   0x0000000000027acf       0x1d ./Core/App/Bootloader.o
 .debug_macro   0x0000000000027aec       0x3c ./Core/App/Bootloader.o
 .debug_macro   0x0000000000027b28       0x34 ./Core/App/Bootloader.o
 .debug_macro   0x0000000000027b5c       0x16 ./Core/App/Bootloader.o
 .debug_macro   0x0000000000027b72       0x43 ./Core/App/Bootloader.o
 .debug_macro   0x0000000000027bb5       0x34 ./Core/App/Bootloader.o
 .debug_macro   0x0000000000027be9       0x10 ./Core/App/Bootloader.o
 .debug_macro   0x0000000000027bf9       0x58 ./Core/App/Bootloader.o
 .debug_macro   0x0000000000027c51       0x71 ./Core/App/Bootloader.o
 .debug_macro   0x0000000000027cc2       0x1c ./Core/App/Bootloader.o
 .debug_macro   0x0000000000027cde      0x12a ./Core/App/Bootloader.o
 .debug_macro   0x0000000000027e08      0x341 ./Core/App/Bootloader.o
 .debug_macro   0x0000000000028149      0x19b ./Core/App/Bootloader.o
 .debug_macro   0x00000000000282e4       0x5d ./Core/App/Bootloader.o
 .debug_macro   0x0000000000028341     0x2462 ./Core/App/Bootloader.o
 .debug_macro   0x000000000002a7a3     0x104f ./Core/App/Bootloader.o
 .debug_macro   0x000000000002b7f2      0x14d ./Core/App/Bootloader.o
 .debug_macro   0x000000000002b93f      0x114 ./Core/App/Bootloader.o
 .debug_macro   0x000000000002ba53      0x3f8 ./Core/App/Bootloader.o
 .debug_macro   0x000000000002be4b       0xac ./Core/App/Bootloader.o
 .debug_macro   0x000000000002bef7      0x788 ./Core/App/Bootloader.o
 .debug_macro   0x000000000002c67f      0x228 ./Core/App/Bootloader.o
 .debug_macro   0x000000000002c8a7       0x66 ./Core/App/Bootloader.o
 .debug_macro   0x000000000002c90d      0x3a6 ./Core/App/Bootloader.o
 .debug_macro   0x000000000002ccb3      0x3f9 ./Core/App/Bootloader.o
 .debug_macro   0x000000000002d0ac      0x275 ./Core/App/Bootloader.o
 .debug_macro   0x000000000002d321      0xe42 ./Core/App/Bootloader.o
 .debug_macro   0x000000000002e163      0x3ca ./Core/App/Bootloader.o
 .debug_macro   0x000000000002e52d      0x45c ./Core/App/Bootloader.o
 .debug_macro   0x000000000002e989       0x3c ./Core/App/Bootloader.o
 .debug_macro   0x000000000002e9c5       0x4a ./Core/App/Bootloader.o
 .debug_macro   0x000000000002ea0f      0x22c ./Core/App/Bootloader.o
 .debug_macro   0x000000000002ec3b       0x67 ./Core/App/Bootloader.o
 .debug_macro   0x000000000002eca2       0xa5 ./Core/App/Bootloader.o
 .debug_macro   0x000000000002ed47      0x1c4 ./Core/App/Bootloader.o
 .debug_macro   0x000000000002ef0b      0x22a ./Core/App/Bootloader.o
 .debug_macro   0x000000000002f135       0x35 ./Core/App/Bootloader.o
 .debug_macro   0x000000000002f16a      0x5e6 ./Core/App/Bootloader.o
 .debug_macro   0x000000000002f750       0xac ./Core/App/Bootloader.o
 .debug_macro   0x000000000002f7fc       0x16 ./Core/App/Bootloader.o
 .debug_macro   0x000000000002f812      0x2a3 ./Core/App/FDCAN.o
 .debug_macro   0x000000000002fab5       0x10 ./Core/App/FDCAN.o
 .debug_macro   0x000000000002fac5      0x2a3 ./Core/App/Flash.o
 .debug_macro   0x000000000002fd68       0xa6 ./Core/App/Flash.o
 .debug_macro   0x000000000002fe0e      0x2d3 ./Core/Src/main.o
 .debug_macro   0x00000000000300e1       0x70 ./Core/Src/main.o
 .debug_macro   0x0000000000030151      0x299 ./Core/Src/stm32h7xx_hal_msp.o
 .debug_macro   0x00000000000303ea      0x2a3 ./Core/Src/stm32h7xx_it.o
 .debug_macro   0x000000000003068d      0x28a ./Core/Src/system_stm32h7xx.o
 .debug_macro   0x0000000000030917      0x2b4 ./Drivers/STM32H7xx_HAL_Driver/Src/stm32h7xx_hal.o
 .debug_macro   0x0000000000030bcb      0x28a ./Drivers/STM32H7xx_HAL_Driver/Src/stm32h7xx_hal_cortex.o
 .debug_macro   0x0000000000030e55      0x34f ./Drivers/STM32H7xx_HAL_Driver/Src/stm32h7xx_hal_fdcan.o
 .debug_macro   0x00000000000311a4      0x290 ./Drivers/STM32H7xx_HAL_Driver/Src/stm32h7xx_hal_flash.o
 .debug_macro   0x0000000000031434      0x290 ./Drivers/STM32H7xx_HAL_Driver/Src/stm32h7xx_hal_flash_ex.o
 .debug_macro   0x00000000000316c4      0x291 ./Drivers/STM32H7xx_HAL_Driver/Src/stm32h7xx_hal_gpio.o
 .debug_macro   0x0000000000031955      0x2c3 ./Drivers/STM32H7xx_HAL_Driver/Src/stm32h7xx_hal_pwr_ex.o
 .debug_macro   0x0000000000031c18      0x2ae ./Drivers/STM32H7xx_HAL_Driver/Src/stm32h7xx_hal_rcc.o
 .debug_macro   0x0000000000031ec6      0x2a8 ./Drivers/STM32H7xx_HAL_Driver/Src/stm32h7xx_hal_rcc_ex.o

.debug_line     0x0000000000000000     0xe7b0
 .debug_line    0x0000000000000000      0xa84 ./Core/App/Bootloader.o
 .debug_line    0x0000000000000a84      0x86b ./Core/App/FDCAN.o
 .debug_line    0x00000000000012ef      0x9d7 ./Core/App/Flash.o
 .debug_line    0x0000000000001cc6      0xa4e ./Core/Src/main.o
 .debug_line    0x0000000000002714      0x86b ./Core/Src/stm32h7xx_hal_msp.o
 .debug_line    0x0000000000002f7f      0x8c1 ./Core/Src/stm32h7xx_it.o
 .debug_line    0x0000000000003840      0x9a0 ./Core/Src/system_stm32h7xx.o
 .debug_line    0x00000000000041e0       0x88 ./Core/Startup/startup_stm32h723zgtx.o
 .debug_line    0x0000000000004268      0xe3a ./Drivers/STM32H7xx_HAL_Driver/Src/stm32h7xx_hal.o
 .debug_line    0x00000000000050a2      0xdaf ./Drivers/STM32H7xx_HAL_Driver/Src/stm32h7xx_hal_cortex.o
 .debug_line    0x0000000000005e51     0x270a ./Drivers/STM32H7xx_HAL_Driver/Src/stm32h7xx_hal_fdcan.o
 .debug_line    0x000000000000855b      0xc2f ./Drivers/STM32H7xx_HAL_Driver/Src/stm32h7xx_hal_flash.o
 .debug_line    0x000000000000918a      0xf3b ./Drivers/STM32H7xx_HAL_Driver/Src/stm32h7xx_hal_flash_ex.o
 .debug_line    0x000000000000a0c5      0xc58 ./Drivers/STM32H7xx_HAL_Driver/Src/stm32h7xx_hal_gpio.o
 .debug_line    0x000000000000ad1d      0xe1e ./Drivers/STM32H7xx_HAL_Driver/Src/stm32h7xx_hal_pwr_ex.o
 .debug_line    0x000000000000bb3b     0x127e ./Drivers/STM32H7xx_HAL_Driver/Src/stm32h7xx_hal_rcc.o
 .debug_line    0x000000000000cdb9     0x19f7 ./Drivers/STM32H7xx_HAL_Driver/Src/stm32h7xx_hal_rcc_ex.o

.debug_str      0x0000000000000000   0x14252b
 .debug_str     0x0000000000000000   0x13c9ea ./Core/App/Bootloader.o
                                     0x13ce4c (size before relaxing)
 .debug_str     0x000000000013c9ea      0x638 ./Core/App/FDCAN.o
                                     0x13cd4c (size before relaxing)
 .debug_str     0x000000000013d022      0x127 ./Core/App/Flash.o
                                     0x13cd14 (size before relaxing)
 .debug_str     0x000000000013d149      0x71a ./Core/Src/main.o
                                     0x13d855 (size before relaxing)
 .debug_str     0x000000000013d863      0x355 ./Core/Src/stm32h7xx_hal_msp.o
                                     0x13d2f1 (size before relaxing)
 .debug_str     0x000000000013dbb8       0xc9 ./Core/Src/stm32h7xx_it.o
                                     0x13c8db (size before relaxing)
 .debug_str     0x000000000013dc81      0x2a4 ./Core/Src/system_stm32h7xx.o
                                     0x13cada (size before relaxing)
 .debug_str     0x000000000013df25       0x36 ./Core/Startup/startup_stm32h723zgtx.o
                                         0x7c (size before relaxing)
 .debug_str     0x000000000013df5b     0x1118 ./Drivers/STM32H7xx_HAL_Driver/Src/stm32h7xx_hal.o
                                     0x13db64 (size before relaxing)
 .debug_str     0x000000000013f073      0x35f ./Drivers/STM32H7xx_HAL_Driver/Src/stm32h7xx_hal_cortex.o
                                     0x13d446 (size before relaxing)
 .debug_str     0x000000000013f3d2     0x1a99 ./Drivers/STM32H7xx_HAL_Driver/Src/stm32h7xx_hal_fdcan.o
                                     0x13e85a (size before relaxing)
 .debug_str     0x0000000000140e6b      0x320 ./Drivers/STM32H7xx_HAL_Driver/Src/stm32h7xx_hal_flash.o
                                     0x13cad6 (size before relaxing)
 .debug_str     0x000000000014118b      0x474 ./Drivers/STM32H7xx_HAL_Driver/Src/stm32h7xx_hal_flash_ex.o
                                     0x13cded (size before relaxing)
 .debug_str     0x00000000001415ff       0xd9 ./Drivers/STM32H7xx_HAL_Driver/Src/stm32h7xx_hal_gpio.o
                                     0x13cb25 (size before relaxing)
 .debug_str     0x00000000001416d8      0x5da ./Drivers/STM32H7xx_HAL_Driver/Src/stm32h7xx_hal_pwr_ex.o
                                     0x13cf2d (size before relaxing)
 .debug_str     0x0000000000141cb2      0x22e ./Drivers/STM32H7xx_HAL_Driver/Src/stm32h7xx_hal_rcc.o
                                     0x13cea8 (size before relaxing)
 .debug_str     0x0000000000141ee0      0x64b ./Drivers/STM32H7xx_HAL_Driver/Src/stm32h7xx_hal_rcc_ex.o
                                     0x13d397 (size before relaxing)

.comment        0x0000000000000000       0x50
 .comment       0x0000000000000000       0x50 ./Core/App/Bootloader.o
                                         0x51 (size before relaxing)
 .comment       0x0000000000000050       0x51 ./Core/App/FDCAN.o
 .comment       0x0000000000000050       0x51 ./Core/App/Flash.o
 .comment       0x0000000000000050       0x51 ./Core/Src/main.o
 .comment       0x0000000000000050       0x51 ./Core/Src/stm32h7xx_hal_msp.o
 .comment       0x0000000000000050       0x51 ./Core/Src/stm32h7xx_it.o
 .comment       0x0000000000000050       0x51 ./Core/Src/system_stm32h7xx.o
 .comment       0x0000000000000050       0x51 ./Drivers/STM32H7xx_HAL_Driver/Src/stm32h7xx_hal.o
 .comment       0x0000000000000050       0x51 ./Drivers/STM32H7xx_HAL_Driver/Src/stm32h7xx_hal_cortex.o
 .comment       0x0000000000000050       0x51 ./Drivers/STM32H7xx_HAL_Driver/Src/stm32h7xx_hal_fdcan.o
 .comment       0x0000000000000050       0x51 ./Drivers/STM32H7xx_HAL_Driver/Src/stm32h7xx_hal_flash.o
 .comment       0x0000000000000050       0x51 ./Drivers/STM32H7xx_HAL_Driver/Src/stm32h7xx_hal_flash_ex.o
 .comment       0x0000000000000050       0x51 ./Drivers/STM32H7xx_HAL_Driver/Src/stm32h7xx_hal_gpio.o
 .comment       0x0000000000000050       0x51 ./Drivers/STM32H7xx_HAL_Driver/Src/stm32h7xx_hal_pwr_ex.o
 .comment       0x0000000000000050       0x51 ./Drivers/STM32H7xx_HAL_Driver/Src/stm32h7xx_hal_rcc.o
 .comment       0x0000000000000050       0x51 ./Drivers/STM32H7xx_HAL_Driver/Src/stm32h7xx_hal_rcc_ex.o

.debug_frame    0x0000000000000000     0x3520
 .debug_frame   0x0000000000000000      0x1f8 ./Core/App/Bootloader.o
 .debug_frame   0x00000000000001f8       0x78 ./Core/App/FDCAN.o
 .debug_frame   0x0000000000000270       0xcc ./Core/App/Flash.o
 .debug_frame   0x000000000000033c       0xdc ./Core/Src/main.o
 .debug_frame   0x0000000000000418       0x84 ./Core/Src/stm32h7xx_hal_msp.o
 .debug_frame   0x000000000000049c      0x108 ./Core/Src/stm32h7xx_it.o
 .debug_frame   0x00000000000005a4       0x58 ./Core/Src/system_stm32h7xx.o
 .debug_frame   0x00000000000005fc      0x760 ./Drivers/STM32H7xx_HAL_Driver/Src/stm32h7xx_hal.o
 .debug_frame   0x0000000000000d5c      0x4b8 ./Drivers/STM32H7xx_HAL_Driver/Src/stm32h7xx_hal_cortex.o
 .debug_frame   0x0000000000001214      0xf9c ./Drivers/STM32H7xx_HAL_Driver/Src/stm32h7xx_hal_fdcan.o
 .debug_frame   0x00000000000021b0      0x1fc ./Drivers/STM32H7xx_HAL_Driver/Src/stm32h7xx_hal_flash.o
 .debug_frame   0x00000000000023ac      0x484 ./Drivers/STM32H7xx_HAL_Driver/Src/stm32h7xx_hal_flash_ex.o
 .debug_frame   0x0000000000002830      0x14c ./Drivers/STM32H7xx_HAL_Driver/Src/stm32h7xx_hal_gpio.o
 .debug_frame   0x000000000000297c      0x540 ./Drivers/STM32H7xx_HAL_Driver/Src/stm32h7xx_hal_pwr_ex.o
 .debug_frame   0x0000000000002ebc      0x1fc ./Drivers/STM32H7xx_HAL_Driver/Src/stm32h7xx_hal_rcc.o
 .debug_frame   0x00000000000030b8      0x3f4 ./Drivers/STM32H7xx_HAL_Driver/Src/stm32h7xx_hal_rcc_ex.o
 .debug_frame   0x00000000000034ac       0x2c c:/st/stm32cubeide_1.8.0/stm32cubeide/plugins/com.st.stm32cube.ide.mcu.externaltools.gnu-tools-for-stm32.10.3-2021.10.win32_1.0.0.202111181127/tools/bin/../lib/gcc/arm-none-eabi/10.3.1/../../../../arm-none-eabi/lib/thumb/v7e-m+dp/hard\libc_nano.a(lib_a-init.o)
 .debug_frame   0x00000000000034d8       0x28 c:/st/stm32cubeide_1.8.0/stm32cubeide/plugins/com.st.stm32cube.ide.mcu.externaltools.gnu-tools-for-stm32.10.3-2021.10.win32_1.0.0.202111181127/tools/bin/../lib/gcc/arm-none-eabi/10.3.1/../../../../arm-none-eabi/lib/thumb/v7e-m+dp/hard\libc_nano.a(lib_a-memcpy-stub.o)
 .debug_frame   0x0000000000003500       0x20 c:/st/stm32cubeide_1.8.0/stm32cubeide/plugins/com.st.stm32cube.ide.mcu.externaltools.gnu-tools-for-stm32.10.3-2021.10.win32_1.0.0.202111181127/tools/bin/../lib/gcc/arm-none-eabi/10.3.1/../../../../arm-none-eabi/lib/thumb/v7e-m+dp/hard\libc_nano.a(lib_a-memset.o)
