Archive member included to satisfy reference by file (symbol)

/home/predawnia/st/stm32cubeide_1.10.1_2/plugins/com.st.stm32cube.ide.mcu.externaltools.gnu-tools-for-stm32.10.3-2021.10.linux64_1.0.0.202111181127/tools/bin/../lib/gcc/arm-none-eabi/10.3.1/../../../../arm-none-eabi/lib/thumb/v7e-m+dp/hard/libc_nano.a(lib_a-errno.o)
                              ./Core/Src/syscalls.o (__errno)
/home/predawnia/st/stm32cubeide_1.10.1_2/plugins/com.st.stm32cube.ide.mcu.externaltools.gnu-tools-for-stm32.10.3-2021.10.linux64_1.0.0.202111181127/tools/bin/../lib/gcc/arm-none-eabi/10.3.1/../../../../arm-none-eabi/lib/thumb/v7e-m+dp/hard/libc_nano.a(lib_a-exit.o)
                              /home/predawnia/st/stm32cubeide_1.10.1_2/plugins/com.st.stm32cube.ide.mcu.externaltools.gnu-tools-for-stm32.10.3-2021.10.linux64_1.0.0.202111181127/tools/bin/../lib/gcc/arm-none-eabi/10.3.1/../../../../arm-none-eabi/lib/thumb/v7e-m+dp/hard/crt0.o (exit)
/home/predawnia/st/stm32cubeide_1.10.1_2/plugins/com.st.stm32cube.ide.mcu.externaltools.gnu-tools-for-stm32.10.3-2021.10.linux64_1.0.0.202111181127/tools/bin/../lib/gcc/arm-none-eabi/10.3.1/../../../../arm-none-eabi/lib/thumb/v7e-m+dp/hard/libc_nano.a(lib_a-impure.o)
                              /home/predawnia/st/stm32cubeide_1.10.1_2/plugins/com.st.stm32cube.ide.mcu.externaltools.gnu-tools-for-stm32.10.3-2021.10.linux64_1.0.0.202111181127/tools/bin/../lib/gcc/arm-none-eabi/10.3.1/../../../../arm-none-eabi/lib/thumb/v7e-m+dp/hard/libc_nano.a(lib_a-exit.o) (_global_impure_ptr)
/home/predawnia/st/stm32cubeide_1.10.1_2/plugins/com.st.stm32cube.ide.mcu.externaltools.gnu-tools-for-stm32.10.3-2021.10.linux64_1.0.0.202111181127/tools/bin/../lib/gcc/arm-none-eabi/10.3.1/../../../../arm-none-eabi/lib/thumb/v7e-m+dp/hard/libc_nano.a(lib_a-init.o)
                              /home/predawnia/st/stm32cubeide_1.10.1_2/plugins/com.st.stm32cube.ide.mcu.externaltools.gnu-tools-for-stm32.10.3-2021.10.linux64_1.0.0.202111181127/tools/bin/../lib/gcc/arm-none-eabi/10.3.1/../../../../arm-none-eabi/lib/thumb/v7e-m+dp/hard/crt0.o (__libc_init_array)
/home/predawnia/st/stm32cubeide_1.10.1_2/plugins/com.st.stm32cube.ide.mcu.externaltools.gnu-tools-for-stm32.10.3-2021.10.linux64_1.0.0.202111181127/tools/bin/../lib/gcc/arm-none-eabi/10.3.1/../../../../arm-none-eabi/lib/thumb/v7e-m+dp/hard/libc_nano.a(lib_a-memcpy-stub.o)
                              ./Drivers/STM32H7xx_HAL_Driver/Src/stm32h7xx_hal_fdcan.o (memcpy)
/home/predawnia/st/stm32cubeide_1.10.1_2/plugins/com.st.stm32cube.ide.mcu.externaltools.gnu-tools-for-stm32.10.3-2021.10.linux64_1.0.0.202111181127/tools/bin/../lib/gcc/arm-none-eabi/10.3.1/../../../../arm-none-eabi/lib/thumb/v7e-m+dp/hard/libc_nano.a(lib_a-memset.o)
                              /home/predawnia/st/stm32cubeide_1.10.1_2/plugins/com.st.stm32cube.ide.mcu.externaltools.gnu-tools-for-stm32.10.3-2021.10.linux64_1.0.0.202111181127/tools/bin/../lib/gcc/arm-none-eabi/10.3.1/../../../../arm-none-eabi/lib/thumb/v7e-m+dp/hard/crt0.o (memset)

Discarded input sections

 .text          0x0000000000000000        0x0 /home/predawnia/st/stm32cubeide_1.10.1_2/plugins/com.st.stm32cube.ide.mcu.externaltools.gnu-tools-for-stm32.10.3-2021.10.linux64_1.0.0.202111181127/tools/bin/../lib/gcc/arm-none-eabi/10.3.1/thumb/v7e-m+dp/hard/crti.o
 .data          0x0000000000000000        0x0 /home/predawnia/st/stm32cubeide_1.10.1_2/plugins/com.st.stm32cube.ide.mcu.externaltools.gnu-tools-for-stm32.10.3-2021.10.linux64_1.0.0.202111181127/tools/bin/../lib/gcc/arm-none-eabi/10.3.1/thumb/v7e-m+dp/hard/crti.o
 .bss           0x0000000000000000        0x0 /home/predawnia/st/stm32cubeide_1.10.1_2/plugins/com.st.stm32cube.ide.mcu.externaltools.gnu-tools-for-stm32.10.3-2021.10.linux64_1.0.0.202111181127/tools/bin/../lib/gcc/arm-none-eabi/10.3.1/thumb/v7e-m+dp/hard/crti.o
 .data          0x0000000000000000        0x4 /home/predawnia/st/stm32cubeide_1.10.1_2/plugins/com.st.stm32cube.ide.mcu.externaltools.gnu-tools-for-stm32.10.3-2021.10.linux64_1.0.0.202111181127/tools/bin/../lib/gcc/arm-none-eabi/10.3.1/thumb/v7e-m+dp/hard/crtbegin.o
 .rodata        0x0000000000000000       0x24 /home/predawnia/st/stm32cubeide_1.10.1_2/plugins/com.st.stm32cube.ide.mcu.externaltools.gnu-tools-for-stm32.10.3-2021.10.linux64_1.0.0.202111181127/tools/bin/../lib/gcc/arm-none-eabi/10.3.1/thumb/v7e-m+dp/hard/crtbegin.o
 .text          0x0000000000000000       0x7c /home/predawnia/st/stm32cubeide_1.10.1_2/plugins/com.st.stm32cube.ide.mcu.externaltools.gnu-tools-for-stm32.10.3-2021.10.linux64_1.0.0.202111181127/tools/bin/../lib/gcc/arm-none-eabi/10.3.1/../../../../arm-none-eabi/lib/thumb/v7e-m+dp/hard/crt0.o
 .data          0x0000000000000000        0x0 /home/predawnia/st/stm32cubeide_1.10.1_2/plugins/com.st.stm32cube.ide.mcu.externaltools.gnu-tools-for-stm32.10.3-2021.10.linux64_1.0.0.202111181127/tools/bin/../lib/gcc/arm-none-eabi/10.3.1/../../../../arm-none-eabi/lib/thumb/v7e-m+dp/hard/crt0.o
[...]
Memory Configuration

Name             Origin             Length             Attributes
ITCMRAM          0x0000000000000000 0x0000000000010000 xrw
DTCMRAM          0x0000000020000000 0x0000000000020000 xrw
FLASH            0x00000000080e0000 0x0000000000020000 xr
RAM_D1           0x0000000024000000 0x0000000000050000 xrw
RAM_D2           0x0000000030000000 0x0000000000008000 xrw
RAM_D3           0x0000000038000000 0x0000000000004000 xrw
*default*        0x0000000000000000 0xffffffffffffffff

Linker script and memory map

LOAD /home/predawnia/st/stm32cubeide_1.10.1_2/plugins/com.st.stm32cube.ide.mcu.externaltools.gnu-tools-for-stm32.10.3-2021.10.linux64_1.0.0.202111181127/tools/bin/../lib/gcc/arm-none-eabi/10.3.1/thumb/v7e-m+dp/hard/crti.o
LOAD /home/predawnia/st/stm32cubeide_1.10.1_2/plugins/com.st.stm32cube.ide.mcu.externaltools.gnu-tools-for-stm32.10.3-2021.10.linux64_1.0.0.202111181127/tools/bin/../lib/gcc/arm-none-eabi/10.3.1/thumb/v7e-m+dp/hard/crtbegin.o
LOAD /home/predawnia/st/stm32cubeide_1.10.1_2/plugins/com.st.stm32cube.ide.mcu.externaltools.gnu-tools-for-stm32.10.3-2021.10.linux64_1.0.0.202111181127/tools/bin/../lib/gcc/arm-none-eabi/10.3.1/../../../../arm-none-eabi/lib/thumb/v7e-m+dp/hard/crt0.o
LOAD ./Core/App/Bootloader.o
LOAD ./Core/App/FDCAN.o
LOAD ./Core/App/Flash.o
LOAD ./Core/Src/main.o
LOAD ./Core/Src/stm32h7xx_hal_msp.o
LOAD ./Core/Src/stm32h7xx_it.o
LOAD ./Core/Src/syscalls.o
LOAD ./Core/Src/sysmem.o
LOAD ./Core/Src/system_stm32h7xx.o
LOAD ./Core/Startup/startup_stm32h723zgtx.o
LOAD ./Drivers/STM32H7xx_HAL_Driver/Src/stm32h7xx_hal.o
LOAD ./Drivers/STM32H7xx_HAL_Driver/Src/stm32h7xx_hal_cortex.o
LOAD ./Drivers/STM32H7xx_HAL_Driver/Src/stm32h7xx_hal_dma.o
LOAD ./Drivers/STM32H7xx_HAL_Driver/Src/stm32h7xx_hal_dma_ex.o
LOAD ./Drivers/STM32H7xx_HAL_Driver/Src/stm32h7xx_hal_exti.o
LOAD ./Drivers/STM32H7xx_HAL_Driver/Src/stm32h7xx_hal_fdcan.o
LOAD ./Drivers/STM32H7xx_HAL_Driver/Src/stm32h7xx_hal_flash.o
LOAD ./Drivers/STM32H7xx_HAL_Driver/Src/stm32h7xx_hal_flash_ex.o
LOAD ./Drivers/STM32H7xx_HAL_Driver/Src/stm32h7xx_hal_gpio.o
LOAD ./Drivers/STM32H7xx_HAL_Driver/Src/stm32h7xx_hal_hsem.o
LOAD ./Drivers/STM32H7xx_HAL_Driver/Src/stm32h7xx_hal_i2c.o
LOAD ./Drivers/STM32H7xx_HAL_Driver/Src/stm32h7xx_hal_i2c_ex.o
LOAD ./Drivers/STM32H7xx_HAL_Driver/Src/stm32h7xx_hal_mdma.o
LOAD ./Drivers/STM32H7xx_HAL_Driver/Src/stm32h7xx_hal_pwr.o
LOAD ./Drivers/STM32H7xx_HAL_Driver/Src/stm32h7xx_hal_pwr_ex.o
LOAD ./Drivers/STM32H7xx_HAL_Driver/Src/stm32h7xx_hal_rcc.o
LOAD ./Drivers/STM32H7xx_HAL_Driver/Src/stm32h7xx_hal_rcc_ex.o
LOAD ./Drivers/STM32H7xx_HAL_Driver/Src/stm32h7xx_hal_tim.o
LOAD ./Drivers/STM32H7xx_HAL_Driver/Src/stm32h7xx_hal_tim_ex.o
START GROUP
LOAD /home/predawnia/st/stm32cubeide_1.10.1_2/plugins/com.st.stm32cube.ide.mcu.externaltools.gnu-tools-for-stm32.10.3-2021.10.linux64_1.0.0.202111181127/tools/bin/../lib/gcc/arm-none-eabi/10.3.1/../../../../arm-none-eabi/lib/thumb/v7e-m+dp/hard/libstdc++_nano.a
LOAD /home/predawnia/st/stm32cubeide_1.10.1_2/plugins/com.st.stm32cube.ide.mcu.externaltools.gnu-tools-for-stm32.10.3-2021.10.linux64_1.0.0.202111181127/tools/bin/../lib/gcc/arm-none-eabi/10.3.1/../../../../arm-none-eabi/lib/thumb/v7e-m+dp/hard/libsupc++_nano.a
END GROUP
LOAD /home/predawnia/st/stm32cubeide_1.10.1_2/plugins/com.st.stm32cube.ide.mcu.externaltools.gnu-tools-for-stm32.10.3-2021.10.linux64_1.0.0.202111181127/tools/bin/../lib/gcc/arm-none-eabi/10.3.1/../../../../arm-none-eabi/lib/thumb/v7e-m+dp/hard/libstdc++_nano.a
LOAD /home/predawnia/st/stm32cubeide_1.10.1_2/plugins/com.st.stm32cube.ide.mcu.externaltools.gnu-tools-for-stm32.10.3-2021.10.linux64_1.0.0.202111181127/tools/bin/../lib/gcc/arm-none-eabi/10.3.1/../../../../arm-none-eabi/lib/thumb/v7e-m+dp/hard/libm.a
LOAD /home/predawnia/st/stm32cubeide_1.10.1_2/plugins/com.st.stm32cube.ide.mcu.externaltools.gnu-tools-for-stm32.10.3-2021.10.linux64_1.0.0.202111181127/tools/bin/../lib/gcc/arm-none-eabi/10.3.1/../../../../arm-none-eabi/lib/thumb/v7e-m+dp/hard/libc_nano.a
START GROUP
LOAD /home/predawnia/st/stm32cubeide_1.10.1_2/plugins/com.st.stm32cube.ide.mcu.externaltools.gnu-tools-for-stm32.10.3-2021.10.linux64_1.0.0.202111181127/tools/bin/../lib/gcc/arm-none-eabi/10.3.1/thumb/v7e-m+dp/hard/libgcc.a
LOAD /home/predawnia/st/stm32cubeide_1.10.1_2/plugins/com.st.stm32cube.ide.mcu.externaltools.gnu-tools-for-stm32.10.3-2021.10.linux64_1.0.0.202111181127/tools/bin/../lib/gcc/arm-none-eabi/10.3.1/../../../../arm-none-eabi/lib/thumb/v7e-m+dp/hard/libc_nano.a
END GROUP
START GROUP
LOAD /home/predawnia/st/stm32cubeide_1.10.1_2/plugins/com.st.stm32cube.ide.mcu.externaltools.gnu-tools-for-stm32.10.3-2021.10.linux64_1.0.0.202111181127/tools/bin/../lib/gcc/arm-none-eabi/10.3.1/thumb/v7e-m+dp/hard/libgcc.a
LOAD /home/predawnia/st/stm32cubeide_1.10.1_2/plugins/com.st.stm32cube.ide.mcu.externaltools.gnu-tools-for-stm32.10.3-2021.10.linux64_1.0.0.202111181127/tools/bin/../lib/gcc/arm-none-eabi/10.3.1/../../../../arm-none-eabi/lib/thumb/v7e-m+dp/hard/libc_nano.a
LOAD /home/predawnia/st/stm32cubeide_1.10.1_2/plugins/com.st.stm32cube.ide.mcu.externaltools.gnu-tools-for-stm32.10.3-2021.10.linux64_1.0.0.202111181127/tools/bin/../lib/gcc/arm-none-eabi/10.3.1/../../../../arm-none-eabi/lib/thumb/v7e-m+dp/hard/libnosys.a
END GROUP
START GROUP
LOAD /home/predawnia/st/stm32cubeide_1.10.1_2/plugins/com.st.stm32cube.ide.mcu.externaltools.gnu-tools-for-stm32.10.3-2021.10.linux64_1.0.0.202111181127/tools/bin/../lib/gcc/arm-none-eabi/10.3.1/thumb/v7e-m+dp/hard/libgcc.a
LOAD /home/predawnia/st/stm32cubeide_1.10.1_2/plugins/com.st.stm32cube.ide.mcu.externaltools.gnu-tools-for-stm32.10.3-2021.10.linux64_1.0.0.202111181127/tools/bin/../lib/gcc/arm-none-eabi/10.3.1/../../../../arm-none-eabi/lib/thumb/v7e-m+dp/hard/libc_nano.a
LOAD /home/predawnia/st/stm32cubeide_1.10.1_2/plugins/com.st.stm32cube.ide.mcu.externaltools.gnu-tools-for-stm32.10.3-2021.10.linux64_1.0.0.202111181127/tools/bin/../lib/gcc/arm-none-eabi/10.3.1/../../../../arm-none-eabi/lib/thumb/v7e-m+dp/hard/libnosys.a
END GROUP
LOAD /home/predawnia/st/stm32cubeide_1.10.1_2/plugins/com.st.stm32cube.ide.mcu.externaltools.gnu-tools-for-stm32.10.3-2021.10.linux64_1.0.0.202111181127/tools/bin/../lib/gcc/arm-none-eabi/10.3.1/thumb/v7e-m+dp/hard/crtend.o
LOAD /home/predawnia/st/stm32cubeide_1.10.1_2/plugins/com.st.stm32cube.ide.mcu.externaltools.gnu-tools-for-stm32.10.3-2021.10.linux64_1.0.0.202111181127/tools/bin/../lib/gcc/arm-none-eabi/10.3.1/thumb/v7e-m+dp/hard/crtn.o
                0x0000000024050000                _estack = (ORIGIN (RAM_D1) + LENGTH (RAM_D1))
                0x0000000000000200                _Min_Heap_Size = 0x200
                0x0000000000000400                _Min_Stack_Size = 0x400

.isr_vector     0x00000000080e0000      0x2cc
                0x00000000080e0000                . = ALIGN (0x4)
 *(.isr_vector)
 .isr_vector    0x00000000080e0000      0x2cc ./Core/Startup/startup_stm32h723zgtx.o
                0x00000000080e0000                g_pfnVectors
                0x00000000080e02cc                . = ALIGN (0x4)

.text           0x00000000080e02cc     0x4e4c
                0x00000000080e02cc                . = ALIGN (0x4)
 *(.text)
 .text          0x00000000080e02cc       0x40 /home/predawnia/st/stm32cubeide_1.10.1_2/plugins/com.st.stm32cube.ide.mcu.externaltools.gnu-tools-for-stm32.10.3-2021.10.linux64_1.0.0.202111181127/tools/bin/../lib/gcc/arm-none-eabi/10.3.1/thumb/v7e-m+dp/hard/crtbegin.o
 *(.text*)
 .text.bootloader_start
                0x00000000080e030c       0x8e ./Core/App/Bootloader.o
                0x00000000080e030c                bootloader_start
 .text.__b_get_version
                0x00000000080e039a       0x34 ./Core/App/Bootloader.o
                0x00000000080e039a                __b_get_version
 *fill*         0x00000000080e03ce        0x2 
 .text.__b_read_memory
                0x00000000080e03d0      0x1a4 ./Core/App/Bootloader.o
                0x00000000080e03d0                __b_read_memory
 .text.__b_write_memory
                0x00000000080e0574      0x138 ./Core/App/Bootloader.o
                0x00000000080e0574                __b_write_memory
 .text.__b_erase_memory
                0x00000000080e06ac       0x4e ./Core/App/Bootloader.o
                0x00000000080e06ac                __b_erase_memory
 .text.__b_go   0x00000000080e06fa       0x16 ./Core/App/Bootloader.o
                0x00000000080e06fa                __b_go
 .text.__b_data_copy_to_packet
                0x00000000080e0710       0x3c ./Core/App/Bootloader.o
                0x00000000080e0710                __b_data_copy_to_packet
 .text.__b_data_copy_from_packet
                0x00000000080e074c       0x3a ./Core/App/Bootloader.o
                0x00000000080e074c                __b_data_copy_from_packet
 .text.__b_wait_for_ack
                0x00000000080e0786       0x44 ./Core/App/Bootloader.o
                0x00000000080e0786                __b_wait_for_ack
 .text.__b_send_ack
                0x00000000080e07ca       0x22 ./Core/App/Bootloader.o
                0x00000000080e07ca                __b_send_ack
 .text.__b_send_nack
                0x00000000080e07ec       0x22 ./Core/App/Bootloader.o
                0x00000000080e07ec                __b_send_nack
 .text.__b_clean_fdcan_packet_data
                0x00000000080e080e       0x32 ./Core/App/Bootloader.o
                0x00000000080e080e                __b_clean_fdcan_packet_data
 .text.__b_clean_fdcan_packet_all
                0x00000000080e0840       0x36 ./Core/App/Bootloader.o
                0x00000000080e0840                __b_clean_fdcan_packet_all
 *fill*         0x00000000080e0876        0x2 
 .text.__b_wait_until_fdcan_message_received
                0x00000000080e0878       0x34 ./Core/App/Bootloader.o
                0x00000000080e0878                __b_wait_until_fdcan_message_received
 .text.fdcan_transmit
                0x00000000080e08ac       0x74 ./Core/App/FDCAN.o
                0x00000000080e08ac                fdcan_transmit
 .text.fdcan_read
                0x00000000080e0920       0x34 ./Core/App/FDCAN.o
                0x00000000080e0920                fdcan_read
 .text.fdcan_test
                0x00000000080e0954       0x28 ./Core/App/FDCAN.o
                0x00000000080e0954                fdcan_test
 .text.flash_read
                0x00000000080e097c       0x60 ./Core/App/Flash.o
                0x00000000080e097c                flash_read
 .text.flash_write
                0x00000000080e09dc       0xb8 ./Core/App/Flash.o
                0x00000000080e09dc                flash_write
 .text.flash_erase
                0x00000000080e0a94       0x70 ./Core/App/Flash.o
                0x00000000080e0a94                flash_erase
 .text.__flash_get_sector
                0x00000000080e0b04       0xe4 ./Core/App/Flash.o
                0x00000000080e0b04                __flash_get_sector
 .text.flash_get_sector_starting_address
                0x00000000080e0be8       0x98 ./Core/App/Flash.o
                0x00000000080e0be8                flash_get_sector_starting_address
 .text.main     0x00000000080e0c80       0x3c ./Core/Src/main.o
                0x00000000080e0c80                main
 .text.SystemClock_Config
                0x00000000080e0cbc       0xf0 ./Core/Src/main.o
                0x00000000080e0cbc                SystemClock_Config
 .text.MX_FDCAN1_Init
                0x00000000080e0dac       0xcc ./Core/Src/main.o
 .text.MX_TIM23_Init
                0x00000000080e0e78       0xa0 ./Core/Src/main.o
 .text.MX_GPIO_Init
                0x00000000080e0f18      0x104 ./Core/Src/main.o
 .text.Error_Handler
                0x00000000080e101c       0x34 ./Core/Src/main.o
                0x00000000080e101c                Error_Handler
 .text.HAL_MspInit
                0x00000000080e1050       0x34 ./Core/Src/stm32h7xx_hal_msp.o
                0x00000000080e1050                HAL_MspInit
 .text.HAL_FDCAN_MspInit
                0x00000000080e1084       0xec ./Core/Src/stm32h7xx_hal_msp.o
                0x00000000080e1084                HAL_FDCAN_MspInit
 .text.HAL_TIM_Base_MspInit
                0x00000000080e1170       0x44 ./Core/Src/stm32h7xx_hal_msp.o
                0x00000000080e1170                HAL_TIM_Base_MspInit
 .text.NMI_Handler
                0x00000000080e11b4        0x6 ./Core/Src/stm32h7xx_it.o
                0x00000000080e11b4                NMI_Handler
 *fill*         0x00000000080e11ba        0x2 
 .text.HardFault_Handler
                0x00000000080e11bc       0x14 ./Core/Src/stm32h7xx_it.o
                0x00000000080e11bc                HardFault_Handler
 .text.MemManage_Handler
                0x00000000080e11d0        0x6 ./Core/Src/stm32h7xx_it.o
                0x00000000080e11d0                MemManage_Handler
 .text.BusFault_Handler
                0x00000000080e11d6        0x6 ./Core/Src/stm32h7xx_it.o
                0x00000000080e11d6                BusFault_Handler
 .text.UsageFault_Handler
                0x00000000080e11dc        0x6 ./Core/Src/stm32h7xx_it.o
                0x00000000080e11dc                UsageFault_Handler
 .text.SVC_Handler
                0x00000000080e11e2        0xe ./Core/Src/stm32h7xx_it.o
                0x00000000080e11e2                SVC_Handler
 .text.DebugMon_Handler
                0x00000000080e11f0        0xe ./Core/Src/stm32h7xx_it.o
                0x00000000080e11f0                DebugMon_Handler
 .text.PendSV_Handler
                0x00000000080e11fe        0xe ./Core/Src/stm32h7xx_it.o
                0x00000000080e11fe                PendSV_Handler
 .text.SysTick_Handler
                0x00000000080e120c        0xc ./Core/Src/stm32h7xx_it.o
                0x00000000080e120c                SysTick_Handler
 .text.SystemInit
                0x00000000080e1218       0xf0 ./Core/Src/system_stm32h7xx.o
                0x00000000080e1218                SystemInit
 .text.Reset_Handler
                0x00000000080e1308       0x50 ./Core/Startup/startup_stm32h723zgtx.o
                0x00000000080e1308                Reset_Handler
 .text.Default_Handler
                0x00000000080e1358        0x2 ./Core/Startup/startup_stm32h723zgtx.o
                0x00000000080e1358                RTC_Alarm_IRQHandler
                0x00000000080e1358                EXTI2_IRQHandler
                0x00000000080e1358                TIM8_CC_IRQHandler
                0x00000000080e1358                UART8_IRQHandler
                0x00000000080e1358                SPI4_IRQHandler
                0x00000000080e1358                FDCAN3_IT0_IRQHandler
                0x00000000080e1358                TIM1_CC_IRQHandler
                0x00000000080e1358                BDMA_Channel6_IRQHandler
                0x00000000080e1358                DMA2_Stream5_IRQHandler
                0x00000000080e1358                DMA1_Stream5_IRQHandler
                0x00000000080e1358                CORDIC_IRQHandler
                0x00000000080e1358                BDMA_Channel1_IRQHandler
                0x00000000080e1358                TAMP_STAMP_IRQHandler
                0x00000000080e1358                EXTI3_IRQHandler
                0x00000000080e1358                LPTIM4_IRQHandler
                0x00000000080e1358                TIM8_TRG_COM_TIM14_IRQHandler
                0x00000000080e1358                LPTIM2_IRQHandler
                0x00000000080e1358                DFSDM1_FLT1_IRQHandler
                0x00000000080e1358                DMAMUX2_OVR_IRQHandler
                0x00000000080e1358                TIM8_UP_TIM13_IRQHandler
                0x00000000080e1358                I2C3_ER_IRQHandler
                0x00000000080e1358                DFSDM1_FLT2_IRQHandler
                0x00000000080e1358                I2C5_EV_IRQHandler
                0x00000000080e1358                USART10_IRQHandler
                0x00000000080e1358                MDMA_IRQHandler
                0x00000000080e1358                LPTIM3_IRQHandler
                0x00000000080e1358                HSEM1_IRQHandler
                0x00000000080e1358                EXTI0_IRQHandler
                0x00000000080e1358                I2C2_EV_IRQHandler
                0x00000000080e1358                DMA1_Stream2_IRQHandler
                0x00000000080e1358                FPU_IRQHandler
                0x00000000080e1358                OTG_HS_WKUP_IRQHandler
                0x00000000080e1358                FDCAN1_IT1_IRQHandler
                0x00000000080e1358                LTDC_ER_IRQHandler
                0x00000000080e1358                DMA2_Stream2_IRQHandler
                0x00000000080e1358                SPI1_IRQHandler
                0x00000000080e1358                OCTOSPI1_IRQHandler
                0x00000000080e1358                TIM6_DAC_IRQHandler
                0x00000000080e1358                DMA2_Stream3_IRQHandler
                0x00000000080e1358                OCTOSPI2_IRQHandler
                0x00000000080e1358                DFSDM1_FLT3_IRQHandler
                0x00000000080e1358                TIM23_IRQHandler
                0x00000000080e1358                USART6_IRQHandler
                0x00000000080e1358                TIM17_IRQHandler
                0x00000000080e1358                USART3_IRQHandler
                0x00000000080e1358                BDMA_Channel7_IRQHandler
                0x00000000080e1358                LPTIM5_IRQHandler
                0x00000000080e1358                UART5_IRQHandler
                0x00000000080e1358                ADC3_IRQHandler
                0x00000000080e1358                DMA2_Stream0_IRQHandler
                0x00000000080e1358                TIM4_IRQHandler
                0x00000000080e1358                BDMA_Channel2_IRQHandler
                0x00000000080e1358                I2C1_EV_IRQHandler
                0x00000000080e1358                DMA1_Stream6_IRQHandler
                0x00000000080e1358                DMAMUX1_OVR_IRQHandler
                0x00000000080e1358                DMA1_Stream1_IRQHandler
                0x00000000080e1358                TIM16_IRQHandler
                0x00000000080e1358                UART4_IRQHandler
                0x00000000080e1358                BDMA_Channel5_IRQHandler
                0x00000000080e1358                TIM3_IRQHandler
                0x00000000080e1358                RCC_IRQHandler
                0x00000000080e1358                UART9_IRQHandler
                0x00000000080e1358                TIM8_BRK_TIM12_IRQHandler
                0x00000000080e1358                TIM1_TRG_COM_IRQHandler
                0x00000000080e1358                Default_Handler
                0x00000000080e1358                ECC_IRQHandler
                0x00000000080e1358                FMAC_IRQHandler
                0x00000000080e1358                CEC_IRQHandler
                0x00000000080e1358                EXTI15_10_IRQHandler
                0x00000000080e1358                BDMA_Channel0_IRQHandler
                0x00000000080e1358                ADC_IRQHandler
                0x00000000080e1358                I2C5_ER_IRQHandler
                0x00000000080e1358                DMA1_Stream7_IRQHandler
                0x00000000080e1358                SPI5_IRQHandler
                0x00000000080e1358                TIM7_IRQHandler
                0x00000000080e1358                FDCAN3_IT1_IRQHandler
                0x00000000080e1358                SDMMC1_IRQHandler
                0x00000000080e1358                TIM5_IRQHandler
                0x00000000080e1358                DMA2_Stream7_IRQHandler
                0x00000000080e1358                TIM15_IRQHandler
                0x00000000080e1358                PVD_AVD_IRQHandler
                0x00000000080e1358                I2C3_EV_IRQHandler
                0x00000000080e1358                EXTI9_5_IRQHandler
                0x00000000080e1358                RTC_WKUP_IRQHandler
                0x00000000080e1358                LTDC_IRQHandler
                0x00000000080e1358                ETH_WKUP_IRQHandler
                0x00000000080e1358                SPDIF_RX_IRQHandler
                0x00000000080e1358                SPI2_IRQHandler
                0x00000000080e1358                OTG_HS_EP1_IN_IRQHandler
                0x00000000080e1358                DMA1_Stream0_IRQHandler
                0x00000000080e1358                TIM24_IRQHandler
                0x00000000080e1358                CRS_IRQHandler
                0x00000000080e1358                EXTI4_IRQHandler
                0x00000000080e1358                RNG_IRQHandler
                0x00000000080e1358                FDCAN2_IT1_IRQHandler
                0x00000000080e1358                ETH_IRQHandler
                0x00000000080e1358                TIM1_UP_IRQHandler
                0x00000000080e1358                BDMA_Channel4_IRQHandler
                0x00000000080e1358                OTG_HS_EP1_OUT_IRQHandler
                0x00000000080e1358                WWDG_IRQHandler
                0x00000000080e1358                SPI6_IRQHandler
                0x00000000080e1358                MDIOS_IRQHandler
                0x00000000080e1358                I2C4_EV_IRQHandler
                0x00000000080e1358                FDCAN2_IT0_IRQHandler
                0x00000000080e1358                LPUART1_IRQHandler
                0x00000000080e1358                FDCAN1_IT0_IRQHandler
                0x00000000080e1358                TIM2_IRQHandler
                0x00000000080e1358                OTG_HS_IRQHandler
                0x00000000080e1358                DMA2D_IRQHandler
                0x00000000080e1358                TIM1_BRK_IRQHandler
                0x00000000080e1358                EXTI1_IRQHandler
                0x00000000080e1358                SDMMC2_IRQHandler
                0x00000000080e1358                BDMA_Channel3_IRQHandler
                0x00000000080e1358                DTS_IRQHandler
                0x00000000080e1358                UART7_IRQHandler
                0x00000000080e1358                MDIOS_WKUP_IRQHandler
                0x00000000080e1358                USART2_IRQHandler
                0x00000000080e1358                DFSDM1_FLT0_IRQHandler
                0x00000000080e1358                SAI4_IRQHandler
                0x00000000080e1358                I2C2_ER_IRQHandler
                0x00000000080e1358                DMA2_Stream1_IRQHandler
                0x00000000080e1358                FLASH_IRQHandler
                0x00000000080e1358                DMA2_Stream4_IRQHandler
                0x00000000080e1358                USART1_IRQHandler
                0x00000000080e1358                SPI3_IRQHandler
                0x00000000080e1358                WAKEUP_PIN_IRQHandler
                0x00000000080e1358                DMA1_Stream4_IRQHandler
                0x00000000080e1358                I2C1_ER_IRQHandler
                0x00000000080e1358                FMC_IRQHandler
                0x00000000080e1358                FDCAN_CAL_IRQHandler
                0x00000000080e1358                SWPMI1_IRQHandler
                0x00000000080e1358                COMP1_IRQHandler
                0x00000000080e1358                LPTIM1_IRQHandler
                0x00000000080e1358                DCMI_PSSI_IRQHandler
                0x00000000080e1358                I2C4_ER_IRQHandler
                0x00000000080e1358                DMA2_Stream6_IRQHandler
                0x00000000080e1358                SAI1_IRQHandler
                0x00000000080e1358                DMA1_Stream3_IRQHandler
 *fill*         0x00000000080e135a        0x2 
 .text.HAL_Init
                0x00000000080e135c       0x78 ./Drivers/STM32H7xx_HAL_Driver/Src/stm32h7xx_hal.o
                0x00000000080e135c                HAL_Init
 .text.HAL_InitTick
                0x00000000080e13d4       0x6c ./Drivers/STM32H7xx_HAL_Driver/Src/stm32h7xx_hal.o
                0x00000000080e13d4                HAL_InitTick
 .text.HAL_IncTick
                0x00000000080e1440       0x28 ./Drivers/STM32H7xx_HAL_Driver/Src/stm32h7xx_hal.o
                0x00000000080e1440                HAL_IncTick
 .text.HAL_GetTick
                0x00000000080e1468       0x18 ./Drivers/STM32H7xx_HAL_Driver/Src/stm32h7xx_hal.o
                0x00000000080e1468                HAL_GetTick
 .text.__NVIC_SetPriorityGrouping
                0x00000000080e1480       0x48 ./Drivers/STM32H7xx_HAL_Driver/Src/stm32h7xx_hal_cortex.o
 .text.__NVIC_GetPriorityGrouping
                0x00000000080e14c8       0x1c ./Drivers/STM32H7xx_HAL_Driver/Src/stm32h7xx_hal_cortex.o
 .text.__NVIC_SetPriority
                0x00000000080e14e4       0x54 ./Drivers/STM32H7xx_HAL_Driver/Src/stm32h7xx_hal_cortex.o
 .text.NVIC_EncodePriority
                0x00000000080e1538       0x66 ./Drivers/STM32H7xx_HAL_Driver/Src/stm32h7xx_hal_cortex.o
 *fill*         0x00000000080e159e        0x2 
 .text.SysTick_Config
                0x00000000080e15a0       0x44 ./Drivers/STM32H7xx_HAL_Driver/Src/stm32h7xx_hal_cortex.o
 .text.HAL_NVIC_SetPriorityGrouping
                0x00000000080e15e4       0x16 ./Drivers/STM32H7xx_HAL_Driver/Src/stm32h7xx_hal_cortex.o
                0x00000000080e15e4                HAL_NVIC_SetPriorityGrouping
 .text.HAL_NVIC_SetPriority
                0x00000000080e15fa       0x34 ./Drivers/STM32H7xx_HAL_Driver/Src/stm32h7xx_hal_cortex.o
                0x00000000080e15fa                HAL_NVIC_SetPriority
 .text.HAL_SYSTICK_Config
                0x00000000080e162e       0x18 ./Drivers/STM32H7xx_HAL_Driver/Src/stm32h7xx_hal_cortex.o
                0x00000000080e162e                HAL_SYSTICK_Config
 *fill*         0x00000000080e1646        0x2 
 .text.HAL_FDCAN_Init
                0x00000000080e1648      0x3bc ./Drivers/STM32H7xx_HAL_Driver/Src/stm32h7xx_hal_fdcan.o
                0x00000000080e1648                HAL_FDCAN_Init
 .text.HAL_FDCAN_Start
                0x00000000080e1a04       0x56 ./Drivers/STM32H7xx_HAL_Driver/Src/stm32h7xx_hal_fdcan.o
                0x00000000080e1a04                HAL_FDCAN_Start
 .text.HAL_FDCAN_AddMessageToTxFifoQ
                0x00000000080e1a5a       0xb6 ./Drivers/STM32H7xx_HAL_Driver/Src/stm32h7xx_hal_fdcan.o
                0x00000000080e1a5a                HAL_FDCAN_AddMessageToTxFifoQ
 .text.HAL_FDCAN_GetRxMessage
                0x00000000080e1b10      0x2dc ./Drivers/STM32H7xx_HAL_Driver/Src/stm32h7xx_hal_fdcan.o
                0x00000000080e1b10                HAL_FDCAN_GetRxMessage
 .text.HAL_FDCAN_ActivateNotification
                0x00000000080e1dec       0xf4 ./Drivers/STM32H7xx_HAL_Driver/Src/stm32h7xx_hal_fdcan.o
                0x00000000080e1dec                HAL_FDCAN_ActivateNotification
 .text.FDCAN_CalcultateRamBlockAddresses
                0x00000000080e1ee0      0x30c ./Drivers/STM32H7xx_HAL_Driver/Src/stm32h7xx_hal_fdcan.o
 .text.FDCAN_CopyMessageToRAM
                0x00000000080e21ec       0xfc ./Drivers/STM32H7xx_HAL_Driver/Src/stm32h7xx_hal_fdcan.o
 .text.HAL_FLASH_Program
                0x00000000080e22e8       0xdc ./Drivers/STM32H7xx_HAL_Driver/Src/stm32h7xx_hal_flash.o
                0x00000000080e22e8                HAL_FLASH_Program
 .text.HAL_FLASH_Unlock
                0x00000000080e23c4       0x44 ./Drivers/STM32H7xx_HAL_Driver/Src/stm32h7xx_hal_flash.o
                0x00000000080e23c4                HAL_FLASH_Unlock
 .text.HAL_FLASH_Lock
                0x00000000080e2408       0x30 ./Drivers/STM32H7xx_HAL_Driver/Src/stm32h7xx_hal_flash.o
                0x00000000080e2408                HAL_FLASH_Lock
 .text.FLASH_WaitForLastOperation
                0x00000000080e2438       0xac ./Drivers/STM32H7xx_HAL_Driver/Src/stm32h7xx_hal_flash.o
                0x00000000080e2438                FLASH_WaitForLastOperation
 .text.HAL_FLASHEx_Erase
                0x00000000080e24e4      0x118 ./Drivers/STM32H7xx_HAL_Driver/Src/stm32h7xx_hal_flash_ex.o
                0x00000000080e24e4                HAL_FLASHEx_Erase
 .text.FLASH_MassErase
                0x00000000080e25fc       0x48 ./Drivers/STM32H7xx_HAL_Driver/Src/stm32h7xx_hal_flash_ex.o
 .text.FLASH_Erase_Sector
                0x00000000080e2644       0x48 ./Drivers/STM32H7xx_HAL_Driver/Src/stm32h7xx_hal_flash_ex.o
                0x00000000080e2644                FLASH_Erase_Sector
 .text.HAL_GPIO_Init
                0x00000000080e268c      0x350 ./Drivers/STM32H7xx_HAL_Driver/Src/stm32h7xx_hal_gpio.o
                0x00000000080e268c                HAL_GPIO_Init
 .text.HAL_GPIO_WritePin
                0x00000000080e29dc       0x32 ./Drivers/STM32H7xx_HAL_Driver/Src/stm32h7xx_hal_gpio.o
                0x00000000080e29dc                HAL_GPIO_WritePin
 .text.HAL_GPIO_TogglePin
                0x00000000080e2a0e       0x34 ./Drivers/STM32H7xx_HAL_Driver/Src/stm32h7xx_hal_gpio.o
                0x00000000080e2a0e                HAL_GPIO_TogglePin
 *fill*         0x00000000080e2a42        0x2 
 .text.HAL_PWREx_ConfigSupply
                0x00000000080e2a44       0x74 ./Drivers/STM32H7xx_HAL_Driver/Src/stm32h7xx_hal_pwr_ex.o
                0x00000000080e2a44                HAL_PWREx_ConfigSupply
 .text.HAL_RCC_OscConfig
                0x00000000080e2ab8      0x75c ./Drivers/STM32H7xx_HAL_Driver/Src/stm32h7xx_hal_rcc.o
                0x00000000080e2ab8                HAL_RCC_OscConfig
 .text.HAL_RCC_ClockConfig
                0x00000000080e3214      0x36c ./Drivers/STM32H7xx_HAL_Driver/Src/stm32h7xx_hal_rcc.o
                0x00000000080e3214                HAL_RCC_ClockConfig
 .text.HAL_RCC_GetSysClockFreq
                0x00000000080e3580      0x2f4 ./Drivers/STM32H7xx_HAL_Driver/Src/stm32h7xx_hal_rcc.o
                0x00000000080e3580                HAL_RCC_GetSysClockFreq
 .text.HAL_RCCEx_PeriphCLKConfig
                0x00000000080e3874      0xdf4 ./Drivers/STM32H7xx_HAL_Driver/Src/stm32h7xx_hal_rcc_ex.o
                0x00000000080e3874                HAL_RCCEx_PeriphCLKConfig
 .text.RCCEx_PLL2_Config
                0x00000000080e4668      0x164 ./Drivers/STM32H7xx_HAL_Driver/Src/stm32h7xx_hal_rcc_ex.o
 .text.RCCEx_PLL3_Config
                0x00000000080e47cc      0x164 ./Drivers/STM32H7xx_HAL_Driver/Src/stm32h7xx_hal_rcc_ex.o
 .text.HAL_TIM_Base_Init
                0x00000000080e4930       0xae ./Drivers/STM32H7xx_HAL_Driver/Src/stm32h7xx_hal_tim.o
                0x00000000080e4930                HAL_TIM_Base_Init
 *fill*         0x00000000080e49de        0x2 
 .text.HAL_TIM_Base_Start
                0x00000000080e49e0       0xfc ./Drivers/STM32H7xx_HAL_Driver/Src/stm32h7xx_hal_tim.o
                0x00000000080e49e0                HAL_TIM_Base_Start
 .text.HAL_TIM_ConfigClockSource
                0x00000000080e4adc      0x1f0 ./Drivers/STM32H7xx_HAL_Driver/Src/stm32h7xx_hal_tim.o
                0x00000000080e4adc                HAL_TIM_ConfigClockSource
 .text.TIM_Base_SetConfig
                0x00000000080e4ccc      0x14c ./Drivers/STM32H7xx_HAL_Driver/Src/stm32h7xx_hal_tim.o
                0x00000000080e4ccc                TIM_Base_SetConfig
 .text.TIM_TI1_ConfigInputStage
                0x00000000080e4e18       0x5e ./Drivers/STM32H7xx_HAL_Driver/Src/stm32h7xx_hal_tim.o
 .text.TIM_TI2_ConfigInputStage
                0x00000000080e4e76       0x60 ./Drivers/STM32H7xx_HAL_Driver/Src/stm32h7xx_hal_tim.o
 *fill*         0x00000000080e4ed6        0x2 
 .text.TIM_ITRx_SetConfig
                0x00000000080e4ed8       0x3c ./Drivers/STM32H7xx_HAL_Driver/Src/stm32h7xx_hal_tim.o
 .text.TIM_ETR_SetConfig
                0x00000000080e4f14       0x40 ./Drivers/STM32H7xx_HAL_Driver/Src/stm32h7xx_hal_tim.o
                0x00000000080e4f14                TIM_ETR_SetConfig
 .text.HAL_TIMEx_MasterConfigSynchronization
                0x00000000080e4f54      0x138 ./Drivers/STM32H7xx_HAL_Driver/Src/stm32h7xx_hal_tim_ex.o
                0x00000000080e4f54                HAL_TIMEx_MasterConfigSynchronization
 .text.__libc_init_array
                0x00000000080e508c       0x48 /home/predawnia/st/stm32cubeide_1.10.1_2/plugins/com.st.stm32cube.ide.mcu.externaltools.gnu-tools-for-stm32.10.3-2021.10.linux64_1.0.0.202111181127/tools/bin/../lib/gcc/arm-none-eabi/10.3.1/../../../../arm-none-eabi/lib/thumb/v7e-m+dp/hard/libc_nano.a(lib_a-init.o)
                0x00000000080e508c                __libc_init_array
 .text.memcpy   0x00000000080e50d4       0x1c /home/predawnia/st/stm32cubeide_1.10.1_2/plugins/com.st.stm32cube.ide.mcu.externaltools.gnu-tools-for-stm32.10.3-2021.10.linux64_1.0.0.202111181127/tools/bin/../lib/gcc/arm-none-eabi/10.3.1/../../../../arm-none-eabi/lib/thumb/v7e-m+dp/hard/libc_nano.a(lib_a-memcpy-stub.o)
                0x00000000080e50d4                memcpy
 .text.memset   0x00000000080e50f0       0x10 /home/predawnia/st/stm32cubeide_1.10.1_2/plugins/com.st.stm32cube.ide.mcu.externaltools.gnu-tools-for-stm32.10.3-2021.10.linux64_1.0.0.202111181127/tools/bin/../lib/gcc/arm-none-eabi/10.3.1/../../../../arm-none-eabi/lib/thumb/v7e-m+dp/hard/libc_nano.a(lib_a-memset.o)
                0x00000000080e50f0                memset
 *(.glue_7)
 .glue_7        0x00000000080e5100        0x0 linker stubs
 *(.glue_7t)
 .glue_7t       0x00000000080e5100        0x0 linker stubs
 *(.eh_frame)
 .eh_frame      0x00000000080e5100        0x0 /home/predawnia/st/stm32cubeide_1.10.1_2/plugins/com.st.stm32cube.ide.mcu.externaltools.gnu-tools-for-stm32.10.3-2021.10.linux64_1.0.0.202111181127/tools/bin/../lib/gcc/arm-none-eabi/10.3.1/thumb/v7e-m+dp/hard/crtbegin.o
 *(.init)
 .init          0x00000000080e5100        0x4 /home/predawnia/st/stm32cubeide_1.10.1_2/plugins/com.st.stm32cube.ide.mcu.externaltools.gnu-tools-for-stm32.10.3-2021.10.linux64_1.0.0.202111181127/tools/bin/../lib/gcc/arm-none-eabi/10.3.1/thumb/v7e-m+dp/hard/crti.o
                0x00000000080e5100                _init
 .init          0x00000000080e5104        0x8 /home/predawnia/st/stm32cubeide_1.10.1_2/plugins/com.st.stm32cube.ide.mcu.externaltools.gnu-tools-for-stm32.10.3-2021.10.linux64_1.0.0.202111181127/tools/bin/../lib/gcc/arm-none-eabi/10.3.1/thumb/v7e-m+dp/hard/crtn.o
 *(.fini)
 .fini          0x00000000080e510c        0x4 /home/predawnia/st/stm32cubeide_1.10.1_2/plugins/com.st.stm32cube.ide.mcu.externaltools.gnu-tools-for-stm32.10.3-2021.10.linux64_1.0.0.202111181127/tools/bin/../lib/gcc/arm-none-eabi/10.3.1/thumb/v7e-m+dp/hard/crti.o
                0x00000000080e510c                _fini
 .fini          0x00000000080e5110        0x8 /home/predawnia/st/stm32cubeide_1.10.1_2/plugins/com.st.stm32cube.ide.mcu.externaltools.gnu-tools-for-stm32.10.3-2021.10.linux64_1.0.0.202111181127/tools/bin/../lib/gcc/arm-none-eabi/10.3.1/thumb/v7e-m+dp/hard/crtn.o
                0x00000000080e5118                . = ALIGN (0x4)
                0x00000000080e5118                _etext = .

.vfp11_veneer   0x00000000080e5118        0x0
 .vfp11_veneer  0x00000000080e5118        0x0 linker stubs

.v4_bx          0x00000000080e5118        0x0
 .v4_bx         0x00000000080e5118        0x0 linker stubs

.iplt           0x00000000080e5118        0x0
 .iplt          0x00000000080e5118        0x0 /home/predawnia/st/stm32cubeide_1.10.1_2/plugins/com.st.stm32cube.ide.mcu.externaltools.gnu-tools-for-stm32.10.3-2021.10.linux64_1.0.0.202111181127/tools/bin/../lib/gcc/arm-none-eabi/10.3.1/thumb/v7e-m+dp/hard/crtbegin.o

.rodata         0x00000000080e5118       0x6c
                0x00000000080e5118                . = ALIGN (0x4)
 *(.rodata)
 .rodata        0x00000000080e5118       0x4c ./Drivers/STM32H7xx_HAL_Driver/Src/stm32h7xx_hal_fdcan.o
 *(.rodata*)
 .rodata.D1CorePrescTable
                0x00000000080e5164       0x10 ./Core/Src/system_stm32h7xx.o
                0x00000000080e5164                D1CorePrescTable
 .rodata.DLCtoBytes
                0x00000000080e5174       0x10 ./Drivers/STM32H7xx_HAL_Driver/Src/stm32h7xx_hal_fdcan.o
                0x00000000080e5184                . = ALIGN (0x4)

.rel.dyn        0x00000000080e5184        0x0
 .rel.iplt      0x00000000080e5184        0x0 /home/predawnia/st/stm32cubeide_1.10.1_2/plugins/com.st.stm32cube.ide.mcu.externaltools.gnu-tools-for-stm32.10.3-2021.10.linux64_1.0.0.202111181127/tools/bin/../lib/gcc/arm-none-eabi/10.3.1/thumb/v7e-m+dp/hard/crtbegin.o

.ARM.extab
 *(.ARM.extab* .gnu.linkonce.armextab.*)

.ARM            0x00000000080e5184        0x0
                0x00000000080e5184                __exidx_start = .
 *(.ARM.exidx*)
                0x00000000080e5184                __exidx_end = .

.preinit_array  0x00000000080e5184        0x0
                0x00000000080e5184                PROVIDE (__preinit_array_start = .)
 *(.preinit_array*)
                0x00000000080e5184                PROVIDE (__preinit_array_end = .)

.init_array     0x00000000080e5184        0x4
                0x00000000080e5184                PROVIDE (__init_array_start = .)
 *(SORT_BY_NAME(.init_array.*))
 *(.init_array*)
 .init_array    0x00000000080e5184        0x4 /home/predawnia/st/stm32cubeide_1.10.1_2/plugins/com.st.stm32cube.ide.mcu.externaltools.gnu-tools-for-stm32.10.3-2021.10.linux64_1.0.0.202111181127/tools/bin/../lib/gcc/arm-none-eabi/10.3.1/thumb/v7e-m+dp/hard/crtbegin.o
                0x00000000080e5188                PROVIDE (__init_array_end = .)

.fini_array     0x00000000080e5188        0x4
                [!provide]                        PROVIDE (__fini_array_start = .)
 *(SORT_BY_NAME(.fini_array.*))
 *(.fini_array*)
 .fini_array    0x00000000080e5188        0x4 /home/predawnia/st/stm32cubeide_1.10.1_2/plugins/com.st.stm32cube.ide.mcu.externaltools.gnu-tools-for-stm32.10.3-2021.10.linux64_1.0.0.202111181127/tools/bin/../lib/gcc/arm-none-eabi/10.3.1/thumb/v7e-m+dp/hard/crtbegin.o
                [!provide]                        PROVIDE (__fini_array_end = .)
                0x00000000080e518c                _sidata = LOADADDR (.data)

.data           0x0000000024000000       0x10 load address 0x00000000080e518c
                0x0000000024000000                . = ALIGN (0x4)
                0x0000000024000000                _sdata = .
 *(.data)
 *(.data*)
 .data.SystemCoreClock
                0x0000000024000000        0x4 ./Core/Src/system_stm32h7xx.o
                0x0000000024000000                SystemCoreClock
 .data.SystemD2Clock
                0x0000000024000004        0x4 ./Core/Src/system_stm32h7xx.o
                0x0000000024000004                SystemD2Clock
 .data.uwTickPrio
                0x0000000024000008        0x4 ./Drivers/STM32H7xx_HAL_Driver/Src/stm32h7xx_hal.o
                0x0000000024000008                uwTickPrio
 .data.uwTickFreq
                0x000000002400000c        0x1 ./Drivers/STM32H7xx_HAL_Driver/Src/stm32h7xx_hal.o
                0x000000002400000c                uwTickFreq
 *(.RamFunc)
 *(.RamFunc*)
                0x0000000024000010                . = ALIGN (0x4)
 *fill*         0x000000002400000d        0x3 
                0x0000000024000010                _edata = .

.igot.plt       0x0000000024000010        0x0 load address 0x00000000080e519c
 .igot.plt      0x0000000024000010        0x0 /home/predawnia/st/stm32cubeide_1.10.1_2/plugins/com.st.stm32cube.ide.mcu.externaltools.gnu-tools-for-stm32.10.3-2021.10.linux64_1.0.0.202111181127/tools/bin/../lib/gcc/arm-none-eabi/10.3.1/thumb/v7e-m+dp/hard/crtbegin.o
                0x0000000024000010                . = ALIGN (0x4)

.bss            0x0000000024000010      0x188 load address 0x00000000080e519c
                0x0000000024000010                _sbss = .
                0x0000000024000010                __bss_start__ = _sbss
 *(.bss)
 .bss           0x0000000024000010       0x1c /home/predawnia/st/stm32cubeide_1.10.1_2/plugins/com.st.stm32cube.ide.mcu.externaltools.gnu-tools-for-stm32.10.3-2021.10.linux64_1.0.0.202111181127/tools/bin/../lib/gcc/arm-none-eabi/10.3.1/thumb/v7e-m+dp/hard/crtbegin.o
 *(.bss*)
 .bss.tx_header
                0x000000002400002c       0x24 ./Core/App/FDCAN.o
                0x000000002400002c                tx_header
 .bss.rx_header_buffer
                0x0000000024000050       0x28 ./Core/App/FDCAN.o
                0x0000000024000050                rx_header_buffer
 .bss.EraseInitStruct.0
                0x0000000024000078       0x14 ./Core/App/Flash.o
 .bss.hfdcan1   0x000000002400008c       0xa0 ./Core/Src/main.o
                0x000000002400008c                hfdcan1
 .bss.htim23    0x000000002400012c       0x4c ./Core/Src/main.o
                0x000000002400012c                htim23
 .bss.uwTick    0x0000000024000178        0x4 ./Drivers/STM32H7xx_HAL_Driver/Src/stm32h7xx_hal.o
                0x0000000024000178                uwTick
 .bss.pFlash    0x000000002400017c       0x1c ./Drivers/STM32H7xx_HAL_Driver/Src/stm32h7xx_hal_flash.o
                0x000000002400017c                pFlash
 *(COMMON)
                0x0000000024000198                . = ALIGN (0x4)
                0x0000000024000198                _ebss = .
                0x0000000024000198                __bss_end__ = _ebss

._user_heap_stack
                0x0000000024000198      0x600 load address 0x00000000080e519c
                0x0000000024000198                . = ALIGN (0x8)
                [!provide]                        PROVIDE (end = .)
                0x0000000024000198                PROVIDE (_end = .)
                0x0000000024000398                . = (. + _Min_Heap_Size)
 *fill*         0x0000000024000198      0x200 
                0x0000000024000798                . = (. + _Min_Stack_Size)
 *fill*         0x0000000024000398      0x400 
                0x0000000024000798                . = ALIGN (0x8)

/DISCARD/
 libc.a(*)
 libm.a(*)
 libgcc.a(*)

.ARM.attributes
                0x0000000000000000       0x2e
 *(.ARM.attributes)
 .ARM.attributes
                0x0000000000000000       0x1e /home/predawnia/st/stm32cubeide_1.10.1_2/plugins/com.st.stm32cube.ide.mcu.externaltools.gnu-tools-for-stm32.10.3-2021.10.linux64_1.0.0.202111181127/tools/bin/../lib/gcc/arm-none-eabi/10.3.1/thumb/v7e-m+dp/hard/crti.o
 .ARM.attributes
                0x000000000000001e       0x32 /home/predawnia/st/stm32cubeide_1.10.1_2/plugins/com.st.stm32cube.ide.mcu.externaltools.gnu-tools-for-stm32.10.3-2021.10.linux64_1.0.0.202111181127/tools/bin/../lib/gcc/arm-none-eabi/10.3.1/thumb/v7e-m+dp/hard/crtbegin.o
 .ARM.attributes
                0x0000000000000050       0x32 ./Core/App/Bootloader.o
 .ARM.attributes
                0x0000000000000082       0x32 ./Core/App/FDCAN.o
 .ARM.attributes
                0x00000000000000b4       0x32 ./Core/App/Flash.o
 .ARM.attributes
                0x00000000000000e6       0x32 ./Core/Src/main.o
 .ARM.attributes
                0x0000000000000118       0x32 ./Core/Src/stm32h7xx_hal_msp.o
 .ARM.attributes
                0x000000000000014a       0x32 ./Core/Src/stm32h7xx_it.o
 .ARM.attributes
                0x000000000000017c       0x32 ./Core/Src/system_stm32h7xx.o
 .ARM.attributes
                0x00000000000001ae       0x21 ./Core/Startup/startup_stm32h723zgtx.o
 .ARM.attributes
                0x00000000000001cf       0x32 ./Drivers/STM32H7xx_HAL_Driver/Src/stm32h7xx_hal.o
 .ARM.attributes
                0x0000000000000201       0x32 ./Drivers/STM32H7xx_HAL_Driver/Src/stm32h7xx_hal_cortex.o
 .ARM.attributes
                0x0000000000000233       0x32 ./Drivers/STM32H7xx_HAL_Driver/Src/stm32h7xx_hal_fdcan.o
 .ARM.attributes
                0x0000000000000265       0x32 ./Drivers/STM32H7xx_HAL_Driver/Src/stm32h7xx_hal_flash.o
 .ARM.attributes
                0x0000000000000297       0x32 ./Drivers/STM32H7xx_HAL_Driver/Src/stm32h7xx_hal_flash_ex.o
 .ARM.attributes
                0x00000000000002c9       0x32 ./Drivers/STM32H7xx_HAL_Driver/Src/stm32h7xx_hal_gpio.o
 .ARM.attributes
                0x00000000000002fb       0x32 ./Drivers/STM32H7xx_HAL_Driver/Src/stm32h7xx_hal_pwr_ex.o
 .ARM.attributes
                0x000000000000032d       0x32 ./Drivers/STM32H7xx_HAL_Driver/Src/stm32h7xx_hal_rcc.o
 .ARM.attributes
                0x000000000000035f       0x32 ./Drivers/STM32H7xx_HAL_Driver/Src/stm32h7xx_hal_rcc_ex.o
 .ARM.attributes
                0x0000000000000391       0x32 ./Drivers/STM32H7xx_HAL_Driver/Src/stm32h7xx_hal_tim.o
 .ARM.attributes
                0x00000000000003c3       0x32 ./Drivers/STM32H7xx_HAL_Driver/Src/stm32h7xx_hal_tim_ex.o
 .ARM.attributes
                0x00000000000003f5       0x32 /home/predawnia/st/stm32cubeide_1.10.1_2/plugins/com.st.stm32cube.ide.mcu.externaltools.gnu-tools-for-stm32.10.3-2021.10.linux64_1.0.0.202111181127/tools/bin/../lib/gcc/arm-none-eabi/10.3.1/../../../../arm-none-eabi/lib/thumb/v7e-m+dp/hard/libc_nano.a(lib_a-init.o)
 .ARM.attributes
                0x0000000000000427       0x32 /home/predawnia/st/stm32cubeide_1.10.1_2/plugins/com.st.stm32cube.ide.mcu.externaltools.gnu-tools-for-stm32.10.3-2021.10.linux64_1.0.0.202111181127/tools/bin/../lib/gcc/arm-none-eabi/10.3.1/../../../../arm-none-eabi/lib/thumb/v7e-m+dp/hard/libc_nano.a(lib_a-memcpy-stub.o)
 .ARM.attributes
                0x0000000000000459       0x32 /home/predawnia/st/stm32cubeide_1.10.1_2/plugins/com.st.stm32cube.ide.mcu.externaltools.gnu-tools-for-stm32.10.3-2021.10.linux64_1.0.0.202111181127/tools/bin/../lib/gcc/arm-none-eabi/10.3.1/../../../../arm-none-eabi/lib/thumb/v7e-m+dp/hard/libc_nano.a(lib_a-memset.o)
 .ARM.attributes
                0x000000000000048b       0x1e /home/predawnia/st/stm32cubeide_1.10.1_2/plugins/com.st.stm32cube.ide.mcu.externaltools.gnu-tools-for-stm32.10.3-2021.10.linux64_1.0.0.202111181127/tools/bin/../lib/gcc/arm-none-eabi/10.3.1/thumb/v7e-m+dp/hard/crtn.o
OUTPUT(HUPV-Bootloader.elf elf32-littlearm)
LOAD linker stubs
LOAD /home/predawnia/st/stm32cubeide_1.10.1_2/plugins/com.st.stm32cube.ide.mcu.externaltools.gnu-tools-for-stm32.10.3-2021.10.linux64_1.0.0.202111181127/tools/bin/../lib/gcc/arm-none-eabi/10.3.1/../../../../arm-none-eabi/lib/thumb/v7e-m+dp/hard/libc.a
LOAD /home/predawnia/st/stm32cubeide_1.10.1_2/plugins/com.st.stm32cube.ide.mcu.externaltools.gnu-tools-for-stm32.10.3-2021.10.linux64_1.0.0.202111181127/tools/bin/../lib/gcc/arm-none-eabi/10.3.1/../../../../arm-none-eabi/lib/thumb/v7e-m+dp/hard/libm.a
LOAD /home/predawnia/st/stm32cubeide_1.10.1_2/plugins/com.st.stm32cube.ide.mcu.externaltools.gnu-tools-for-stm32.10.3-2021.10.linux64_1.0.0.202111181127/tools/bin/../lib/gcc/arm-none-eabi/10.3.1/thumb/v7e-m+dp/hard/libgcc.a

.debug_info     0x0000000000000000    0x14ce7
 .debug_info    0x0000000000000000      0xce1 ./Core/App/Bootloader.o
 .debug_info    0x0000000000000ce1      0xb4f ./Core/App/FDCAN.o
 .debug_info    0x0000000000001830      0x3b4 ./Core/App/Flash.o
 .debug_info    0x0000000000001be4     0x1b86 ./Core/Src/main.o
 .debug_info    0x000000000000376a     0x1870 ./Core/Src/stm32h7xx_hal_msp.o
 .debug_info    0x0000000000004fda      0x261 ./Core/Src/stm32h7xx_it.o
 .debug_info    0x000000000000523b      0xb45 ./Core/Src/system_stm32h7xx.o
 .debug_info    0x0000000000005d80       0x22 ./Core/Startup/startup_stm32h723zgtx.o
 .debug_info    0x0000000000005da2     0x1746 ./Drivers/STM32H7xx_HAL_Driver/Src/stm32h7xx_hal.o
 .debug_info    0x00000000000074e8     0x1161 ./Drivers/STM32H7xx_HAL_Driver/Src/stm32h7xx_hal_cortex.o
 .debug_info    0x0000000000008649     0x2dae ./Drivers/STM32H7xx_HAL_Driver/Src/stm32h7xx_hal_fdcan.o
 .debug_info    0x000000000000b3f7      0x7f6 ./Drivers/STM32H7xx_HAL_Driver/Src/stm32h7xx_hal_flash.o
 .debug_info    0x000000000000bbed      0xcc9 ./Drivers/STM32H7xx_HAL_Driver/Src/stm32h7xx_hal_flash_ex.o
 .debug_info    0x000000000000c8b6      0xd37 ./Drivers/STM32H7xx_HAL_Driver/Src/stm32h7xx_hal_gpio.o
 .debug_info    0x000000000000d5ed      0xe71 ./Drivers/STM32H7xx_HAL_Driver/Src/stm32h7xx_hal_pwr_ex.o
 .debug_info    0x000000000000e45e      0xe4a ./Drivers/STM32H7xx_HAL_Driver/Src/stm32h7xx_hal_rcc.o
 .debug_info    0x000000000000f2a8     0x1299 ./Drivers/STM32H7xx_HAL_Driver/Src/stm32h7xx_hal_rcc_ex.o
 .debug_info    0x0000000000010541     0x2dd1 ./Drivers/STM32H7xx_HAL_Driver/Src/stm32h7xx_hal_tim.o
 .debug_info    0x0000000000013312     0x19d5 ./Drivers/STM32H7xx_HAL_Driver/Src/stm32h7xx_hal_tim_ex.o

.debug_abbrev   0x0000000000000000     0x27b1
 .debug_abbrev  0x0000000000000000      0x241 ./Core/App/Bootloader.o
 .debug_abbrev  0x0000000000000241      0x1a5 ./Core/App/FDCAN.o
 .debug_abbrev  0x00000000000003e6      0x146 ./Core/App/Flash.o
 .debug_abbrev  0x000000000000052c      0x31d ./Core/Src/main.o
 .debug_abbrev  0x0000000000000849      0x222 ./Core/Src/stm32h7xx_hal_msp.o
 .debug_abbrev  0x0000000000000a6b      0x11d ./Core/Src/stm32h7xx_it.o
 .debug_abbrev  0x0000000000000b88      0x136 ./Core/Src/system_stm32h7xx.o
 .debug_abbrev  0x0000000000000cbe       0x12 ./Core/Startup/startup_stm32h723zgtx.o
 .debug_abbrev  0x0000000000000cd0      0x292 ./Drivers/STM32H7xx_HAL_Driver/Src/stm32h7xx_hal.o
 .debug_abbrev  0x0000000000000f62      0x329 ./Drivers/STM32H7xx_HAL_Driver/Src/stm32h7xx_hal_cortex.o
 .debug_abbrev  0x000000000000128b      0x278 ./Drivers/STM32H7xx_HAL_Driver/Src/stm32h7xx_hal_fdcan.o
 .debug_abbrev  0x0000000000001503      0x23d ./Drivers/STM32H7xx_HAL_Driver/Src/stm32h7xx_hal_flash.o
 .debug_abbrev  0x0000000000001740      0x22d ./Drivers/STM32H7xx_HAL_Driver/Src/stm32h7xx_hal_flash_ex.o
 .debug_abbrev  0x000000000000196d      0x1ec ./Drivers/STM32H7xx_HAL_Driver/Src/stm32h7xx_hal_gpio.o
 .debug_abbrev  0x0000000000001b59      0x27e ./Drivers/STM32H7xx_HAL_Driver/Src/stm32h7xx_hal_pwr_ex.o
 .debug_abbrev  0x0000000000001dd7      0x2a7 ./Drivers/STM32H7xx_HAL_Driver/Src/stm32h7xx_hal_rcc.o
 .debug_abbrev  0x000000000000207e      0x25c ./Drivers/STM32H7xx_HAL_Driver/Src/stm32h7xx_hal_rcc_ex.o
 .debug_abbrev  0x00000000000022da      0x25d ./Drivers/STM32H7xx_HAL_Driver/Src/stm32h7xx_hal_tim.o
 .debug_abbrev  0x0000000000002537      0x27a ./Drivers/STM32H7xx_HAL_Driver/Src/stm32h7xx_hal_tim_ex.o

.debug_aranges  0x0000000000000000     0x1288
 .debug_aranges
                0x0000000000000000       0x90 ./Core/App/Bootloader.o
 .debug_aranges
                0x0000000000000090       0x30 ./Core/App/FDCAN.o
 .debug_aranges
                0x00000000000000c0       0x40 ./Core/App/Flash.o
 .debug_aranges
                0x0000000000000100       0x50 ./Core/Src/main.o
 .debug_aranges
                0x0000000000000150       0x40 ./Core/Src/stm32h7xx_hal_msp.o
 .debug_aranges
                0x0000000000000190       0x60 ./Core/Src/stm32h7xx_it.o
 .debug_aranges
                0x00000000000001f0       0x28 ./Core/Src/system_stm32h7xx.o
 .debug_aranges
                0x0000000000000218       0x28 ./Core/Startup/startup_stm32h723zgtx.o
 .debug_aranges
                0x0000000000000240      0x1c8 ./Drivers/STM32H7xx_HAL_Driver/Src/stm32h7xx_hal.o
 .debug_aranges
                0x0000000000000408      0x120 ./Drivers/STM32H7xx_HAL_Driver/Src/stm32h7xx_hal_cortex.o
 .debug_aranges
                0x0000000000000528      0x338 ./Drivers/STM32H7xx_HAL_Driver/Src/stm32h7xx_hal_fdcan.o
 .debug_aranges
                0x0000000000000860       0x88 ./Drivers/STM32H7xx_HAL_Driver/Src/stm32h7xx_hal_flash.o
 .debug_aranges
                0x00000000000008e8      0x108 ./Drivers/STM32H7xx_HAL_Driver/Src/stm32h7xx_hal_flash_ex.o
 .debug_aranges
                0x00000000000009f0       0x58 ./Drivers/STM32H7xx_HAL_Driver/Src/stm32h7xx_hal_gpio.o
 .debug_aranges
                0x0000000000000a48      0x148 ./Drivers/STM32H7xx_HAL_Driver/Src/stm32h7xx_hal_pwr_ex.o
 .debug_aranges
                0x0000000000000b90       0x88 ./Drivers/STM32H7xx_HAL_Driver/Src/stm32h7xx_hal_rcc.o
 .debug_aranges
                0x0000000000000c18       0xf8 ./Drivers/STM32H7xx_HAL_Driver/Src/stm32h7xx_hal_rcc_ex.o
 .debug_aranges
                0x0000000000000d10      0x3e0 ./Drivers/STM32H7xx_HAL_Driver/Src/stm32h7xx_hal_tim.o
 .debug_aranges
                0x00000000000010f0      0x198 ./Drivers/STM32H7xx_HAL_Driver/Src/stm32h7xx_hal_tim_ex.o

.debug_ranges   0x0000000000000000     0x1160
 .debug_ranges  0x0000000000000000       0x80 ./Core/App/Bootloader.o
 .debug_ranges  0x0000000000000080       0x20 ./Core/App/FDCAN.o
 .debug_ranges  0x00000000000000a0       0x30 ./Core/App/Flash.o
 .debug_ranges  0x00000000000000d0       0x40 ./Core/Src/main.o
 .debug_ranges  0x0000000000000110       0x30 ./Core/Src/stm32h7xx_hal_msp.o
 .debug_ranges  0x0000000000000140       0x50 ./Core/Src/stm32h7xx_it.o
 .debug_ranges  0x0000000000000190       0x18 ./Core/Src/system_stm32h7xx.o
 .debug_ranges  0x00000000000001a8       0x20 ./Core/Startup/startup_stm32h723zgtx.o
 .debug_ranges  0x00000000000001c8      0x1b8 ./Drivers/STM32H7xx_HAL_Driver/Src/stm32h7xx_hal.o
 .debug_ranges  0x0000000000000380      0x110 ./Drivers/STM32H7xx_HAL_Driver/Src/stm32h7xx_hal_cortex.o
 .debug_ranges  0x0000000000000490      0x328 ./Drivers/STM32H7xx_HAL_Driver/Src/stm32h7xx_hal_fdcan.o
 .debug_ranges  0x00000000000007b8       0x78 ./Drivers/STM32H7xx_HAL_Driver/Src/stm32h7xx_hal_flash.o
 .debug_ranges  0x0000000000000830       0xf8 ./Drivers/STM32H7xx_HAL_Driver/Src/stm32h7xx_hal_flash_ex.o
 .debug_ranges  0x0000000000000928       0x48 ./Drivers/STM32H7xx_HAL_Driver/Src/stm32h7xx_hal_gpio.o
 .debug_ranges  0x0000000000000970      0x138 ./Drivers/STM32H7xx_HAL_Driver/Src/stm32h7xx_hal_pwr_ex.o
 .debug_ranges  0x0000000000000aa8       0x78 ./Drivers/STM32H7xx_HAL_Driver/Src/stm32h7xx_hal_rcc.o
 .debug_ranges  0x0000000000000b20       0xe8 ./Drivers/STM32H7xx_HAL_Driver/Src/stm32h7xx_hal_rcc_ex.o
 .debug_ranges  0x0000000000000c08      0x3d0 ./Drivers/STM32H7xx_HAL_Driver/Src/stm32h7xx_hal_tim.o
 .debug_ranges  0x0000000000000fd8      0x188 ./Drivers/STM32H7xx_HAL_Driver/Src/stm32h7xx_hal_tim_ex.o

.debug_macro    0x0000000000000000    0x335c0
 .debug_macro   0x0000000000000000      0x2d5 ./Core/App/Bootloader.o
 .debug_macro   0x00000000000002d5      0xa90 ./Core/App/Bootloader.o
 .debug_macro   0x0000000000000d65       0x22 ./Core/App/Bootloader.o
 .debug_macro   0x0000000000000d87       0x8e ./Core/App/Bootloader.o
 .debug_macro   0x0000000000000e15       0x51 ./Core/App/Bootloader.o
 .debug_macro   0x0000000000000e66      0x103 ./Core/App/Bootloader.o
 .debug_macro   0x0000000000000f69       0x6a ./Core/App/Bootloader.o
 .debug_macro   0x0000000000000fd3      0x1df ./Core/App/Bootloader.o
 .debug_macro   0x00000000000011b2      0x238 ./Core/App/Bootloader.o
 .debug_macro   0x00000000000013ea       0x2e ./Core/App/Bootloader.o
 .debug_macro   0x0000000000001418       0x3b ./Core/App/Bootloader.o
 .debug_macro   0x0000000000001453       0x1c ./Core/App/Bootloader.o
 .debug_macro   0x000000000000146f       0x22 ./Core/App/Bootloader.o
 .debug_macro   0x0000000000001491       0xfb ./Core/App/Bootloader.o
 .debug_macro   0x000000000000158c     0x1305 ./Core/App/Bootloader.o
 .debug_macro   0x0000000000002891      0x11f ./Core/App/Bootloader.o
 .debug_macro   0x00000000000029b0       0x27 ./Core/App/Bootloader.o
 .debug_macro   0x00000000000029d7    0x211d1 ./Core/App/Bootloader.o
 .debug_macro   0x0000000000023ba8       0x6d ./Core/App/Bootloader.o
 .debug_macro   0x0000000000023c15     0x3d0d ./Core/App/Bootloader.o
 .debug_macro   0x0000000000027922      0x174 ./Core/App/Bootloader.o
 .debug_macro   0x0000000000027a96       0x52 ./Core/App/Bootloader.o
 .debug_macro   0x0000000000027ae8       0x1d ./Core/App/Bootloader.o
 .debug_macro   0x0000000000027b05       0x3c ./Core/App/Bootloader.o
 .debug_macro   0x0000000000027b41       0x34 ./Core/App/Bootloader.o
 .debug_macro   0x0000000000027b75       0x16 ./Core/App/Bootloader.o
 .debug_macro   0x0000000000027b8b       0x43 ./Core/App/Bootloader.o
 .debug_macro   0x0000000000027bce       0x34 ./Core/App/Bootloader.o
 .debug_macro   0x0000000000027c02       0x10 ./Core/App/Bootloader.o
 .debug_macro   0x0000000000027c12       0x58 ./Core/App/Bootloader.o
 .debug_macro   0x0000000000027c6a       0x71 ./Core/App/Bootloader.o
 .debug_macro   0x0000000000027cdb       0x1c ./Core/App/Bootloader.o
 .debug_macro   0x0000000000027cf7      0x12a ./Core/App/Bootloader.o
 .debug_macro   0x0000000000027e21      0x341 ./Core/App/Bootloader.o
 .debug_macro   0x0000000000028162      0x19b ./Core/App/Bootloader.o
 .debug_macro   0x00000000000282fd       0x5d ./Core/App/Bootloader.o
 .debug_macro   0x000000000002835a     0x2462 ./Core/App/Bootloader.o
 .debug_macro   0x000000000002a7bc     0x104f ./Core/App/Bootloader.o
 .debug_macro   0x000000000002b80b      0x14d ./Core/App/Bootloader.o
 .debug_macro   0x000000000002b958      0x114 ./Core/App/Bootloader.o
 .debug_macro   0x000000000002ba6c      0x3f8 ./Core/App/Bootloader.o
 .debug_macro   0x000000000002be64       0xac ./Core/App/Bootloader.o
 .debug_macro   0x000000000002bf10      0x788 ./Core/App/Bootloader.o
 .debug_macro   0x000000000002c698      0x228 ./Core/App/Bootloader.o
 .debug_macro   0x000000000002c8c0       0x66 ./Core/App/Bootloader.o
 .debug_macro   0x000000000002c926      0x3a6 ./Core/App/Bootloader.o
 .debug_macro   0x000000000002cccc      0x3f9 ./Core/App/Bootloader.o
 .debug_macro   0x000000000002d0c5      0x275 ./Core/App/Bootloader.o
 .debug_macro   0x000000000002d33a      0xe42 ./Core/App/Bootloader.o
 .debug_macro   0x000000000002e17c      0x3ca ./Core/App/Bootloader.o
 .debug_macro   0x000000000002e546      0x45c ./Core/App/Bootloader.o
 .debug_macro   0x000000000002e9a2       0x3c ./Core/App/Bootloader.o
 .debug_macro   0x000000000002e9de       0x4a ./Core/App/Bootloader.o
 .debug_macro   0x000000000002ea28      0x22c ./Core/App/Bootloader.o
 .debug_macro   0x000000000002ec54       0x67 ./Core/App/Bootloader.o
 .debug_macro   0x000000000002ecbb       0xa5 ./Core/App/Bootloader.o
 .debug_macro   0x000000000002ed60      0x1c4 ./Core/App/Bootloader.o
 .debug_macro   0x000000000002ef24      0x22a ./Core/App/Bootloader.o
 .debug_macro   0x000000000002f14e       0x35 ./Core/App/Bootloader.o
 .debug_macro   0x000000000002f183      0xb16 ./Core/App/Bootloader.o
 .debug_macro   0x000000000002fc99      0x29f ./Core/App/Bootloader.o
 .debug_macro   0x000000000002ff38      0x5e6 ./Core/App/Bootloader.o
 .debug_macro   0x000000000003051e       0xac ./Core/App/Bootloader.o
 .debug_macro   0x00000000000305ca       0x16 ./Core/App/Bootloader.o
 .debug_macro   0x00000000000305e0       0x16 ./Core/App/Bootloader.o
 .debug_macro   0x00000000000305f6      0x2b7 ./Core/App/FDCAN.o
 .debug_macro   0x00000000000308ad       0x10 ./Core/App/FDCAN.o
 .debug_macro   0x00000000000308bd      0x2b7 ./Core/App/Flash.o
 .debug_macro   0x0000000000030b74       0xa6 ./Core/App/Flash.o
 .debug_macro   0x0000000000030c1a      0x2e6 ./Core/Src/main.o
 .debug_macro   0x0000000000030f00       0x70 ./Core/Src/main.o
 .debug_macro   0x0000000000030f70      0x2ad ./Core/Src/stm32h7xx_hal_msp.o
 .debug_macro   0x000000000003121d      0x2b7 ./Core/Src/stm32h7xx_it.o
 .debug_macro   0x00000000000314d4      0x29e ./Core/Src/system_stm32h7xx.o
 .debug_macro   0x0000000000031772      0x2c8 ./Drivers/STM32H7xx_HAL_Driver/Src/stm32h7xx_hal.o
 .debug_macro   0x0000000000031a3a      0x29e ./Drivers/STM32H7xx_HAL_Driver/Src/stm32h7xx_hal_cortex.o
 .debug_macro   0x0000000000031cd8      0x363 ./Drivers/STM32H7xx_HAL_Driver/Src/stm32h7xx_hal_fdcan.o
 .debug_macro   0x000000000003203b      0x2a4 ./Drivers/STM32H7xx_HAL_Driver/Src/stm32h7xx_hal_flash.o
 .debug_macro   0x00000000000322df      0x2a4 ./Drivers/STM32H7xx_HAL_Driver/Src/stm32h7xx_hal_flash_ex.o
 .debug_macro   0x0000000000032583      0x2a5 ./Drivers/STM32H7xx_HAL_Driver/Src/stm32h7xx_hal_gpio.o
 .debug_macro   0x0000000000032828      0x2d7 ./Drivers/STM32H7xx_HAL_Driver/Src/stm32h7xx_hal_pwr_ex.o
 .debug_macro   0x0000000000032aff      0x2c2 ./Drivers/STM32H7xx_HAL_Driver/Src/stm32h7xx_hal_rcc.o
 .debug_macro   0x0000000000032dc1      0x2bc ./Drivers/STM32H7xx_HAL_Driver/Src/stm32h7xx_hal_rcc_ex.o
 .debug_macro   0x000000000003307d      0x29f ./Drivers/STM32H7xx_HAL_Driver/Src/stm32h7xx_hal_tim.o
 .debug_macro   0x000000000003331c      0x2a4 ./Drivers/STM32H7xx_HAL_Driver/Src/stm32h7xx_hal_tim_ex.o

.debug_line     0x0000000000000000    0x14c58
 .debug_line    0x0000000000000000      0xc00 ./Core/App/Bootloader.o
 .debug_line    0x0000000000000c00      0x8b5 ./Core/App/FDCAN.o
 .debug_line    0x00000000000014b5      0xa1b ./Core/App/Flash.o
 .debug_line    0x0000000000001ed0      0xaef ./Core/Src/main.o
 .debug_line    0x00000000000029bf      0x8ed ./Core/Src/stm32h7xx_hal_msp.o
 .debug_line    0x00000000000032ac      0x90b ./Core/Src/stm32h7xx_it.o
 .debug_line    0x0000000000003bb7      0x9ea ./Core/Src/system_stm32h7xx.o
 .debug_line    0x00000000000045a1       0x88 ./Core/Startup/startup_stm32h723zgtx.o
 .debug_line    0x0000000000004629      0xe84 ./Drivers/STM32H7xx_HAL_Driver/Src/stm32h7xx_hal.o
 .debug_line    0x00000000000054ad      0xdf9 ./Drivers/STM32H7xx_HAL_Driver/Src/stm32h7xx_hal_cortex.o
 .debug_line    0x00000000000062a6     0x2754 ./Drivers/STM32H7xx_HAL_Driver/Src/stm32h7xx_hal_fdcan.o
 .debug_line    0x00000000000089fa      0xc79 ./Drivers/STM32H7xx_HAL_Driver/Src/stm32h7xx_hal_flash.o
 .debug_line    0x0000000000009673      0xf85 ./Drivers/STM32H7xx_HAL_Driver/Src/stm32h7xx_hal_flash_ex.o
 .debug_line    0x000000000000a5f8      0xca2 ./Drivers/STM32H7xx_HAL_Driver/Src/stm32h7xx_hal_gpio.o
 .debug_line    0x000000000000b29a      0xe68 ./Drivers/STM32H7xx_HAL_Driver/Src/stm32h7xx_hal_pwr_ex.o
 .debug_line    0x000000000000c102     0x12c8 ./Drivers/STM32H7xx_HAL_Driver/Src/stm32h7xx_hal_rcc.o
 .debug_line    0x000000000000d3ca     0x1a41 ./Drivers/STM32H7xx_HAL_Driver/Src/stm32h7xx_hal_rcc_ex.o
 .debug_line    0x000000000000ee0b     0x3f4c ./Drivers/STM32H7xx_HAL_Driver/Src/stm32h7xx_hal_tim.o
 .debug_line    0x0000000000012d57     0x1f01 ./Drivers/STM32H7xx_HAL_Driver/Src/stm32h7xx_hal_tim_ex.o

.debug_str      0x0000000000000000   0x14ebd9
 .debug_str     0x0000000000000000   0x147b5e ./Core/App/Bootloader.o
                                     0x14809f (size before relaxing)
 .debug_str     0x0000000000147b5e      0x5fd ./Core/App/FDCAN.o
                                     0x14788d (size before relaxing)
 .debug_str     0x000000000014815b      0x11b ./Core/App/Flash.o
                                     0x147855 (size before relaxing)
 .debug_str     0x0000000000148276      0x83f ./Core/Src/main.o
                                     0x148aff (size before relaxing)
 .debug_str     0x0000000000148ab5      0x38b ./Core/Src/stm32h7xx_hal_msp.o
                                     0x14844c (size before relaxing)
 .debug_str     0x0000000000148e40       0xc9 ./Core/Src/stm32h7xx_it.o
                                     0x14741c (size before relaxing)
 .debug_str     0x0000000000148f09      0x2a4 ./Core/Src/system_stm32h7xx.o
                                     0x14761b (size before relaxing)
 .debug_str     0x00000000001491ad       0x36 ./Core/Startup/startup_stm32h723zgtx.o
                                         0x75 (size before relaxing)
 .debug_str     0x00000000001491e3     0x1122 ./Drivers/STM32H7xx_HAL_Driver/Src/stm32h7xx_hal.o
                                     0x1486a5 (size before relaxing)
 .debug_str     0x000000000014a305      0x353 ./Drivers/STM32H7xx_HAL_Driver/Src/stm32h7xx_hal_cortex.o
                                     0x147f87 (size before relaxing)
 .debug_str     0x000000000014a658     0x1a93 ./Drivers/STM32H7xx_HAL_Driver/Src/stm32h7xx_hal_fdcan.o
                                     0x14939b (size before relaxing)
 .debug_str     0x000000000014c0eb      0x320 ./Drivers/STM32H7xx_HAL_Driver/Src/stm32h7xx_hal_flash.o
                                     0x147617 (size before relaxing)
 .debug_str     0x000000000014c40b      0x474 ./Drivers/STM32H7xx_HAL_Driver/Src/stm32h7xx_hal_flash_ex.o
                                     0x14792e (size before relaxing)
 .debug_str     0x000000000014c87f       0xd9 ./Drivers/STM32H7xx_HAL_Driver/Src/stm32h7xx_hal_gpio.o
                                     0x147666 (size before relaxing)
 .debug_str     0x000000000014c958      0x5da ./Drivers/STM32H7xx_HAL_Driver/Src/stm32h7xx_hal_pwr_ex.o
                                     0x147a6e (size before relaxing)
 .debug_str     0x000000000014cf32      0x22e ./Drivers/STM32H7xx_HAL_Driver/Src/stm32h7xx_hal_rcc.o
                                     0x1479e9 (size before relaxing)
 .debug_str     0x000000000014d160      0x64b ./Drivers/STM32H7xx_HAL_Driver/Src/stm32h7xx_hal_rcc_ex.o
                                     0x147ed8 (size before relaxing)
 .debug_str     0x000000000014d7ab      0xe2f ./Drivers/STM32H7xx_HAL_Driver/Src/stm32h7xx_hal_tim.o
                                     0x1487d7 (size before relaxing)
 .debug_str     0x000000000014e5da      0x5ff ./Drivers/STM32H7xx_HAL_Driver/Src/stm32h7xx_hal_tim_ex.o
                                     0x148194 (size before relaxing)

.comment        0x0000000000000000       0x50
 .comment       0x0000000000000000       0x50 ./Core/App/Bootloader.o
                                         0x51 (size before relaxing)
 .comment       0x0000000000000050       0x51 ./Core/App/FDCAN.o
 .comment       0x0000000000000050       0x51 ./Core/App/Flash.o
 .comment       0x0000000000000050       0x51 ./Core/Src/main.o
 .comment       0x0000000000000050       0x51 ./Core/Src/stm32h7xx_hal_msp.o
 .comment       0x0000000000000050       0x51 ./Core/Src/stm32h7xx_it.o
 .comment       0x0000000000000050       0x51 ./Core/Src/system_stm32h7xx.o
 .comment       0x0000000000000050       0x51 ./Drivers/STM32H7xx_HAL_Driver/Src/stm32h7xx_hal.o
 .comment       0x0000000000000050       0x51 ./Drivers/STM32H7xx_HAL_Driver/Src/stm32h7xx_hal_cortex.o
 .comment       0x0000000000000050       0x51 ./Drivers/STM32H7xx_HAL_Driver/Src/stm32h7xx_hal_fdcan.o
 .comment       0x0000000000000050       0x51 ./Drivers/STM32H7xx_HAL_Driver/Src/stm32h7xx_hal_flash.o
 .comment       0x0000000000000050       0x51 ./Drivers/STM32H7xx_HAL_Driver/Src/stm32h7xx_hal_flash_ex.o
 .comment       0x0000000000000050       0x51 ./Drivers/STM32H7xx_HAL_Driver/Src/stm32h7xx_hal_gpio.o
 .comment       0x0000000000000050       0x51 ./Drivers/STM32H7xx_HAL_Driver/Src/stm32h7xx_hal_pwr_ex.o
 .comment       0x0000000000000050       0x51 ./Drivers/STM32H7xx_HAL_Driver/Src/stm32h7xx_hal_rcc.o
 .comment       0x0000000000000050       0x51 ./Drivers/STM32H7xx_HAL_Driver/Src/stm32h7xx_hal_rcc_ex.o
 .comment       0x0000000000000050       0x51 ./Drivers/STM32H7xx_HAL_Driver/Src/stm32h7xx_hal_tim.o
 .comment       0x0000000000000050       0x51 ./Drivers/STM32H7xx_HAL_Driver/Src/stm32h7xx_hal_tim_ex.o

.debug_frame    0x0000000000000000     0x4f20
 .debug_frame   0x0000000000000000      0x244 ./Core/App/Bootloader.o
 .debug_frame   0x0000000000000244       0x78 ./Core/App/FDCAN.o
 .debug_frame   0x00000000000002bc       0xcc ./Core/App/Flash.o
 .debug_frame   0x0000000000000388      0x100 ./Core/Src/main.o
 .debug_frame   0x0000000000000488       0xd4 ./Core/Src/stm32h7xx_hal_msp.o
 .debug_frame   0x000000000000055c      0x108 ./Core/Src/stm32h7xx_it.o
 .debug_frame   0x0000000000000664       0x58 ./Core/Src/system_stm32h7xx.o
 .debug_frame   0x00000000000006bc      0x760 ./Drivers/STM32H7xx_HAL_Driver/Src/stm32h7xx_hal.o
 .debug_frame   0x0000000000000e1c      0x4b8 ./Drivers/STM32H7xx_HAL_Driver/Src/stm32h7xx_hal_cortex.o
 .debug_frame   0x00000000000012d4      0xf9c ./Drivers/STM32H7xx_HAL_Driver/Src/stm32h7xx_hal_fdcan.o
 .debug_frame   0x0000000000002270      0x1fc ./Drivers/STM32H7xx_HAL_Driver/Src/stm32h7xx_hal_flash.o
 .debug_frame   0x000000000000246c      0x484 ./Drivers/STM32H7xx_HAL_Driver/Src/stm32h7xx_hal_flash_ex.o
 .debug_frame   0x00000000000028f0      0x14c ./Drivers/STM32H7xx_HAL_Driver/Src/stm32h7xx_hal_gpio.o
 .debug_frame   0x0000000000002a3c      0x540 ./Drivers/STM32H7xx_HAL_Driver/Src/stm32h7xx_hal_pwr_ex.o
 .debug_frame   0x0000000000002f7c      0x1fc ./Drivers/STM32H7xx_HAL_Driver/Src/stm32h7xx_hal_rcc.o
 .debug_frame   0x0000000000003178      0x3f4 ./Drivers/STM32H7xx_HAL_Driver/Src/stm32h7xx_hal_rcc_ex.o
 .debug_frame   0x000000000000356c     0x121c ./Drivers/STM32H7xx_HAL_Driver/Src/stm32h7xx_hal_tim.o
 .debug_frame   0x0000000000004788      0x724 ./Drivers/STM32H7xx_HAL_Driver/Src/stm32h7xx_hal_tim_ex.o
 .debug_frame   0x0000000000004eac       0x2c /home/predawnia/st/stm32cubeide_1.10.1_2/plugins/com.st.stm32cube.ide.mcu.externaltools.gnu-tools-for-stm32.10.3-2021.10.linux64_1.0.0.202111181127/tools/bin/../lib/gcc/arm-none-eabi/10.3.1/../../../../arm-none-eabi/lib/thumb/v7e-m+dp/hard/libc_nano.a(lib_a-init.o)
 .debug_frame   0x0000000000004ed8       0x28 /home/predawnia/st/stm32cubeide_1.10.1_2/plugins/com.st.stm32cube.ide.mcu.externaltools.gnu-tools-for-stm32.10.3-2021.10.linux64_1.0.0.202111181127/tools/bin/../lib/gcc/arm-none-eabi/10.3.1/../../../../arm-none-eabi/lib/thumb/v7e-m+dp/hard/libc_nano.a(lib_a-memcpy-stub.o)
 .debug_frame   0x0000000000004f00       0x20 /home/predawnia/st/stm32cubeide_1.10.1_2/plugins/com.st.stm32cube.ide.mcu.externaltools.gnu-tools-for-stm32.10.3-2021.10.linux64_1.0.0.202111181127/tools/bin/../lib/gcc/arm-none-eabi/10.3.1/../../../../arm-none-eabi/lib/thumb/v7e-m+dp/hard/libc_nano.a(lib_a-memset.o)
