../Core/App/Bootloader.c:37:6:bootloader_start	80	static
../Core/App/Bootloader.c:73:12:__b_get_version	16	static
../Core/App/Bootloader.c:85:12:__b_read_memory	131104	static
../Core/App/Bootloader.c:132:12:__b_write_memory	131104	static
../Core/App/Bootloader.c:186:12:__b_erase_memory	24	static
../Core/App/Bootloader.c:206:12:__b_go	16	static
../Core/App/Bootloader.c:210:12:__b_data_copy_to_packet	24	static
../Core/App/Bootloader.c:218:12:__b_data_copy_from_packet	24	static
../Core/App/Bootloader.c:226:26:__b_wait_for_ack	88	static
../Core/App/Bootloader.c:244:12:__b_send_ack	16	static
../Core/App/Bootloader.c:250:12:__b_send_nack	16	static
../Core/App/Bootloader.c:256:16:__b_get_addr_from_data	24	static
../Core/App/Bootloader.c:262:12:__b_clean_fdcan_packet_data	24	static
../Core/App/Bootloader.c:270:12:__b_clean_fdcan_packet_all	24	static
../Core/App/Bootloader.c:281:26:__b_wait_until_fdcan_message_received	8	static
