../Core/App/Bootloader.c:34:6:bootloader_start	80	static
../Core/App/Bootloader.c:67:12:__b_get_version	16	static
../Core/App/Bootloader.c:79:12:__b_read_memory	131104	static
../Core/App/Bootloader.c:112:12:__b_write_memory	131104	static
../Core/App/Bootloader.c:149:12:__b_erase_memory	24	static
../Core/App/Bootloader.c:169:12:__b_go	16	static
../Core/App/Bootloader.c:173:12:__b_data_copy_to_packet	24	static
../Core/App/Bootloader.c:181:12:__b_data_copy_from_packet	24	static
../Core/App/Bootloader.c:190:12:__b_send_ack	16	static
../Core/App/Bootloader.c:196:12:__b_send_nack	16	static
../Core/App/Bootloader.c:202:16:__b_get_addr_from_data	24	static
../Core/App/Bootloader.c:208:12:__b_clean_fdcan_packet_data	24	static
../Core/App/Bootloader.c:216:12:__b_clean_fdcan_packet_all	24	static
../Core/App/Bootloader.c:227:12:__b_wait_until_fdcan_message_received	8	static
