../Core/App/Bootloader.c:212:12:__b_data_copy_to_packet	0	static
../Core/App/Bootloader.c:220:12:__b_data_copy_from_packet	0	static
../Core/App/Bootloader.c:258:16:__b_get_addr_from_data	0	static
../Core/App/Bootloader.c:264:12:__b_clean_fdcan_packet_data	0	static
../Core/App/Bootloader.c:246:12:__b_send_ack	8	static
../Core/App/Bootloader.c:252:12:__b_send_nack	8	static
../Core/App/Bootloader.c:73:12:__b_get_version	8	static
../Core/App/Bootloader.c:186:12:__b_erase_memory	16	static
../Core/App/Bootloader.c:208:12:__b_go	0	static
../Core/App/Bootloader.c:272:12:__b_clean_fdcan_packet_all	8	static
../Core/App/Bootloader.c:283:26:__b_wait_until_fdcan_message_received	16	static
../Core/App/Bootloader.c:228:26:__b_wait_for_ack	80	static
../Core/App/Bootloader.c:85:12:__b_read_memory	131088	static
../Core/App/Bootloader.c:132:12:__b_write_memory	131096	static
../Core/App/Bootloader.c:37:6:bootloader_start	80	static
