Archive member included to satisfy reference by file (symbol)

/app/stm32cubeide/plugins/com.st.stm32cube.ide.mcu.externaltools.gnu-tools-for-stm32.10.3-2021.10.linux64_1.0.200.202301161003/tools/bin/../lib/gcc/arm-none-eabi/10.3.1/../../../../arm-none-eabi/lib/thumb/v7e-m+dp/hard/libc_nano.a(lib_a-errno.o)
                              ./Core/Src/syscalls.o (__errno)
/app/stm32cubeide/plugins/com.st.stm32cube.ide.mcu.externaltools.gnu-tools-for-stm32.10.3-2021.10.linux64_1.0.200.202301161003/tools/bin/../lib/gcc/arm-none-eabi/10.3.1/../../../../arm-none-eabi/lib/thumb/v7e-m+dp/hard/libc_nano.a(lib_a-exit.o)
                              /app/stm32cubeide/plugins/com.st.stm32cube.ide.mcu.externaltools.gnu-tools-for-stm32.10.3-2021.10.linux64_1.0.200.202301161003/tools/bin/../lib/gcc/arm-none-eabi/10.3.1/../../../../arm-none-eabi/lib/thumb/v7e-m+dp/hard/crt0.o (exit)
/app/stm32cubeide/plugins/com.st.stm32cube.ide.mcu.externaltools.gnu-tools-for-stm32.10.3-2021.10.linux64_1.0.200.202301161003/tools/bin/../lib/gcc/arm-none-eabi/10.3.1/../../../../arm-none-eabi/lib/thumb/v7e-m+dp/hard/libc_nano.a(lib_a-impure.o)
                              /app/stm32cubeide/plugins/com.st.stm32cube.ide.mcu.externaltools.gnu-tools-for-stm32.10.3-2021.10.linux64_1.0.200.202301161003/tools/bin/../lib/gcc/arm-none-eabi/10.3.1/../../../../arm-none-eabi/lib/thumb/v7e-m+dp/hard/libc_nano.a(lib_a-exit.o) (_global_impure_ptr)
/app/stm32cubeide/plugins/com.st.stm32cube.ide.mcu.externaltools.gnu-tools-for-stm32.10.3-2021.10.linux64_1.0.200.202301161003/tools/bin/../lib/gcc/arm-none-eabi/10.3.1/../../../../arm-none-eabi/lib/thumb/v7e-m+dp/hard/libc_nano.a(lib_a-init.o)
                              /app/stm32cubeide/plugins/com.st.stm32cube.ide.mcu.externaltools.gnu-tools-for-stm32.10.3-2021.10.linux64_1.0.200.202301161003/tools/bin/../lib/gcc/arm-none-eabi/10.3.1/../../../../arm-none-eabi/lib/thumb/v7e-m+dp/hard/crt0.o (__libc_init_array)
/app/stm32cubeide/plugins/com.st.stm32cube.ide.mcu.externaltools.gnu-tools-for-stm32.10.3-2021.10.linux64_1.0.200.202301161003/tools/bin/../lib/gcc/arm-none-eabi/10.3.1/../../../../arm-none-eabi/lib/thumb/v7e-m+dp/hard/libc_nano.a(lib_a-memcpy-stub.o)
                              ./Drivers/STM32H7xx_HAL_Driver/Src/stm32h7xx_hal_fdcan.o (memcpy)
/app/stm32cubeide/plugins/com.st.stm32cube.ide.mcu.externaltools.gnu-tools-for-stm32.10.3-2021.10.linux64_1.0.200.202301161003/tools/bin/../lib/gcc/arm-none-eabi/10.3.1/../../../../arm-none-eabi/lib/thumb/v7e-m+dp/hard/libc_nano.a(lib_a-memset.o)
                              /app/stm32cubeide/plugins/com.st.stm32cube.ide.mcu.externaltools.gnu-tools-for-stm32.10.3-2021.10.linux64_1.0.200.202301161003/tools/bin/../lib/gcc/arm-none-eabi/10.3.1/../../../../arm-none-eabi/lib/thumb/v7e-m+dp/hard/crt0.o (memset)

Discarded input sections

 .text          0x0000000000000000        0x0 /app/stm32cubeide/plugins/com.st.stm32cube.ide.mcu.externaltools.gnu-tools-for-stm32.10.3-2021.10.linux64_1.0.200.202301161003/tools/bin/../lib/gcc/arm-none-eabi/10.3.1/thumb/v7e-m+dp/hard/crti.o
 .data          0x0000000000000000        0x0 /app/stm32cubeide/plugins/com.st.stm32cube.ide.mcu.externaltools.gnu-tools-for-stm32.10.3-2021.10.linux64_1.0.200.202301161003/tools/bin/../lib/gcc/arm-none-eabi/10.3.1/thumb/v7e-m+dp/hard/crti.o
 .bss           0x0000000000000000        0x0 /app/stm32cubeide/plugins/com.st.stm32cube.ide.mcu.externaltools.gnu-tools-for-stm32.10.3-2021.10.linux64_1.0.200.202301161003/tools/bin/../lib/gcc/arm-none-eabi/10.3.1/thumb/v7e-m+dp/hard/crti.o
 .data          0x0000000000000000        0x4 /app/stm32cubeide/plugins/com.st.stm32cube.ide.mcu.externaltools.gnu-tools-for-stm32.10.3-2021.10.linux64_1.0.200.202301161003/tools/bin/../lib/gcc/arm-none-eabi/10.3.1/thumb/v7e-m+dp/hard/crtbegin.o
 .rodata        0x0000000000000000       0x24 /app/stm32cubeide/plugins/com.st.stm32cube.ide.mcu.externaltools.gnu-tools-for-stm32.10.3-2021.10.linux64_1.0.200.202301161003/tools/bin/../lib/gcc/arm-none-eabi/10.3.1/thumb/v7e-m+dp/hard/crtbegin.o
 .text          0x0000000000000000       0x7c /app/stm32cubeide/plugins/com.st.stm32cube.ide.mcu.externaltools.gnu-tools-for-stm32.10.3-2021.10.linux64_1.0.200.202301161003/tools/bin/../lib/gcc/arm-none-eabi/10.3.1/../../../../arm-none-eabi/lib/thumb/v7e-m+dp/hard/crt0.o
 .data          0x0000000000000000        0x0 /app/stm32cubeide/plugins/com.st.stm32cube.ide.mcu.externaltools.gnu-tools-for-stm32.10.3-2021.10.linux64_1.0.200.202301161003/tools/bin/../lib/gcc/arm-none-eabi/10.3.1/../../../../arm-none-eabi/lib/thumb/v7e-m+dp/hard/crt0.o
 .bss           0x0000000000000000        0x0 /app/stm32cubeide/plugins/com.st.stm32cube.ide.mcu.externaltools.gnu-tools-for-stm32.10.3-2021.10.linux64_1.0.200.202301161003/tools/bin/../lib/gcc/arm-none-eabi/10.3.1/../../../../arm-none-eabi/lib/thumb/v7e-m+dp/hard/crt0.o
[...]
Memory Configuration

Name             Origin             Length             Attributes
ITCMRAM          0x0000000000000000 0x0000000000010000 xrw
DTCMRAM          0x0000000020000000 0x0000000000020000 xrw
FLASH            0x00000000080e0000 0x0000000000020000 xr
RAM_D1           0x0000000024000000 0x0000000000050000 xrw
RAM_D2           0x0000000030000000 0x0000000000008000 xrw
RAM_D3           0x0000000038000000 0x0000000000004000 xrw
*default*        0x0000000000000000 0xffffffffffffffff

Linker script and memory map

LOAD /app/stm32cubeide/plugins/com.st.stm32cube.ide.mcu.externaltools.gnu-tools-for-stm32.10.3-2021.10.linux64_1.0.200.202301161003/tools/bin/../lib/gcc/arm-none-eabi/10.3.1/thumb/v7e-m+dp/hard/crti.o
LOAD /app/stm32cubeide/plugins/com.st.stm32cube.ide.mcu.externaltools.gnu-tools-for-stm32.10.3-2021.10.linux64_1.0.200.202301161003/tools/bin/../lib/gcc/arm-none-eabi/10.3.1/thumb/v7e-m+dp/hard/crtbegin.o
LOAD /app/stm32cubeide/plugins/com.st.stm32cube.ide.mcu.externaltools.gnu-tools-for-stm32.10.3-2021.10.linux64_1.0.200.202301161003/tools/bin/../lib/gcc/arm-none-eabi/10.3.1/../../../../arm-none-eabi/lib/thumb/v7e-m+dp/hard/crt0.o
LOAD ./Core/App/Bootloader.o
LOAD ./Core/App/FDCAN.o
LOAD ./Core/App/Flash.o
LOAD ./Core/Src/main.o
LOAD ./Core/Src/stm32h7xx_hal_msp.o
LOAD ./Core/Src/stm32h7xx_it.o
LOAD ./Core/Src/syscalls.o
LOAD ./Core/Src/sysmem.o
LOAD ./Core/Src/system_stm32h7xx.o
LOAD ./Core/Startup/startup_stm32h723zgtx.o
LOAD ./Drivers/STM32H7xx_HAL_Driver/Src/stm32h7xx_hal.o
LOAD ./Drivers/STM32H7xx_HAL_Driver/Src/stm32h7xx_hal_cortex.o
LOAD ./Drivers/STM32H7xx_HAL_Driver/Src/stm32h7xx_hal_dma.o
LOAD ./Drivers/STM32H7xx_HAL_Driver/Src/stm32h7xx_hal_dma_ex.o
LOAD ./Drivers/STM32H7xx_HAL_Driver/Src/stm32h7xx_hal_exti.o
LOAD ./Drivers/STM32H7xx_HAL_Driver/Src/stm32h7xx_hal_fdcan.o
LOAD ./Drivers/STM32H7xx_HAL_Driver/Src/stm32h7xx_hal_flash.o
LOAD ./Drivers/STM32H7xx_HAL_Driver/Src/stm32h7xx_hal_flash_ex.o
LOAD ./Drivers/STM32H7xx_HAL_Driver/Src/stm32h7xx_hal_gpio.o
LOAD ./Drivers/STM32H7xx_HAL_Driver/Src/stm32h7xx_hal_hsem.o
LOAD ./Drivers/STM32H7xx_HAL_Driver/Src/stm32h7xx_hal_i2c.o
LOAD ./Drivers/STM32H7xx_HAL_Driver/Src/stm32h7xx_hal_i2c_ex.o
LOAD ./Drivers/STM32H7xx_HAL_Driver/Src/stm32h7xx_hal_mdma.o
LOAD ./Drivers/STM32H7xx_HAL_Driver/Src/stm32h7xx_hal_pwr.o
LOAD ./Drivers/STM32H7xx_HAL_Driver/Src/stm32h7xx_hal_pwr_ex.o
LOAD ./Drivers/STM32H7xx_HAL_Driver/Src/stm32h7xx_hal_rcc.o
LOAD ./Drivers/STM32H7xx_HAL_Driver/Src/stm32h7xx_hal_rcc_ex.o
LOAD ./Drivers/STM32H7xx_HAL_Driver/Src/stm32h7xx_hal_tim.o
LOAD ./Drivers/STM32H7xx_HAL_Driver/Src/stm32h7xx_hal_tim_ex.o
START GROUP
LOAD /app/stm32cubeide/plugins/com.st.stm32cube.ide.mcu.externaltools.gnu-tools-for-stm32.10.3-2021.10.linux64_1.0.200.202301161003/tools/bin/../lib/gcc/arm-none-eabi/10.3.1/../../../../arm-none-eabi/lib/thumb/v7e-m+dp/hard/libstdc++_nano.a
LOAD /app/stm32cubeide/plugins/com.st.stm32cube.ide.mcu.externaltools.gnu-tools-for-stm32.10.3-2021.10.linux64_1.0.200.202301161003/tools/bin/../lib/gcc/arm-none-eabi/10.3.1/../../../../arm-none-eabi/lib/thumb/v7e-m+dp/hard/libsupc++_nano.a
END GROUP
LOAD /app/stm32cubeide/plugins/com.st.stm32cube.ide.mcu.externaltools.gnu-tools-for-stm32.10.3-2021.10.linux64_1.0.200.202301161003/tools/bin/../lib/gcc/arm-none-eabi/10.3.1/../../../../arm-none-eabi/lib/thumb/v7e-m+dp/hard/libstdc++_nano.a
LOAD /app/stm32cubeide/plugins/com.st.stm32cube.ide.mcu.externaltools.gnu-tools-for-stm32.10.3-2021.10.linux64_1.0.200.202301161003/tools/bin/../lib/gcc/arm-none-eabi/10.3.1/../../../../arm-none-eabi/lib/thumb/v7e-m+dp/hard/libm.a
LOAD /app/stm32cubeide/plugins/com.st.stm32cube.ide.mcu.externaltools.gnu-tools-for-stm32.10.3-2021.10.linux64_1.0.200.202301161003/tools/bin/../lib/gcc/arm-none-eabi/10.3.1/../../../../arm-none-eabi/lib/thumb/v7e-m+dp/hard/libc_nano.a
START GROUP
LOAD /app/stm32cubeide/plugins/com.st.stm32cube.ide.mcu.externaltools.gnu-tools-for-stm32.10.3-2021.10.linux64_1.0.200.202301161003/tools/bin/../lib/gcc/arm-none-eabi/10.3.1/thumb/v7e-m+dp/hard/libgcc.a
LOAD /app/stm32cubeide/plugins/com.st.stm32cube.ide.mcu.externaltools.gnu-tools-for-stm32.10.3-2021.10.linux64_1.0.200.202301161003/tools/bin/../lib/gcc/arm-none-eabi/10.3.1/../../../../arm-none-eabi/lib/thumb/v7e-m+dp/hard/libc_nano.a
END GROUP
START GROUP
LOAD /app/stm32cubeide/plugins/com.st.stm32cube.ide.mcu.externaltools.gnu-tools-for-stm32.10.3-2021.10.linux64_1.0.200.202301161003/tools/bin/../lib/gcc/arm-none-eabi/10.3.1/thumb/v7e-m+dp/hard/libgcc.a
LOAD /app/stm32cubeide/plugins/com.st.stm32cube.ide.mcu.externaltools.gnu-tools-for-stm32.10.3-2021.10.linux64_1.0.200.202301161003/tools/bin/../lib/gcc/arm-none-eabi/10.3.1/../../../../arm-none-eabi/lib/thumb/v7e-m+dp/hard/libc_nano.a
LOAD /app/stm32cubeide/plugins/com.st.stm32cube.ide.mcu.externaltools.gnu-tools-for-stm32.10.3-2021.10.linux64_1.0.200.202301161003/tools/bin/../lib/gcc/arm-none-eabi/10.3.1/../../../../arm-none-eabi/lib/thumb/v7e-m+dp/hard/libnosys.a
END GROUP
START GROUP
LOAD /app/stm32cubeide/plugins/com.st.stm32cube.ide.mcu.externaltools.gnu-tools-for-stm32.10.3-2021.10.linux64_1.0.200.202301161003/tools/bin/../lib/gcc/arm-none-eabi/10.3.1/thumb/v7e-m+dp/hard/libgcc.a
LOAD /app/stm32cubeide/plugins/com.st.stm32cube.ide.mcu.externaltools.gnu-tools-for-stm32.10.3-2021.10.linux64_1.0.200.202301161003/tools/bin/../lib/gcc/arm-none-eabi/10.3.1/../../../../arm-none-eabi/lib/thumb/v7e-m+dp/hard/libc_nano.a
LOAD /app/stm32cubeide/plugins/com.st.stm32cube.ide.mcu.externaltools.gnu-tools-for-stm32.10.3-2021.10.linux64_1.0.200.202301161003/tools/bin/../lib/gcc/arm-none-eabi/10.3.1/../../../../arm-none-eabi/lib/thumb/v7e-m+dp/hard/libnosys.a
END GROUP
LOAD /app/stm32cubeide/plugins/com.st.stm32cube.ide.mcu.externaltools.gnu-tools-for-stm32.10.3-2021.10.linux64_1.0.200.202301161003/tools/bin/../lib/gcc/arm-none-eabi/10.3.1/thumb/v7e-m+dp/hard/crtend.o
LOAD /app/stm32cubeide/plugins/com.st.stm32cube.ide.mcu.externaltools.gnu-tools-for-stm32.10.3-2021.10.linux64_1.0.200.202301161003/tools/bin/../lib/gcc/arm-none-eabi/10.3.1/thumb/v7e-m+dp/hard/crtn.o
                0x0000000024050000                _estack = (ORIGIN (RAM_D1) + LENGTH (RAM_D1))
                0x0000000000000200                _Min_Heap_Size = 0x200
                0x0000000000000400                _Min_Stack_Size = 0x400

.isr_vector     0x00000000080e0000      0x2cc
                0x00000000080e0000                . = ALIGN (0x4)
 *(.isr_vector)
 .isr_vector    0x00000000080e0000      0x2cc ./Core/Startup/startup_stm32h723zgtx.o
                0x00000000080e0000                g_pfnVectors
                0x00000000080e02cc                . = ALIGN (0x4)

.text           0x00000000080e02cc     0x2e1c
                0x00000000080e02cc                . = ALIGN (0x4)
 *(.text)
 .text          0x00000000080e02cc       0x40 /app/stm32cubeide/plugins/com.st.stm32cube.ide.mcu.externaltools.gnu-tools-for-stm32.10.3-2021.10.linux64_1.0.200.202301161003/tools/bin/../lib/gcc/arm-none-eabi/10.3.1/thumb/v7e-m+dp/hard/crtbegin.o
 *(.text*)
 .text.__b_data_copy_to_packet
                0x00000000080e030c       0x14 ./Core/App/Bootloader.o
                0x00000000080e030c                __b_data_copy_to_packet
 .text.__b_data_copy_from_packet
                0x00000000080e0320       0x14 ./Core/App/Bootloader.o
                0x00000000080e0320                __b_data_copy_from_packet
 .text.__b_clean_fdcan_packet_data
                0x00000000080e0334        0xa ./Core/App/Bootloader.o
                0x00000000080e0334                __b_clean_fdcan_packet_data
 .text.__b_send_ack
                0x00000000080e033e       0x16 ./Core/App/Bootloader.o
                0x00000000080e033e                __b_send_ack
 .text.__b_send_nack
                0x00000000080e0354       0x16 ./Core/App/Bootloader.o
                0x00000000080e0354                __b_send_nack
 .text.__b_get_version
                0x00000000080e036a       0x28 ./Core/App/Bootloader.o
                0x00000000080e036a                __b_get_version
 .text.__b_erase_memory
                0x00000000080e0392       0x34 ./Core/App/Bootloader.o
                0x00000000080e0392                __b_erase_memory
 .text.__b_clean_fdcan_packet_all
                0x00000000080e03c6       0x14 ./Core/App/Bootloader.o
                0x00000000080e03c6                __b_clean_fdcan_packet_all
 *fill*         0x00000000080e03da        0x2 
 .text.__b_wait_until_fdcan_message_received
                0x00000000080e03dc       0x28 ./Core/App/Bootloader.o
                0x00000000080e03dc                __b_wait_until_fdcan_message_received
 .text.__b_wait_for_ack
                0x00000000080e0404       0x2c ./Core/App/Bootloader.o
                0x00000000080e0404                __b_wait_for_ack
 .text.__b_read_memory
                0x00000000080e0430       0x86 ./Core/App/Bootloader.o
                0x00000000080e0430                __b_read_memory
 .text.__b_write_memory
                0x00000000080e04b6       0xac ./Core/App/Bootloader.o
                0x00000000080e04b6                __b_write_memory
 .text.bootloader_start
                0x00000000080e0562       0x56 ./Core/App/Bootloader.o
                0x00000000080e0562                bootloader_start
 .text.fdcan_transmit
                0x00000000080e05b8       0x44 ./Core/App/FDCAN.o
                0x00000000080e05b8                fdcan_transmit
 .text.fdcan_test
                0x00000000080e05fc       0x18 ./Core/App/FDCAN.o
                0x00000000080e05fc                fdcan_test
 .text.fdcan_read
                0x00000000080e0614       0x2c ./Core/App/FDCAN.o
                0x00000000080e0614                fdcan_read
 .text.flash_read
                0x00000000080e0640       0x34 ./Core/App/Flash.o
                0x00000000080e0640                flash_read
 .text.flash_erase
                0x00000000080e0674       0x48 ./Core/App/Flash.o
                0x00000000080e0674                flash_erase
 .text.__flash_get_sector
                0x00000000080e06bc       0x76 ./Core/App/Flash.o
                0x00000000080e06bc                __flash_get_sector
 .text.flash_get_sector_starting_address
                0x00000000080e0732       0x10 ./Core/App/Flash.o
                0x00000000080e0732                flash_get_sector_starting_address
 *fill*         0x00000000080e0742        0x2 
 .text.flash_write
                0x00000000080e0744       0x80 ./Core/App/Flash.o
                0x00000000080e0744                flash_write
 .text.Error_Handler
                0x00000000080e07c4       0x20 ./Core/Src/main.o
                0x00000000080e07c4                Error_Handler
 .text.SystemClock_Config
                0x00000000080e07e4       0xb4 ./Core/Src/main.o
                0x00000000080e07e4                SystemClock_Config
 .text.startup.main
                0x00000000080e0898      0x1ec ./Core/Src/main.o
                0x00000000080e0898                main
 .text.HAL_MspInit
                0x00000000080e0a84       0x24 ./Core/Src/stm32h7xx_hal_msp.o
                0x00000000080e0a84                HAL_MspInit
 .text.HAL_FDCAN_MspInit
                0x00000000080e0aa8       0xac ./Core/Src/stm32h7xx_hal_msp.o
                0x00000000080e0aa8                HAL_FDCAN_MspInit
 .text.HAL_TIM_Base_MspInit
                0x00000000080e0b54       0x30 ./Core/Src/stm32h7xx_hal_msp.o
                0x00000000080e0b54                HAL_TIM_Base_MspInit
 .text.NMI_Handler
                0x00000000080e0b84        0x2 ./Core/Src/stm32h7xx_it.o
                0x00000000080e0b84                NMI_Handler
 *fill*         0x00000000080e0b86        0x2 
 .text.HardFault_Handler
                0x00000000080e0b88       0x14 ./Core/Src/stm32h7xx_it.o
                0x00000000080e0b88                HardFault_Handler
 .text.MemManage_Handler
                0x00000000080e0b9c        0x2 ./Core/Src/stm32h7xx_it.o
                0x00000000080e0b9c                MemManage_Handler
 .text.BusFault_Handler
                0x00000000080e0b9e        0x2 ./Core/Src/stm32h7xx_it.o
                0x00000000080e0b9e                BusFault_Handler
 .text.UsageFault_Handler
                0x00000000080e0ba0        0x2 ./Core/Src/stm32h7xx_it.o
                0x00000000080e0ba0                UsageFault_Handler
 .text.SVC_Handler
                0x00000000080e0ba2        0x2 ./Core/Src/stm32h7xx_it.o
                0x00000000080e0ba2                SVC_Handler
 .text.DebugMon_Handler
                0x00000000080e0ba4        0x2 ./Core/Src/stm32h7xx_it.o
                0x00000000080e0ba4                DebugMon_Handler
 .text.PendSV_Handler
                0x00000000080e0ba6        0x2 ./Core/Src/stm32h7xx_it.o
                0x00000000080e0ba6                PendSV_Handler
 .text.SysTick_Handler
                0x00000000080e0ba8        0x4 ./Core/Src/stm32h7xx_it.o
                0x00000000080e0ba8                SysTick_Handler
 .text.SystemInit
                0x00000000080e0bac       0xa4 ./Core/Src/system_stm32h7xx.o
                0x00000000080e0bac                SystemInit
 .text.Reset_Handler
                0x00000000080e0c50       0x50 ./Core/Startup/startup_stm32h723zgtx.o
                0x00000000080e0c50                Reset_Handler
 .text.Default_Handler
                0x00000000080e0ca0        0x2 ./Core/Startup/startup_stm32h723zgtx.o
                0x00000000080e0ca0                RTC_Alarm_IRQHandler
                0x00000000080e0ca0                EXTI2_IRQHandler
                0x00000000080e0ca0                TIM8_CC_IRQHandler
                0x00000000080e0ca0                UART8_IRQHandler
                0x00000000080e0ca0                SPI4_IRQHandler
                0x00000000080e0ca0                FDCAN3_IT0_IRQHandler
                0x00000000080e0ca0                TIM1_CC_IRQHandler
                0x00000000080e0ca0                BDMA_Channel6_IRQHandler
                0x00000000080e0ca0                DMA2_Stream5_IRQHandler
                0x00000000080e0ca0                DMA1_Stream5_IRQHandler
                0x00000000080e0ca0                CORDIC_IRQHandler
                0x00000000080e0ca0                BDMA_Channel1_IRQHandler
                0x00000000080e0ca0                TAMP_STAMP_IRQHandler
                0x00000000080e0ca0                EXTI3_IRQHandler
                0x00000000080e0ca0                LPTIM4_IRQHandler
                0x00000000080e0ca0                TIM8_TRG_COM_TIM14_IRQHandler
                0x00000000080e0ca0                LPTIM2_IRQHandler
                0x00000000080e0ca0                DFSDM1_FLT1_IRQHandler
                0x00000000080e0ca0                DMAMUX2_OVR_IRQHandler
                0x00000000080e0ca0                TIM8_UP_TIM13_IRQHandler
                0x00000000080e0ca0                I2C3_ER_IRQHandler
                0x00000000080e0ca0                DFSDM1_FLT2_IRQHandler
                0x00000000080e0ca0                I2C5_EV_IRQHandler
                0x00000000080e0ca0                USART10_IRQHandler
                0x00000000080e0ca0                MDMA_IRQHandler
                0x00000000080e0ca0                LPTIM3_IRQHandler
                0x00000000080e0ca0                HSEM1_IRQHandler
                0x00000000080e0ca0                EXTI0_IRQHandler
                0x00000000080e0ca0                I2C2_EV_IRQHandler
                0x00000000080e0ca0                DMA1_Stream2_IRQHandler
                0x00000000080e0ca0                FPU_IRQHandler
                0x00000000080e0ca0                OTG_HS_WKUP_IRQHandler
                0x00000000080e0ca0                FDCAN1_IT1_IRQHandler
                0x00000000080e0ca0                LTDC_ER_IRQHandler
                0x00000000080e0ca0                DMA2_Stream2_IRQHandler
                0x00000000080e0ca0                SPI1_IRQHandler
                0x00000000080e0ca0                OCTOSPI1_IRQHandler
                0x00000000080e0ca0                TIM6_DAC_IRQHandler
                0x00000000080e0ca0                DMA2_Stream3_IRQHandler
                0x00000000080e0ca0                OCTOSPI2_IRQHandler
                0x00000000080e0ca0                DFSDM1_FLT3_IRQHandler
                0x00000000080e0ca0                TIM23_IRQHandler
                0x00000000080e0ca0                USART6_IRQHandler
                0x00000000080e0ca0                TIM17_IRQHandler
                0x00000000080e0ca0                USART3_IRQHandler
                0x00000000080e0ca0                BDMA_Channel7_IRQHandler
                0x00000000080e0ca0                LPTIM5_IRQHandler
                0x00000000080e0ca0                UART5_IRQHandler
                0x00000000080e0ca0                ADC3_IRQHandler
                0x00000000080e0ca0                DMA2_Stream0_IRQHandler
                0x00000000080e0ca0                TIM4_IRQHandler
                0x00000000080e0ca0                BDMA_Channel2_IRQHandler
                0x00000000080e0ca0                I2C1_EV_IRQHandler
                0x00000000080e0ca0                DMA1_Stream6_IRQHandler
                0x00000000080e0ca0                DMAMUX1_OVR_IRQHandler
                0x00000000080e0ca0                DMA1_Stream1_IRQHandler
                0x00000000080e0ca0                TIM16_IRQHandler
                0x00000000080e0ca0                UART4_IRQHandler
                0x00000000080e0ca0                BDMA_Channel5_IRQHandler
                0x00000000080e0ca0                TIM3_IRQHandler
                0x00000000080e0ca0                RCC_IRQHandler
                0x00000000080e0ca0                UART9_IRQHandler
                0x00000000080e0ca0                TIM8_BRK_TIM12_IRQHandler
                0x00000000080e0ca0                TIM1_TRG_COM_IRQHandler
                0x00000000080e0ca0                Default_Handler
                0x00000000080e0ca0                ECC_IRQHandler
                0x00000000080e0ca0                FMAC_IRQHandler
                0x00000000080e0ca0                CEC_IRQHandler
                0x00000000080e0ca0                EXTI15_10_IRQHandler
                0x00000000080e0ca0                BDMA_Channel0_IRQHandler
                0x00000000080e0ca0                ADC_IRQHandler
                0x00000000080e0ca0                I2C5_ER_IRQHandler
                0x00000000080e0ca0                DMA1_Stream7_IRQHandler
                0x00000000080e0ca0                SPI5_IRQHandler
                0x00000000080e0ca0                TIM7_IRQHandler
                0x00000000080e0ca0                FDCAN3_IT1_IRQHandler
                0x00000000080e0ca0                SDMMC1_IRQHandler
                0x00000000080e0ca0                TIM5_IRQHandler
                0x00000000080e0ca0                DMA2_Stream7_IRQHandler
                0x00000000080e0ca0                TIM15_IRQHandler
                0x00000000080e0ca0                PVD_AVD_IRQHandler
                0x00000000080e0ca0                I2C3_EV_IRQHandler
                0x00000000080e0ca0                EXTI9_5_IRQHandler
                0x00000000080e0ca0                RTC_WKUP_IRQHandler
                0x00000000080e0ca0                LTDC_IRQHandler
                0x00000000080e0ca0                ETH_WKUP_IRQHandler
                0x00000000080e0ca0                SPDIF_RX_IRQHandler
                0x00000000080e0ca0                SPI2_IRQHandler
                0x00000000080e0ca0                OTG_HS_EP1_IN_IRQHandler
                0x00000000080e0ca0                DMA1_Stream0_IRQHandler
                0x00000000080e0ca0                TIM24_IRQHandler
                0x00000000080e0ca0                CRS_IRQHandler
                0x00000000080e0ca0                EXTI4_IRQHandler
                0x00000000080e0ca0                RNG_IRQHandler
                0x00000000080e0ca0                FDCAN2_IT1_IRQHandler
                0x00000000080e0ca0                ETH_IRQHandler
                0x00000000080e0ca0                TIM1_UP_IRQHandler
                0x00000000080e0ca0                BDMA_Channel4_IRQHandler
                0x00000000080e0ca0                OTG_HS_EP1_OUT_IRQHandler
                0x00000000080e0ca0                WWDG_IRQHandler
                0x00000000080e0ca0                SPI6_IRQHandler
                0x00000000080e0ca0                MDIOS_IRQHandler
                0x00000000080e0ca0                I2C4_EV_IRQHandler
                0x00000000080e0ca0                FDCAN2_IT0_IRQHandler
                0x00000000080e0ca0                LPUART1_IRQHandler
                0x00000000080e0ca0                FDCAN1_IT0_IRQHandler
                0x00000000080e0ca0                TIM2_IRQHandler
                0x00000000080e0ca0                OTG_HS_IRQHandler
                0x00000000080e0ca0                DMA2D_IRQHandler
                0x00000000080e0ca0                TIM1_BRK_IRQHandler
                0x00000000080e0ca0                EXTI1_IRQHandler
                0x00000000080e0ca0                SDMMC2_IRQHandler
                0x00000000080e0ca0                BDMA_Channel3_IRQHandler
                0x00000000080e0ca0                DTS_IRQHandler
                0x00000000080e0ca0                UART7_IRQHandler
                0x00000000080e0ca0                MDIOS_WKUP_IRQHandler
                0x00000000080e0ca0                USART2_IRQHandler
                0x00000000080e0ca0                DFSDM1_FLT0_IRQHandler
                0x00000000080e0ca0                SAI4_IRQHandler
                0x00000000080e0ca0                I2C2_ER_IRQHandler
                0x00000000080e0ca0                DMA2_Stream1_IRQHandler
                0x00000000080e0ca0                FLASH_IRQHandler
                0x00000000080e0ca0                DMA2_Stream4_IRQHandler
                0x00000000080e0ca0                USART1_IRQHandler
                0x00000000080e0ca0                SPI3_IRQHandler
                0x00000000080e0ca0                WAKEUP_PIN_IRQHandler
                0x00000000080e0ca0                DMA1_Stream4_IRQHandler
                0x00000000080e0ca0                I2C1_ER_IRQHandler
                0x00000000080e0ca0                FMC_IRQHandler
                0x00000000080e0ca0                FDCAN_CAL_IRQHandler
                0x00000000080e0ca0                SWPMI1_IRQHandler
                0x00000000080e0ca0                COMP1_IRQHandler
                0x00000000080e0ca0                LPTIM1_IRQHandler
                0x00000000080e0ca0                DCMI_PSSI_IRQHandler
                0x00000000080e0ca0                I2C4_ER_IRQHandler
                0x00000000080e0ca0                DMA2_Stream6_IRQHandler
                0x00000000080e0ca0                SAI1_IRQHandler
                0x00000000080e0ca0                DMA1_Stream3_IRQHandler
 *fill*         0x00000000080e0ca2        0x2 
 .text.HAL_InitTick
                0x00000000080e0ca4       0x4c ./Drivers/STM32H7xx_HAL_Driver/Src/stm32h7xx_hal.o
                0x00000000080e0ca4                HAL_InitTick
 .text.HAL_Init
                0x00000000080e0cf0       0x5c ./Drivers/STM32H7xx_HAL_Driver/Src/stm32h7xx_hal.o
                0x00000000080e0cf0                HAL_Init
 .text.HAL_IncTick
                0x00000000080e0d4c       0x18 ./Drivers/STM32H7xx_HAL_Driver/Src/stm32h7xx_hal.o
                0x00000000080e0d4c                HAL_IncTick
 .text.HAL_GetTick
                0x00000000080e0d64        0xc ./Drivers/STM32H7xx_HAL_Driver/Src/stm32h7xx_hal.o
                0x00000000080e0d64                HAL_GetTick
 .text.HAL_NVIC_SetPriorityGrouping
                0x00000000080e0d70       0x24 ./Drivers/STM32H7xx_HAL_Driver/Src/stm32h7xx_hal_cortex.o
                0x00000000080e0d70                HAL_NVIC_SetPriorityGrouping
 .text.HAL_NVIC_SetPriority
                0x00000000080e0d94       0x64 ./Drivers/STM32H7xx_HAL_Driver/Src/stm32h7xx_hal_cortex.o
                0x00000000080e0d94                HAL_NVIC_SetPriority
 .text.HAL_SYSTICK_Config
                0x00000000080e0df8       0x28 ./Drivers/STM32H7xx_HAL_Driver/Src/stm32h7xx_hal_cortex.o
                0x00000000080e0df8                HAL_SYSTICK_Config
 .text.FDCAN_CopyMessageToRAM
                0x00000000080e0e20       0x7c ./Drivers/STM32H7xx_HAL_Driver/Src/stm32h7xx_hal_fdcan.o
 .text.HAL_FDCAN_Init
                0x00000000080e0e9c      0x3d4 ./Drivers/STM32H7xx_HAL_Driver/Src/stm32h7xx_hal_fdcan.o
                0x00000000080e0e9c                HAL_FDCAN_Init
 .text.HAL_FDCAN_Start
                0x00000000080e1270       0x32 ./Drivers/STM32H7xx_HAL_Driver/Src/stm32h7xx_hal_fdcan.o
                0x00000000080e1270                HAL_FDCAN_Start
 .text.HAL_FDCAN_AddMessageToTxFifoQ
                0x00000000080e12a2       0x66 ./Drivers/STM32H7xx_HAL_Driver/Src/stm32h7xx_hal_fdcan.o
                0x00000000080e12a2                HAL_FDCAN_AddMessageToTxFifoQ
 .text.HAL_FDCAN_GetRxMessage
                0x00000000080e1308      0x16c ./Drivers/STM32H7xx_HAL_Driver/Src/stm32h7xx_hal_fdcan.o
                0x00000000080e1308                HAL_FDCAN_GetRxMessage
 .text.HAL_FDCAN_ActivateNotification
                0x00000000080e1474       0x7c ./Drivers/STM32H7xx_HAL_Driver/Src/stm32h7xx_hal_fdcan.o
                0x00000000080e1474                HAL_FDCAN_ActivateNotification
 .text.HAL_FLASH_Unlock
                0x00000000080e14f0       0x24 ./Drivers/STM32H7xx_HAL_Driver/Src/stm32h7xx_hal_flash.o
                0x00000000080e14f0                HAL_FLASH_Unlock
 .text.HAL_FLASH_Lock
                0x00000000080e1514       0x18 ./Drivers/STM32H7xx_HAL_Driver/Src/stm32h7xx_hal_flash.o
                0x00000000080e1514                HAL_FLASH_Lock
 .text.FLASH_WaitForLastOperation
                0x00000000080e152c       0x68 ./Drivers/STM32H7xx_HAL_Driver/Src/stm32h7xx_hal_flash.o
                0x00000000080e152c                FLASH_WaitForLastOperation
 .text.HAL_FLASH_Program
                0x00000000080e1594       0x78 ./Drivers/STM32H7xx_HAL_Driver/Src/stm32h7xx_hal_flash.o
                0x00000000080e1594                HAL_FLASH_Program
 .text.FLASH_MassErase
                0x00000000080e160c       0x24 ./Drivers/STM32H7xx_HAL_Driver/Src/stm32h7xx_hal_flash_ex.o
 .text.FLASH_Erase_Sector
                0x00000000080e1630       0x24 ./Drivers/STM32H7xx_HAL_Driver/Src/stm32h7xx_hal_flash_ex.o
                0x00000000080e1630                FLASH_Erase_Sector
 .text.HAL_FLASHEx_Erase
                0x00000000080e1654       0xc4 ./Drivers/STM32H7xx_HAL_Driver/Src/stm32h7xx_hal_flash_ex.o
                0x00000000080e1654                HAL_FLASHEx_Erase
 .text.HAL_GPIO_Init
                0x00000000080e1718      0x1cc ./Drivers/STM32H7xx_HAL_Driver/Src/stm32h7xx_hal_gpio.o
                0x00000000080e1718                HAL_GPIO_Init
 .text.HAL_GPIO_WritePin
                0x00000000080e18e4        0xa ./Drivers/STM32H7xx_HAL_Driver/Src/stm32h7xx_hal_gpio.o
                0x00000000080e18e4                HAL_GPIO_WritePin
 .text.HAL_GPIO_TogglePin
                0x00000000080e18ee       0x12 ./Drivers/STM32H7xx_HAL_Driver/Src/stm32h7xx_hal_gpio.o
                0x00000000080e18ee                HAL_GPIO_TogglePin
 .text.HAL_PWREx_ConfigSupply
                0x00000000080e1900       0x48 ./Drivers/STM32H7xx_HAL_Driver/Src/stm32h7xx_hal_pwr_ex.o
                0x00000000080e1900                HAL_PWREx_ConfigSupply
 .text.HAL_RCC_OscConfig
                0x00000000080e1948      0x4c0 ./Drivers/STM32H7xx_HAL_Driver/Src/stm32h7xx_hal_rcc.o
                0x00000000080e1948                HAL_RCC_OscConfig
 .text.HAL_RCC_GetSysClockFreq
                0x00000000080e1e08      0x140 ./Drivers/STM32H7xx_HAL_Driver/Src/stm32h7xx_hal_rcc.o
                0x00000000080e1e08                HAL_RCC_GetSysClockFreq
 .text.HAL_RCC_ClockConfig
                0x00000000080e1f48      0x24c ./Drivers/STM32H7xx_HAL_Driver/Src/stm32h7xx_hal_rcc.o
                0x00000000080e1f48                HAL_RCC_ClockConfig
 .text.RCCEx_PLL2_Config
                0x00000000080e2194       0xf0 ./Drivers/STM32H7xx_HAL_Driver/Src/stm32h7xx_hal_rcc_ex.o
 .text.RCCEx_PLL3_Config
                0x00000000080e2284       0xf0 ./Drivers/STM32H7xx_HAL_Driver/Src/stm32h7xx_hal_rcc_ex.o
 .text.HAL_RCCEx_PeriphCLKConfig
                0x00000000080e2374      0x8f0 ./Drivers/STM32H7xx_HAL_Driver/Src/stm32h7xx_hal_rcc_ex.o
                0x00000000080e2374                HAL_RCCEx_PeriphCLKConfig
 .text.HAL_TIM_Base_Start
                0x00000000080e2c64       0x84 ./Drivers/STM32H7xx_HAL_Driver/Src/stm32h7xx_hal_tim.o
                0x00000000080e2c64                HAL_TIM_Base_Start
 .text.TIM_Base_SetConfig
                0x00000000080e2ce8       0xdc ./Drivers/STM32H7xx_HAL_Driver/Src/stm32h7xx_hal_tim.o
                0x00000000080e2ce8                TIM_Base_SetConfig
 .text.HAL_TIM_Base_Init
                0x00000000080e2dc4       0x60 ./Drivers/STM32H7xx_HAL_Driver/Src/stm32h7xx_hal_tim.o
                0x00000000080e2dc4                HAL_TIM_Base_Init
 .text.TIM_ETR_SetConfig
                0x00000000080e2e24       0x14 ./Drivers/STM32H7xx_HAL_Driver/Src/stm32h7xx_hal_tim.o
                0x00000000080e2e24                TIM_ETR_SetConfig
 .text.HAL_TIM_ConfigClockSource
                0x00000000080e2e38      0x180 ./Drivers/STM32H7xx_HAL_Driver/Src/stm32h7xx_hal_tim.o
                0x00000000080e2e38                HAL_TIM_ConfigClockSource
 .text.HAL_TIMEx_MasterConfigSynchronization
                0x00000000080e2fb8       0xa4 ./Drivers/STM32H7xx_HAL_Driver/Src/stm32h7xx_hal_tim_ex.o
                0x00000000080e2fb8                HAL_TIMEx_MasterConfigSynchronization
 .text.__libc_init_array
                0x00000000080e305c       0x48 /app/stm32cubeide/plugins/com.st.stm32cube.ide.mcu.externaltools.gnu-tools-for-stm32.10.3-2021.10.linux64_1.0.200.202301161003/tools/bin/../lib/gcc/arm-none-eabi/10.3.1/../../../../arm-none-eabi/lib/thumb/v7e-m+dp/hard/libc_nano.a(lib_a-init.o)
                0x00000000080e305c                __libc_init_array
 .text.memcpy   0x00000000080e30a4       0x1c /app/stm32cubeide/plugins/com.st.stm32cube.ide.mcu.externaltools.gnu-tools-for-stm32.10.3-2021.10.linux64_1.0.200.202301161003/tools/bin/../lib/gcc/arm-none-eabi/10.3.1/../../../../arm-none-eabi/lib/thumb/v7e-m+dp/hard/libc_nano.a(lib_a-memcpy-stub.o)
                0x00000000080e30a4                memcpy
 .text.memset   0x00000000080e30c0       0x10 /app/stm32cubeide/plugins/com.st.stm32cube.ide.mcu.externaltools.gnu-tools-for-stm32.10.3-2021.10.linux64_1.0.200.202301161003/tools/bin/../lib/gcc/arm-none-eabi/10.3.1/../../../../arm-none-eabi/lib/thumb/v7e-m+dp/hard/libc_nano.a(lib_a-memset.o)
                0x00000000080e30c0                memset
 *(.glue_7)
 .glue_7        0x00000000080e30d0        0x0 linker stubs
 *(.glue_7t)
 .glue_7t       0x00000000080e30d0        0x0 linker stubs
 *(.eh_frame)
 .eh_frame      0x00000000080e30d0        0x0 /app/stm32cubeide/plugins/com.st.stm32cube.ide.mcu.externaltools.gnu-tools-for-stm32.10.3-2021.10.linux64_1.0.200.202301161003/tools/bin/../lib/gcc/arm-none-eabi/10.3.1/thumb/v7e-m+dp/hard/crtbegin.o
 *(.init)
 .init          0x00000000080e30d0        0x4 /app/stm32cubeide/plugins/com.st.stm32cube.ide.mcu.externaltools.gnu-tools-for-stm32.10.3-2021.10.linux64_1.0.200.202301161003/tools/bin/../lib/gcc/arm-none-eabi/10.3.1/thumb/v7e-m+dp/hard/crti.o
                0x00000000080e30d0                _init
 .init          0x00000000080e30d4        0x8 /app/stm32cubeide/plugins/com.st.stm32cube.ide.mcu.externaltools.gnu-tools-for-stm32.10.3-2021.10.linux64_1.0.200.202301161003/tools/bin/../lib/gcc/arm-none-eabi/10.3.1/thumb/v7e-m+dp/hard/crtn.o
 *(.fini)
 .fini          0x00000000080e30dc        0x4 /app/stm32cubeide/plugins/com.st.stm32cube.ide.mcu.externaltools.gnu-tools-for-stm32.10.3-2021.10.linux64_1.0.200.202301161003/tools/bin/../lib/gcc/arm-none-eabi/10.3.1/thumb/v7e-m+dp/hard/crti.o
                0x00000000080e30dc                _fini
 .fini          0x00000000080e30e0        0x8 /app/stm32cubeide/plugins/com.st.stm32cube.ide.mcu.externaltools.gnu-tools-for-stm32.10.3-2021.10.linux64_1.0.200.202301161003/tools/bin/../lib/gcc/arm-none-eabi/10.3.1/thumb/v7e-m+dp/hard/crtn.o
                0x00000000080e30e8                . = ALIGN (0x4)
                0x00000000080e30e8                _etext = .

.vfp11_veneer   0x00000000080e30e8        0x0
 .vfp11_veneer  0x00000000080e30e8        0x0 linker stubs

.v4_bx          0x00000000080e30e8        0x0
 .v4_bx         0x00000000080e30e8        0x0 linker stubs

.iplt           0x00000000080e30e8        0x0
 .iplt          0x00000000080e30e8        0x0 /app/stm32cubeide/plugins/com.st.stm32cube.ide.mcu.externaltools.gnu-tools-for-stm32.10.3-2021.10.linux64_1.0.200.202301161003/tools/bin/../lib/gcc/arm-none-eabi/10.3.1/thumb/v7e-m+dp/hard/crtbegin.o

.rodata         0x00000000080e30e8       0x6c
                0x00000000080e30e8                . = ALIGN (0x4)
 *(.rodata)
 .rodata        0x00000000080e30e8       0x4c ./Drivers/STM32H7xx_HAL_Driver/Src/stm32h7xx_hal_fdcan.o
 *(.rodata*)
 .rodata.D1CorePrescTable
                0x00000000080e3134       0x10 ./Core/Src/system_stm32h7xx.o
                0x00000000080e3134                D1CorePrescTable
 .rodata.DLCtoBytes
                0x00000000080e3144       0x10 ./Drivers/STM32H7xx_HAL_Driver/Src/stm32h7xx_hal_fdcan.o
                0x00000000080e3154                . = ALIGN (0x4)

.rel.dyn        0x00000000080e3154        0x0
 .rel.iplt      0x00000000080e3154        0x0 /app/stm32cubeide/plugins/com.st.stm32cube.ide.mcu.externaltools.gnu-tools-for-stm32.10.3-2021.10.linux64_1.0.200.202301161003/tools/bin/../lib/gcc/arm-none-eabi/10.3.1/thumb/v7e-m+dp/hard/crtbegin.o

.ARM.extab
 *(.ARM.extab* .gnu.linkonce.armextab.*)

.ARM            0x00000000080e3154        0x0
                0x00000000080e3154                __exidx_start = .
 *(.ARM.exidx*)
                0x00000000080e3154                __exidx_end = .

.preinit_array  0x00000000080e3154        0x0
                0x00000000080e3154                PROVIDE (__preinit_array_start = .)
 *(.preinit_array*)
                0x00000000080e3154                PROVIDE (__preinit_array_end = .)

.init_array     0x00000000080e3154        0x4
                0x00000000080e3154                PROVIDE (__init_array_start = .)
 *(SORT_BY_NAME(.init_array.*))
 *(.init_array*)
 .init_array    0x00000000080e3154        0x4 /app/stm32cubeide/plugins/com.st.stm32cube.ide.mcu.externaltools.gnu-tools-for-stm32.10.3-2021.10.linux64_1.0.200.202301161003/tools/bin/../lib/gcc/arm-none-eabi/10.3.1/thumb/v7e-m+dp/hard/crtbegin.o
                0x00000000080e3158                PROVIDE (__init_array_end = .)

.fini_array     0x00000000080e3158        0x4
                [!provide]                        PROVIDE (__fini_array_start = .)
 *(SORT_BY_NAME(.fini_array.*))
 *(.fini_array*)
 .fini_array    0x00000000080e3158        0x4 /app/stm32cubeide/plugins/com.st.stm32cube.ide.mcu.externaltools.gnu-tools-for-stm32.10.3-2021.10.linux64_1.0.200.202301161003/tools/bin/../lib/gcc/arm-none-eabi/10.3.1/thumb/v7e-m+dp/hard/crtbegin.o
                [!provide]                        PROVIDE (__fini_array_end = .)
                0x00000000080e315c                _sidata = LOADADDR (.data)

.data           0x0000000024000000       0x10 load address 0x00000000080e315c
                0x0000000024000000                . = ALIGN (0x4)
                0x0000000024000000                _sdata = .
 *(.data)
 *(.data*)
 .data.SystemCoreClock
                0x0000000024000000        0x4 ./Core/Src/system_stm32h7xx.o
                0x0000000024000000                SystemCoreClock
 .data.SystemD2Clock
                0x0000000024000004        0x4 ./Core/Src/system_stm32h7xx.o
                0x0000000024000004                SystemD2Clock
 .data.uwTickFreq
                0x0000000024000008        0x1 ./Drivers/STM32H7xx_HAL_Driver/Src/stm32h7xx_hal.o
                0x0000000024000008                uwTickFreq
 *fill*         0x0000000024000009        0x3 
 .data.uwTickPrio
                0x000000002400000c        0x4 ./Drivers/STM32H7xx_HAL_Driver/Src/stm32h7xx_hal.o
                0x000000002400000c                uwTickPrio
 *(.RamFunc)
 *(.RamFunc*)
                0x0000000024000010                . = ALIGN (0x4)
                0x0000000024000010                _edata = .

.igot.plt       0x0000000024000010        0x0 load address 0x00000000080e316c
 .igot.plt      0x0000000024000010        0x0 /app/stm32cubeide/plugins/com.st.stm32cube.ide.mcu.externaltools.gnu-tools-for-stm32.10.3-2021.10.linux64_1.0.200.202301161003/tools/bin/../lib/gcc/arm-none-eabi/10.3.1/thumb/v7e-m+dp/hard/crtbegin.o
                0x0000000024000010                . = ALIGN (0x4)

.bss            0x0000000024000010      0x188 load address 0x00000000080e316c
                0x0000000024000010                _sbss = .
                0x0000000024000010                __bss_start__ = _sbss
 *(.bss)
 .bss           0x0000000024000010       0x1c /app/stm32cubeide/plugins/com.st.stm32cube.ide.mcu.externaltools.gnu-tools-for-stm32.10.3-2021.10.linux64_1.0.200.202301161003/tools/bin/../lib/gcc/arm-none-eabi/10.3.1/thumb/v7e-m+dp/hard/crtbegin.o
 *(.bss*)
 .bss.rx_header_buffer
                0x000000002400002c       0x28 ./Core/App/FDCAN.o
                0x000000002400002c                rx_header_buffer
 .bss.tx_header
                0x0000000024000054       0x24 ./Core/App/FDCAN.o
                0x0000000024000054                tx_header
 .bss.EraseInitStruct.0
                0x0000000024000078       0x14 ./Core/App/Flash.o
 .bss.hfdcan1   0x000000002400008c       0xa0 ./Core/Src/main.o
                0x000000002400008c                hfdcan1
 .bss.htim23    0x000000002400012c       0x4c ./Core/Src/main.o
                0x000000002400012c                htim23
 .bss.uwTick    0x0000000024000178        0x4 ./Drivers/STM32H7xx_HAL_Driver/Src/stm32h7xx_hal.o
                0x0000000024000178                uwTick
 .bss.pFlash    0x000000002400017c       0x1c ./Drivers/STM32H7xx_HAL_Driver/Src/stm32h7xx_hal_flash.o
                0x000000002400017c                pFlash
 *(COMMON)
                0x0000000024000198                . = ALIGN (0x4)
                0x0000000024000198                _ebss = .
                0x0000000024000198                __bss_end__ = _ebss

._user_heap_stack
                0x0000000024000198      0x600 load address 0x00000000080e316c
                0x0000000024000198                . = ALIGN (0x8)
                [!provide]                        PROVIDE (end = .)
                0x0000000024000198                PROVIDE (_end = .)
                0x0000000024000398                . = (. + _Min_Heap_Size)
 *fill*         0x0000000024000198      0x200 
                0x0000000024000798                . = (. + _Min_Stack_Size)
 *fill*         0x0000000024000398      0x400 
                0x0000000024000798                . = ALIGN (0x8)

/DISCARD/
 libc.a(*)
 libm.a(*)
 libgcc.a(*)

.ARM.attributes
                0x0000000000000000       0x2e
 *(.ARM.attributes)
 .ARM.attributes
                0x0000000000000000       0x1e /app/stm32cubeide/plugins/com.st.stm32cube.ide.mcu.externaltools.gnu-tools-for-stm32.10.3-2021.10.linux64_1.0.200.202301161003/tools/bin/../lib/gcc/arm-none-eabi/10.3.1/thumb/v7e-m+dp/hard/crti.o
 .ARM.attributes
                0x000000000000001e       0x32 /app/stm32cubeide/plugins/com.st.stm32cube.ide.mcu.externaltools.gnu-tools-for-stm32.10.3-2021.10.linux64_1.0.200.202301161003/tools/bin/../lib/gcc/arm-none-eabi/10.3.1/thumb/v7e-m+dp/hard/crtbegin.o
 .ARM.attributes
                0x0000000000000050       0x32 ./Core/App/Bootloader.o
 .ARM.attributes
                0x0000000000000082       0x32 ./Core/App/FDCAN.o
 .ARM.attributes
                0x00000000000000b4       0x32 ./Core/App/Flash.o
 .ARM.attributes
                0x00000000000000e6       0x32 ./Core/Src/main.o
 .ARM.attributes
                0x0000000000000118       0x32 ./Core/Src/stm32h7xx_hal_msp.o
 .ARM.attributes
                0x000000000000014a       0x32 ./Core/Src/stm32h7xx_it.o
 .ARM.attributes
                0x000000000000017c       0x32 ./Core/Src/system_stm32h7xx.o
 .ARM.attributes
                0x00000000000001ae       0x21 ./Core/Startup/startup_stm32h723zgtx.o
 .ARM.attributes
                0x00000000000001cf       0x32 ./Drivers/STM32H7xx_HAL_Driver/Src/stm32h7xx_hal.o
 .ARM.attributes
                0x0000000000000201       0x32 ./Drivers/STM32H7xx_HAL_Driver/Src/stm32h7xx_hal_cortex.o
 .ARM.attributes
                0x0000000000000233       0x32 ./Drivers/STM32H7xx_HAL_Driver/Src/stm32h7xx_hal_fdcan.o
 .ARM.attributes
                0x0000000000000265       0x32 ./Drivers/STM32H7xx_HAL_Driver/Src/stm32h7xx_hal_flash.o
 .ARM.attributes
                0x0000000000000297       0x32 ./Drivers/STM32H7xx_HAL_Driver/Src/stm32h7xx_hal_flash_ex.o
 .ARM.attributes
                0x00000000000002c9       0x32 ./Drivers/STM32H7xx_HAL_Driver/Src/stm32h7xx_hal_gpio.o
 .ARM.attributes
                0x00000000000002fb       0x32 ./Drivers/STM32H7xx_HAL_Driver/Src/stm32h7xx_hal_pwr_ex.o
 .ARM.attributes
                0x000000000000032d       0x32 ./Drivers/STM32H7xx_HAL_Driver/Src/stm32h7xx_hal_rcc.o
 .ARM.attributes
                0x000000000000035f       0x32 ./Drivers/STM32H7xx_HAL_Driver/Src/stm32h7xx_hal_rcc_ex.o
 .ARM.attributes
                0x0000000000000391       0x32 ./Drivers/STM32H7xx_HAL_Driver/Src/stm32h7xx_hal_tim.o
 .ARM.attributes
                0x00000000000003c3       0x32 ./Drivers/STM32H7xx_HAL_Driver/Src/stm32h7xx_hal_tim_ex.o
 .ARM.attributes
                0x00000000000003f5       0x32 /app/stm32cubeide/plugins/com.st.stm32cube.ide.mcu.externaltools.gnu-tools-for-stm32.10.3-2021.10.linux64_1.0.200.202301161003/tools/bin/../lib/gcc/arm-none-eabi/10.3.1/../../../../arm-none-eabi/lib/thumb/v7e-m+dp/hard/libc_nano.a(lib_a-init.o)
 .ARM.attributes
                0x0000000000000427       0x32 /app/stm32cubeide/plugins/com.st.stm32cube.ide.mcu.externaltools.gnu-tools-for-stm32.10.3-2021.10.linux64_1.0.200.202301161003/tools/bin/../lib/gcc/arm-none-eabi/10.3.1/../../../../arm-none-eabi/lib/thumb/v7e-m+dp/hard/libc_nano.a(lib_a-memcpy-stub.o)
 .ARM.attributes
                0x0000000000000459       0x32 /app/stm32cubeide/plugins/com.st.stm32cube.ide.mcu.externaltools.gnu-tools-for-stm32.10.3-2021.10.linux64_1.0.200.202301161003/tools/bin/../lib/gcc/arm-none-eabi/10.3.1/../../../../arm-none-eabi/lib/thumb/v7e-m+dp/hard/libc_nano.a(lib_a-memset.o)
 .ARM.attributes
                0x000000000000048b       0x1e /app/stm32cubeide/plugins/com.st.stm32cube.ide.mcu.externaltools.gnu-tools-for-stm32.10.3-2021.10.linux64_1.0.200.202301161003/tools/bin/../lib/gcc/arm-none-eabi/10.3.1/thumb/v7e-m+dp/hard/crtn.o
OUTPUT(HUPV-Bootloader.elf elf32-littlearm)
LOAD linker stubs
LOAD /app/stm32cubeide/plugins/com.st.stm32cube.ide.mcu.externaltools.gnu-tools-for-stm32.10.3-2021.10.linux64_1.0.200.202301161003/tools/bin/../lib/gcc/arm-none-eabi/10.3.1/../../../../arm-none-eabi/lib/thumb/v7e-m+dp/hard/libc.a
LOAD /app/stm32cubeide/plugins/com.st.stm32cube.ide.mcu.externaltools.gnu-tools-for-stm32.10.3-2021.10.linux64_1.0.200.202301161003/tools/bin/../lib/gcc/arm-none-eabi/10.3.1/../../../../arm-none-eabi/lib/thumb/v7e-m+dp/hard/libm.a
LOAD /app/stm32cubeide/plugins/com.st.stm32cube.ide.mcu.externaltools.gnu-tools-for-stm32.10.3-2021.10.linux64_1.0.200.202301161003/tools/bin/../lib/gcc/arm-none-eabi/10.3.1/thumb/v7e-m+dp/hard/libgcc.a

.comment        0x0000000000000000       0x50
 .comment       0x0000000000000000       0x50 ./Core/App/Bootloader.o
                                         0x51 (size before relaxing)
 .comment       0x0000000000000050       0x51 ./Core/App/FDCAN.o
 .comment       0x0000000000000050       0x51 ./Core/App/Flash.o
 .comment       0x0000000000000050       0x51 ./Core/Src/main.o
 .comment       0x0000000000000050       0x51 ./Core/Src/stm32h7xx_hal_msp.o
 .comment       0x0000000000000050       0x51 ./Core/Src/stm32h7xx_it.o
 .comment       0x0000000000000050       0x51 ./Core/Src/system_stm32h7xx.o
 .comment       0x0000000000000050       0x51 ./Drivers/STM32H7xx_HAL_Driver/Src/stm32h7xx_hal.o
 .comment       0x0000000000000050       0x51 ./Drivers/STM32H7xx_HAL_Driver/Src/stm32h7xx_hal_cortex.o
 .comment       0x0000000000000050       0x51 ./Drivers/STM32H7xx_HAL_Driver/Src/stm32h7xx_hal_fdcan.o
 .comment       0x0000000000000050       0x51 ./Drivers/STM32H7xx_HAL_Driver/Src/stm32h7xx_hal_flash.o
 .comment       0x0000000000000050       0x51 ./Drivers/STM32H7xx_HAL_Driver/Src/stm32h7xx_hal_flash_ex.o
 .comment       0x0000000000000050       0x51 ./Drivers/STM32H7xx_HAL_Driver/Src/stm32h7xx_hal_gpio.o
 .comment       0x0000000000000050       0x51 ./Drivers/STM32H7xx_HAL_Driver/Src/stm32h7xx_hal_pwr_ex.o
 .comment       0x0000000000000050       0x51 ./Drivers/STM32H7xx_HAL_Driver/Src/stm32h7xx_hal_rcc.o
 .comment       0x0000000000000050       0x51 ./Drivers/STM32H7xx_HAL_Driver/Src/stm32h7xx_hal_rcc_ex.o
 .comment       0x0000000000000050       0x51 ./Drivers/STM32H7xx_HAL_Driver/Src/stm32h7xx_hal_tim.o
 .comment       0x0000000000000050       0x51 ./Drivers/STM32H7xx_HAL_Driver/Src/stm32h7xx_hal_tim_ex.o

.debug_frame    0x0000000000000000       0x74
 .debug_frame   0x0000000000000000       0x2c /app/stm32cubeide/plugins/com.st.stm32cube.ide.mcu.externaltools.gnu-tools-for-stm32.10.3-2021.10.linux64_1.0.200.202301161003/tools/bin/../lib/gcc/arm-none-eabi/10.3.1/../../../../arm-none-eabi/lib/thumb/v7e-m+dp/hard/libc_nano.a(lib_a-init.o)
 .debug_frame   0x000000000000002c       0x28 /app/stm32cubeide/plugins/com.st.stm32cube.ide.mcu.externaltools.gnu-tools-for-stm32.10.3-2021.10.linux64_1.0.200.202301161003/tools/bin/../lib/gcc/arm-none-eabi/10.3.1/../../../../arm-none-eabi/lib/thumb/v7e-m+dp/hard/libc_nano.a(lib_a-memcpy-stub.o)
 .debug_frame   0x0000000000000054       0x20 /app/stm32cubeide/plugins/com.st.stm32cube.ide.mcu.externaltools.gnu-tools-for-stm32.10.3-2021.10.linux64_1.0.200.202301161003/tools/bin/../lib/gcc/arm-none-eabi/10.3.1/../../../../arm-none-eabi/lib/thumb/v7e-m+dp/hard/libc_nano.a(lib_a-memset.o)
